Archive member included because of file (symbol)

/usr/lib/gcc/arm-none-eabi/4.8.2/../../../arm-none-eabi/lib/armv7-m/libg.a(lib_a-atexit.o)
                              /usr/lib/gcc/arm-none-eabi/4.8.2/../../../arm-none-eabi/lib/armv7-m/crt0.o (atexit)
/usr/lib/gcc/arm-none-eabi/4.8.2/../../../arm-none-eabi/lib/armv7-m/libg.a(lib_a-exit.o)
                              /usr/lib/gcc/arm-none-eabi/4.8.2/../../../arm-none-eabi/lib/armv7-m/crt0.o (exit)
/usr/lib/gcc/arm-none-eabi/4.8.2/../../../arm-none-eabi/lib/armv7-m/libg.a(lib_a-fini.o)
                              /usr/lib/gcc/arm-none-eabi/4.8.2/../../../arm-none-eabi/lib/armv7-m/crt0.o (__libc_fini_array)
/usr/lib/gcc/arm-none-eabi/4.8.2/../../../arm-none-eabi/lib/armv7-m/libg.a(lib_a-impure.o)
                              /usr/lib/gcc/arm-none-eabi/4.8.2/../../../arm-none-eabi/lib/armv7-m/libg.a(lib_a-exit.o) (_global_impure_ptr)
/usr/lib/gcc/arm-none-eabi/4.8.2/../../../arm-none-eabi/lib/armv7-m/libg.a(lib_a-init.o)
                              /usr/lib/gcc/arm-none-eabi/4.8.2/../../../arm-none-eabi/lib/armv7-m/crt0.o (__libc_init_array)
/usr/lib/gcc/arm-none-eabi/4.8.2/../../../arm-none-eabi/lib/armv7-m/libg.a(lib_a-memcpy.o)
                              /tmp/ccDwS2iX.o (memcpy)
/usr/lib/gcc/arm-none-eabi/4.8.2/../../../arm-none-eabi/lib/armv7-m/libg.a(lib_a-memset.o)
                              /usr/lib/gcc/arm-none-eabi/4.8.2/../../../arm-none-eabi/lib/armv7-m/crt0.o (memset)
/usr/lib/gcc/arm-none-eabi/4.8.2/../../../arm-none-eabi/lib/armv7-m/libg.a(lib_a-snprintf.o)
                              /tmp/ccSnjpBa.o (snprintf)
/usr/lib/gcc/arm-none-eabi/4.8.2/../../../arm-none-eabi/lib/armv7-m/libg.a(lib_a-svfprintf.o)
                              /usr/lib/gcc/arm-none-eabi/4.8.2/../../../arm-none-eabi/lib/armv7-m/libg.a(lib_a-snprintf.o) (_svfprintf_r)
/usr/lib/gcc/arm-none-eabi/4.8.2/../../../arm-none-eabi/lib/armv7-m/libg.a(lib_a-__atexit.o)
                              /usr/lib/gcc/arm-none-eabi/4.8.2/../../../arm-none-eabi/lib/armv7-m/libg.a(lib_a-atexit.o) (__register_exitproc)
/usr/lib/gcc/arm-none-eabi/4.8.2/../../../arm-none-eabi/lib/armv7-m/libg.a(lib_a-__call_atexit.o)
                              /usr/lib/gcc/arm-none-eabi/4.8.2/../../../arm-none-eabi/lib/armv7-m/libg.a(lib_a-exit.o) (__call_exitprocs)
/usr/lib/gcc/arm-none-eabi/4.8.2/../../../arm-none-eabi/lib/armv7-m/libg.a(lib_a-dtoa.o)
                              /usr/lib/gcc/arm-none-eabi/4.8.2/../../../arm-none-eabi/lib/armv7-m/libg.a(lib_a-svfprintf.o) (_dtoa_r)
/usr/lib/gcc/arm-none-eabi/4.8.2/../../../arm-none-eabi/lib/armv7-m/libg.a(lib_a-locale.o)
                              /usr/lib/gcc/arm-none-eabi/4.8.2/../../../arm-none-eabi/lib/armv7-m/libg.a(lib_a-svfprintf.o) (_localeconv_r)
/usr/lib/gcc/arm-none-eabi/4.8.2/../../../arm-none-eabi/lib/armv7-m/libg.a(lib_a-mallocr.o)
                              /usr/lib/gcc/arm-none-eabi/4.8.2/../../../arm-none-eabi/lib/armv7-m/libg.a(lib_a-svfprintf.o) (_malloc_r)
/usr/lib/gcc/arm-none-eabi/4.8.2/../../../arm-none-eabi/lib/armv7-m/libg.a(lib_a-memchr-stub.o)
                              /usr/lib/gcc/arm-none-eabi/4.8.2/../../../arm-none-eabi/lib/armv7-m/libg.a(lib_a-svfprintf.o) (memchr)
/usr/lib/gcc/arm-none-eabi/4.8.2/../../../arm-none-eabi/lib/armv7-m/libg.a(lib_a-mlock.o)
                              /usr/lib/gcc/arm-none-eabi/4.8.2/../../../arm-none-eabi/lib/armv7-m/libg.a(lib_a-mallocr.o) (__malloc_lock)
/usr/lib/gcc/arm-none-eabi/4.8.2/../../../arm-none-eabi/lib/armv7-m/libg.a(lib_a-mprec.o)
                              /usr/lib/gcc/arm-none-eabi/4.8.2/../../../arm-none-eabi/lib/armv7-m/libg.a(lib_a-dtoa.o) (_Balloc)
/usr/lib/gcc/arm-none-eabi/4.8.2/../../../arm-none-eabi/lib/armv7-m/libg.a(lib_a-s_fpclassify.o)
                              /usr/lib/gcc/arm-none-eabi/4.8.2/../../../arm-none-eabi/lib/armv7-m/libg.a(lib_a-svfprintf.o) (__fpclassifyd)
/usr/lib/gcc/arm-none-eabi/4.8.2/../../../arm-none-eabi/lib/armv7-m/libg.a(lib_a-sbrkr.o)
                              /usr/lib/gcc/arm-none-eabi/4.8.2/../../../arm-none-eabi/lib/armv7-m/libg.a(lib_a-mallocr.o) (_sbrk_r)
/usr/lib/gcc/arm-none-eabi/4.8.2/../../../arm-none-eabi/lib/armv7-m/libg.a(lib_a-strcmp.o)
                              /usr/lib/gcc/arm-none-eabi/4.8.2/../../../arm-none-eabi/lib/armv7-m/libg.a(lib_a-locale.o) (strcmp)
/usr/lib/gcc/arm-none-eabi/4.8.2/../../../arm-none-eabi/lib/armv7-m/libg.a(lib_a-strlen.o)
                              /usr/lib/gcc/arm-none-eabi/4.8.2/../../../arm-none-eabi/lib/armv7-m/libg.a(lib_a-svfprintf.o) (strlen)
/usr/lib/gcc/arm-none-eabi/4.8.2/../../../arm-none-eabi/lib/armv7-m/libg.a(lib_a-svfiprintf.o)
                              /usr/lib/gcc/arm-none-eabi/4.8.2/../../../arm-none-eabi/lib/armv7-m/libg.a(lib_a-svfprintf.o) (__ssprint_r)
/usr/lib/gcc/arm-none-eabi/4.8.2/../../../arm-none-eabi/lib/armv7-m/libg.a(lib_a-callocr.o)
[...]
Memory Configuration

Name             Origin             Length             Attributes
FLASH            0x0000000008000000 0x0000000000020000 xr
RAM              0x0000000020000000 0x0000000000004000 xrw
*default*        0x0000000000000000 0xffffffffffffffff

Linker script and memory map

LOAD /usr/lib/gcc/arm-none-eabi/4.8.2/armv7-m/crti.o
LOAD /usr/lib/gcc/arm-none-eabi/4.8.2/armv7-m/crtbegin.o
LOAD /usr/lib/gcc/arm-none-eabi/4.8.2/../../../arm-none-eabi/lib/armv7-m/crt0.o
LOAD /tmp/ccVGgs7y.o
LOAD /tmp/cc4aanW9.o
LOAD /tmp/ccJIryXK.o
LOAD /tmp/ccOVKj4l.o
LOAD /tmp/ccDwS2iX.o
LOAD /tmp/cc6VroAy.o
LOAD /tmp/cc5FdoU9.o
LOAD /tmp/ccF6aHhL.o
LOAD /tmp/ccY6bILm.o
LOAD /tmp/ccz2DRnY.o
LOAD /tmp/ccDsGWbA.o
LOAD /tmp/ccx1TC6b.o
LOAD /tmp/ccn8OT7N.o
LOAD /tmp/cc5047hq.o
LOAD /tmp/cc17JMy2.o
LOAD /tmp/cc1ShRWE.o
LOAD /tmp/ccJX3trh.o
LOAD /tmp/cc7mvO1T.o
LOAD /tmp/ccp0K0Hw.o
LOAD /tmp/cceY4Ju9.o
LOAD /tmp/ccirwZrM.o
LOAD /tmp/ccsed4wp.o
LOAD /tmp/cc2XHsJ2.o
LOAD /tmp/ccx42i2F.o
LOAD /tmp/ccjsO0wj.o
LOAD /tmp/ccR3r57W.o
LOAD /tmp/cc7ZNISA.o
LOAD /tmp/ccSmp2Fe.o
LOAD /tmp/ccbzRvyS.o
LOAD /tmp/ccvOuAww.o
LOAD /tmp/ccSnjpBa.o
LOAD /tmp/cc2RrvMO.o
LOAD /tmp/ccy0ojYs.o
START GROUP
LOAD /usr/lib/gcc/arm-none-eabi/4.8.2/armv7-m/libgcc.a
START GROUP
LOAD /usr/lib/gcc/arm-none-eabi/4.8.2/../../../arm-none-eabi/lib/armv7-m/libg.a
LOAD /usr/lib/gcc/arm-none-eabi/4.8.2/../../../arm-none-eabi/lib/armv7-m/libc.a
LOAD /usr/lib/gcc/arm-none-eabi/4.8.2/../../../arm-none-eabi/lib/armv7-m/libnosys.a
END GROUP
END GROUP
LOAD /usr/lib/gcc/arm-none-eabi/4.8.2/armv7-m/crtend.o
LOAD /usr/lib/gcc/arm-none-eabi/4.8.2/armv7-m/crtn.o
                0x0000000020003fff                _estack = 0x20003fff
                0x0000000000000200                _Min_Heap_Size = 0x200
                0x0000000000000400                _Min_Stack_Size = 0x400

.isr_vector     0x0000000008000000      0x13c
                0x0000000008000000                . = ALIGN (0x4)
 *(.isr_vector)
 .isr_vector    0x0000000008000000      0x13c /tmp/ccy0ojYs.o
                0x0000000008000000                g_pfnVectors
                0x000000000800013c                . = ALIGN (0x4)

.text           0x0000000008000140    0x15490
                0x0000000008000140                . = ALIGN (0x4)
 *(.text)
 .text          0x0000000008000140        0x0 /usr/lib/gcc/arm-none-eabi/4.8.2/armv7-m/crti.o
 .text          0x0000000008000140       0xc8 /usr/lib/gcc/arm-none-eabi/4.8.2/armv7-m/crtbegin.o
 .text          0x0000000008000208       0x68 /usr/lib/gcc/arm-none-eabi/4.8.2/../../../arm-none-eabi/lib/armv7-m/crt0.o
                0x0000000008000208                _mainCRTStartup
                0x0000000008000208                _start
 .text          0x0000000008000270      0x420 /tmp/ccVGgs7y.o
                0x0000000008000270                pvPortMalloc
                0x0000000008000404                vPortFree
                0x00000000080004ac                xPortGetFreeHeapSize
                0x00000000080004c4                xPortGetMinimumEverFreeHeapSize
                0x00000000080004dc                vPortInitialiseBlocks
 .text          0x0000000008000690      0x164 /tmp/cc4aanW9.o
                0x0000000008000690                vListInitialise
                0x00000000080006d0                vListInitialiseItem
                0x00000000080006e8                vListInsertEnd
                0x0000000008000730                vListInsert
                0x00000000080007a0                uxListRemove
 .text          0x00000000080007f4     0x1fd0 /tmp/ccJIryXK.o
                0x00000000080007f4                xTaskGenericCreate
                0x00000000080009a4                vTaskDelete
                0x0000000008000ab4                vTaskDelay
                0x0000000008000b4c                uxTaskPriorityGet
                0x0000000008000b84                uxTaskPriorityGetFromISR
                0x0000000008000bc4                vTaskPrioritySet
                0x0000000008000d30                vTaskSuspend
                0x0000000008000eb4                vTaskResume
                0x0000000008000f60                xTaskResumeFromISR
                0x0000000008001028                vTaskStartScheduler
                0x0000000008001094                vTaskEndScheduler
                0x00000000080010b0                vTaskSuspendAll
                0x00000000080010d4                xTaskResumeAll
                0x0000000008001228                xTaskGetTickCount
                0x0000000008001248                xTaskGetTickCountFromISR
                0x000000000800126c                uxTaskGetNumberOfTasks
                0x0000000008001284                uxTaskGetSystemState
                0x0000000008001388                xTaskIncrementTick
                0x0000000008001560                vTaskSwitchContext
                0x0000000008001618                vTaskPlaceOnEventList
                0x00000000080016c4                vTaskPlaceOnUnorderedEventList
                0x0000000008001798                xTaskRemoveFromEventList
                0x0000000008001860                xTaskRemoveFromUnorderedEventList
                0x0000000008001920                vTaskSetTimeOutState
                0x0000000008001958                xTaskCheckForTimeOut
                0x00000000080019fc                vTaskMissedYield
                0x0000000008001a14                uxTaskGetTaskNumber
                0x0000000008001a40                vTaskSetTaskNumber
                0x0000000008001f14                xTaskGetCurrentTaskHandle
                0x0000000008001f34                xTaskGetSchedulerState
                0x0000000008001f74                vTaskPriorityInherit
                0x0000000008002098                xTaskPriorityDisinherit
                0x00000000080021a0                uxTaskResetEventItemValue
                0x00000000080021e0                pvTaskIncrementMutexHeldCount
                0x0000000008002218                ulTaskNotifyTake
                0x000000000800232c                xTaskNotifyWait
                0x000000000800246c                xTaskGenericNotify
                0x0000000008002590                xTaskNotifyFromISR
                0x00000000080026d8                vTaskNotifyGiveFromISR
 .text          0x00000000080027c4      0x4f8 /tmp/ccOVKj4l.o
                0x00000000080027c4                xEventGroupCreate
                0x00000000080027f4                xEventGroupSync
                0x0000000008002910                xEventGroupWaitBits
                0x0000000008002a5c                xEventGroupClearBits
                0x0000000008002aac                xEventGroupGetBitsFromISR
                0x0000000008002ad4                xEventGroupSetBits
                0x0000000008002bcc                vEventGroupDelete
                0x0000000008002c1c                vEventGroupSetBitsCallback
                0x0000000008002c34                vEventGroupClearBitsCallback
                0x0000000008002c90                uxEventGroupGetNumber
 .text          0x0000000008002cbc      0xd28 /tmp/ccDwS2iX.o
                0x0000000008002cbc                xQueueGenericReset
                0x0000000008002d6c                xQueueGenericCreate
                0x0000000008002e08                xQueueCreateMutex
                0x0000000008002e98                xQueueGiveMutexRecursive
                0x0000000008002ef0                xQueueTakeMutexRecursive
                0x0000000008002f50                xQueueCreateCountingSemaphore
                0x0000000008002fa4                xQueueGenericSend
                0x0000000008003130                xQueueGenericSendFromISR
                0x0000000008003204                xQueueGiveFromISR
                0x00000000080032c0                xQueueGenericReceive
                0x000000000800347c                xQueueReceiveFromISR
                0x0000000008003530                xQueuePeekFromISR
                0x00000000080035b8                uxQueueMessagesWaiting
                0x00000000080035e4                uxQueueSpacesAvailable
                0x000000000800361c                uxQueueMessagesWaitingFromISR
                0x0000000008003640                vQueueDelete
                0x000000000800366c                uxQueueGetQueueNumber
                0x0000000008003684                vQueueSetQueueNumber
                0x00000000080036a0                ucQueueGetQueueType
                0x00000000080038a8                xQueueIsQueueEmptyFromISR
                0x0000000008003908                xQueueIsQueueFullFromISR
                0x000000000800393c                vQueueAddToRegistry
                0x0000000008003998                vQueueUnregisterQueue
 .text          0x00000000080039e4        0x0 /tmp/cc6VroAy.o
 .text          0x00000000080039e4        0x0 /tmp/cc5FdoU9.o
 .text          0x00000000080039e4      0x3ac /tmp/ccF6aHhL.o
                0x00000000080039e4                pxPortInitialiseStack
                0x0000000008003a5c                SVC_Handler
                0x0000000008003a9c                xPortStartScheduler
                0x0000000008003b98                vPortEndScheduler
                0x0000000008003bb4                vPortYield
                0x0000000008003bd8                vPortEnterCritical
                0x0000000008003c24                vPortExitCritical
                0x0000000008003c68                ulPortSetInterruptMask
                0x0000000008003c7c                vPortClearInterruptMask
                0x0000000008003c84                PendSV_Handler
                0x0000000008003cc8                xPortSysTickHandler
                0x0000000008003cf0                vPortSetupTimerInterrupt
                0x0000000008003d2c                vPortValidateInterruptPriority
 .text          0x0000000008003d90      0x660 /tmp/ccY6bILm.o
                0x0000000008003d90                HAL_GPIO_Init
                0x00000000080040d4                HAL_GPIO_DeInit
                0x00000000080042d0                HAL_GPIO_ReadPin
                0x0000000008004300                HAL_GPIO_WritePin
                0x0000000008004330                HAL_GPIO_TogglePin
                0x0000000008004354                HAL_GPIO_LockPin
                0x00000000080043a4                HAL_GPIO_EXTI_IRQHandler
                0x00000000080043dc                HAL_GPIO_EXTI_Callback
 .text          0x00000000080043f0      0xdc0 /tmp/ccz2DRnY.o
                0x00000000080043f0                HAL_DMA_Init
                0x0000000008004488                HAL_DMA_DeInit
                0x00000000080046cc                HAL_DMA_Start
                0x0000000008004730                HAL_DMA_Start_IT
                0x00000000080047c4                HAL_DMA_Abort
                0x0000000008004840                HAL_DMA_PollForTransfer
                0x0000000008004c90                HAL_DMA_IRQHandler
                0x0000000008005130                HAL_DMA_GetState
                0x000000000800514c                HAL_DMA_GetError
 .text          0x00000000080051b0     0x20e0 /tmp/ccDsGWbA.o
                0x00000000080051b0                HAL_RCC_DeInit
                0x0000000008005288                HAL_RCC_OscConfig
                0x0000000008006504                HAL_RCC_ClockConfig
                0x0000000008006c28                HAL_RCC_MCOConfig
                0x0000000008006ccc                HAL_RCC_EnableCSS
                0x0000000008006d00                HAL_RCC_DisableCSS
                0x0000000008006d34                HAL_RCC_GetSysClockFreq
                0x0000000008006e64                HAL_RCC_GetHCLKFreq
                0x0000000008006ebc                HAL_RCC_GetPCLK1Freq
                0x0000000008006f04                HAL_RCC_GetPCLK2Freq
                0x0000000008006f4c                HAL_RCC_GetOscConfig
                0x00000000080070f0                HAL_RCC_GetClockConfig
                0x0000000008007168                HAL_RCC_NMI_IRQHandler
                0x0000000008007190                HAL_RCC_CSSCallback
 .text          0x0000000008007290      0x384 /tmp/ccx1TC6b.o
                0x0000000008007290                HAL_RCCEx_PeriphCLKConfig
                0x00000000080074c0                HAL_RCCEx_GetPeriphCLKConfig
                0x0000000008007528                HAL_RCCEx_GetPeriphCLKFreq
 .text          0x0000000008007614      0x61c /tmp/ccn8OT7N.o
                0x0000000008007614                HAL_FLASH_Program
                0x000000000800768c                HAL_FLASH_Program_IT
                0x0000000008007714                HAL_FLASH_IRQHandler
                0x0000000008007920                HAL_FLASH_EndOfOperationCallback
                0x0000000008007934                HAL_FLASH_OperationErrorCallback
                0x0000000008007948                HAL_FLASH_Unlock
                0x00000000080079c8                HAL_FLASH_Lock
                0x00000000080079f0                HAL_FLASH_OB_Unlock
                0x0000000008007a70                HAL_FLASH_OB_Lock
                0x0000000008007a98                HAL_FLASH_OB_Launch
                0x0000000008007ac4                HAL_FLASH_GetError
                0x0000000008007adc                FLASH_WaitForLastOperation
 .text          0x0000000008007c30      0xc38 /tmp/cc5047hq.o
                0x0000000008007c30                HAL_FLASHEx_Erase
                0x0000000008007d04                HAL_FLASHEx_Erase_IT
                0x0000000008007d98                HAL_FLASHEx_OBProgram
                0x0000000008007ecc                HAL_FLASHEx_OBGetConfig
                0x0000000008007f14                HAL_FLASHEx_DATAEEPROM_Unlock
                0x0000000008007f60                HAL_FLASHEx_DATAEEPROM_Lock
                0x0000000008007f88                HAL_FLASHEx_DATAEEPROM_Erase
                0x0000000008007fe4                HAL_FLASHEx_DATAEEPROM_Program
                0x00000000080080b8                HAL_FLASHEx_DATAEEPROM_EnableFixedTimeProgram
                0x00000000080080dc                HAL_FLASHEx_DATAEEPROM_DisableFixedTimeProgram
                0x0000000008008810                FLASH_PageErase
 .text          0x0000000008008868      0x2d0 /tmp/cc17JMy2.o
                0x0000000008008868                HAL_Init
                0x00000000080088b4                HAL_DeInit
                0x000000000800891c                HAL_MspDeInit
                0x0000000008008928                HAL_InitTick
                0x0000000008008960                HAL_IncTick
                0x0000000008008984                HAL_GetTick
                0x000000000800899c                HAL_Delay
                0x00000000080089c8                HAL_SuspendTick
                0x00000000080089ec                HAL_ResumeTick
                0x0000000008008a10                HAL_GetHalVersion
                0x0000000008008a28                HAL_GetREVID
                0x0000000008008a44                HAL_GetDEVID
                0x0000000008008a60                HAL_DBGMCU_EnableDBGSleepMode
                0x0000000008008a84                HAL_DBGMCU_DisableDBGSleepMode
                0x0000000008008aa8                HAL_DBGMCU_EnableDBGStopMode
                0x0000000008008acc                HAL_DBGMCU_DisableDBGStopMode
                0x0000000008008af0                HAL_DBGMCU_EnableDBGStandbyMode
                0x0000000008008b14                HAL_DBGMCU_DisableDBGStandbyMode
 .text          0x0000000008008b38      0x60c /tmp/cc1ShRWE.o
                0x0000000008008ee0                HAL_NVIC_SetPriorityGrouping
                0x0000000008008ef4                HAL_NVIC_SetPriority
                0x0000000008008f2c                HAL_NVIC_EnableIRQ
                0x0000000008008f48                HAL_NVIC_DisableIRQ
                0x0000000008008f64                HAL_NVIC_SystemReset
                0x0000000008008f70                HAL_SYSTICK_Config
                0x0000000008008f88                HAL_MPU_ConfigRegion
                0x0000000008009028                HAL_NVIC_GetPriorityGrouping
                0x0000000008009038                HAL_NVIC_GetPriority
                0x0000000008009068                HAL_NVIC_SetPendingIRQ
                0x0000000008009084                HAL_NVIC_GetPendingIRQ
                0x00000000080090a4                HAL_NVIC_ClearPendingIRQ
                0x00000000080090c0                HAL_NVIC_GetActive
                0x00000000080090e0                HAL_SYSTICK_CLKSourceConfig
                0x000000000800912c                HAL_SYSTICK_IRQHandler
                0x0000000008009138                HAL_SYSTICK_Callback
 .text          0x0000000008009144      0x464 /tmp/ccJX3trh.o
                0x0000000008009144                HAL_PWR_DeInit
                0x0000000008009180                HAL_PWR_EnableBkUpAccess
                0x00000000080091b4                HAL_PWR_DisableBkUpAccess
                0x00000000080091e8                HAL_PWR_ConfigPVD
                0x0000000008009308                HAL_PWR_EnablePVD
                0x0000000008009338                HAL_PWR_DisablePVD
                0x0000000008009368                HAL_PWR_EnableWakeUpPin
                0x000000000800939c                HAL_PWR_DisableWakeUpPin
                0x00000000080093d0                HAL_PWR_EnterSLEEPMode
                0x000000000800942c                HAL_PWR_EnterSTOPMode
                0x00000000080094a0                HAL_PWR_EnterSTANDBYMode
                0x00000000080094e0                HAL_PWR_EnableSleepOnExit
                0x0000000008009504                HAL_PWR_DisableSleepOnExit
                0x0000000008009528                HAL_PWR_EnableSEVOnPend
                0x000000000800954c                HAL_PWR_DisableSEVOnPend
                0x0000000008009570                HAL_PWR_PVD_IRQHandler
                0x000000000800959c                HAL_PWR_PVDCallback
 .text          0x00000000080095a8      0x194 /tmp/cc7mvO1T.o
                0x00000000080095a8                HAL_PWREx_GetVoltageRange
                0x00000000080095c4                HAL_PWREx_EnableFastWakeUp
                0x00000000080095f8                HAL_PWREx_DisableFastWakeUp
                0x000000000800962c                HAL_PWREx_EnableUltraLowPower
                0x0000000008009660                HAL_PWREx_DisableUltraLowPower
                0x0000000008009694                HAL_PWREx_EnableLowPowerRunMode
                0x00000000080096e8                HAL_PWREx_DisableLowPowerRunMode
 .text          0x000000000800973c        0x0 /tmp/ccp0K0Hw.o
 .text          0x000000000800973c      0x480 /tmp/cceY4Ju9.o
                0x000000000800973c                HAL_LCD_DeInit
                0x00000000080097b4                HAL_LCD_Init
                0x000000000800992c                HAL_LCD_MspDeInit
                0x0000000008009940                HAL_LCD_MspInit
                0x0000000008009954                HAL_LCD_Write
                0x0000000008009a14                HAL_LCD_Clear
                0x0000000008009ac8                HAL_LCD_UpdateDisplayRequest
                0x0000000008009b40                HAL_LCD_GetState
                0x0000000008009b5c                HAL_LCD_GetError
                0x0000000008009b74                LCD_WaitForSynchro
 .text          0x0000000008009bbc     0x1258 /tmp/ccirwZrM.o
                0x0000000008009bbc                HAL_ADC_Init
                0x0000000008009e48                HAL_ADC_DeInit
                0x000000000800a024                HAL_ADC_Start
                0x000000000800a0e4                HAL_ADC_Stop
                0x000000000800a13c                HAL_ADC_PollForConversion
                0x000000000800a248                HAL_ADC_PollForEvent
                0x000000000800a2f4                HAL_ADC_Start_IT
                0x000000000800a3c8                HAL_ADC_Stop_IT
                0x000000000800a430                HAL_ADC_Start_DMA
                0x000000000800a558                HAL_ADC_Stop_DMA
                0x000000000800a5f4                HAL_ADC_GetValue
                0x000000000800a610                HAL_ADC_IRQHandler
                0x000000000800a808                HAL_ADC_ConvCpltCallback
                0x000000000800a81c                HAL_ADC_ConvHalfCpltCallback
                0x000000000800a830                HAL_ADC_LevelOutOfWindowCallback
                0x000000000800a844                HAL_ADC_ErrorCallback
                0x000000000800a858                HAL_ADC_ConfigChannel
                0x000000000800ab0c                HAL_ADC_AnalogWDGConfig
                0x000000000800abcc                HAL_ADC_GetState
                0x000000000800abe4                HAL_ADC_GetError
                0x000000000800abfc                ADC_Enable
                0x000000000800acac                ADC_ConversionStop_Disable
 .text          0x000000000800ae14      0x80c /tmp/ccsed4wp.o
                0x000000000800ae14                HAL_ADCEx_InjectedStart
                0x000000000800aeb4                HAL_ADCEx_InjectedStop
                0x000000000800af3c                HAL_ADCEx_InjectedPollForConversion
                0x000000000800b110                HAL_ADCEx_InjectedStart_IT
                0x000000000800b1c0                HAL_ADCEx_InjectedStop_IT
                0x000000000800b258                HAL_ADCEx_InjectedGetValue
                0x000000000800b2ac                HAL_ADCEx_InjectedConvCpltCallback
                0x000000000800b2c0                HAL_ADCEx_InjectedConfigChannel
 .text          0x000000000800b620      0x5f0 /tmp/cc2XHsJ2.o
                0x000000000800b620                HAL_DAC_Init
                0x000000000800b664                HAL_DAC_DeInit
                0x000000000800b6c8                HAL_DAC_Start
                0x000000000800b760                HAL_DAC_Stop
                0x000000000800b798                HAL_DAC_Start_DMA
                0x000000000800b90c                HAL_DAC_Stop_DMA
                0x000000000800b990                HAL_DAC_GetValue
                0x000000000800b9bc                HAL_DAC_IRQHandler
                0x000000000800ba4c                HAL_DAC_ConvCpltCallbackCh1
                0x000000000800ba60                HAL_DAC_ConvHalfCpltCallbackCh1
                0x000000000800ba74                HAL_DAC_ErrorCallbackCh1
                0x000000000800ba88                HAL_DAC_DMAUnderrunCallbackCh1
                0x000000000800ba9c                HAL_DAC_ConfigChannel
                0x000000000800bb2c                HAL_DAC_SetValue
                0x000000000800bb74                HAL_DAC_GetState
                0x000000000800bb90                HAL_DAC_GetError
 .text          0x000000000800bc10      0x214 /tmp/ccx42i2F.o
                0x000000000800bc10                HAL_DACEx_DualGetValue
                0x000000000800bc44                HAL_DACEx_TriangleWaveGenerate
                0x000000000800bcac                HAL_DACEx_NoiseWaveGenerate
                0x000000000800bd14                HAL_DACEx_DualSetValue
                0x000000000800bd6c                HAL_DACEx_ConvCpltCallbackCh2
                0x000000000800bd80                HAL_DACEx_ConvHalfCpltCallbackCh2
                0x000000000800bd94                HAL_DACEx_ErrorCallbackCh2
                0x000000000800bda8                HAL_DACEx_DMAUnderrunCallbackCh2
                0x000000000800bdbc                DAC_DMAConvCpltCh2
                0x000000000800bddc                DAC_DMAHalfConvCpltCh2
                0x000000000800bdf8                DAC_DMAErrorCh2
 .text          0x000000000800be24     0x1670 /tmp/ccjsO0wj.o
                0x000000000800be24                HAL_UART_Init
                0x000000000800beb8                HAL_HalfDuplex_Init
                0x000000000800bf5c                HAL_LIN_Init
                0x000000000800c014                HAL_MultiProcessor_Init
                0x000000000800c0d4                HAL_UART_DeInit
                0x000000000800c164                HAL_UART_Transmit
                0x000000000800c2b4                HAL_UART_Receive
                0x000000000800c424                HAL_UART_Transmit_IT
                0x000000000800c4d4                HAL_UART_Receive_IT
                0x000000000800c5a4                HAL_UART_Transmit_DMA
                0x000000000800c6a0                HAL_UART_Receive_DMA
                0x000000000800c78c                HAL_UART_DMAPause
                0x000000000800c828                HAL_UART_DMAResume
                0x000000000800c8e8                HAL_UART_DMAStop
                0x000000000800c938                HAL_UART_IRQHandler
                0x000000000800cae4                HAL_UART_TxCpltCallback
                0x000000000800caf8                HAL_UART_TxHalfCpltCallback
                0x000000000800cb0c                HAL_UART_RxCpltCallback
                0x000000000800cb20                HAL_UART_RxHalfCpltCallback
                0x000000000800cb34                HAL_UART_ErrorCallback
                0x000000000800cb48                HAL_LIN_SendBreak
                0x000000000800cb9c                HAL_MultiProcessor_EnterMuteMode
                0x000000000800cbf0                HAL_MultiProcessor_ExitMuteMode
                0x000000000800cc44                HAL_HalfDuplex_EnableTransmitter
                0x000000000800cc9c                HAL_HalfDuplex_EnableReceiver
                0x000000000800ccf4                HAL_UART_GetState
                0x000000000800cd10                HAL_UART_GetError
 .text          0x000000000800d494      0x2b4 /tmp/ccR3r57W.o
                0x000000000800d494                BSP_GetVersion
                0x000000000800d4ac                BSP_LED_Init
                0x000000000800d598                BSP_LED_On
                0x000000000800d5d0                BSP_LED_Off
                0x000000000800d608                BSP_LED_Toggle
                0x000000000800d63c                BSP_PB_Init
                0x000000000800d71c                BSP_PB_GetState
 .text          0x000000000800d748     0x1554 /tmp/cc7ZNISA.o
                0x000000000800d748                BSP_LCD_GLASS_Init
                0x000000000800d808                BSP_LCD_GLASS_DeInit
                0x000000000800d828                BSP_LCD_GLASS_BlinkConfig
                0x000000000800d868                BSP_LCD_GLASS_Contrast
                0x000000000800d8a4                BSP_LCD_GLASS_DisplayBar
                0x000000000800d974                BSP_LCD_GLASS_ClearBar
                0x000000000800da3c                BSP_LCD_GLASS_BarLevelConfig
                0x000000000800db98                BSP_LCD_GLASS_WriteChar
                0x000000000800dbc8                BSP_LCD_GLASS_DisplayChar
                0x000000000800e5ec                BSP_LCD_GLASS_DisplayString
                0x000000000800e63c                BSP_LCD_GLASS_DisplayStrDeci
                0x000000000800e6d4                BSP_LCD_GLASS_Clear
                0x000000000800e6e8                BSP_LCD_GLASS_ScrollSentence
 .text          0x000000000800ec9c        0x0 /tmp/ccSmp2Fe.o
 .text          0x000000000800ec9c       0x18 /tmp/ccbzRvyS.o
                0x000000000800ec9c                SysTick_Handler
 .text          0x000000000800ecb4      0x254 /tmp/ccvOuAww.o
                0x000000000800ecb4                HAL_MspInit
                0x000000000800ecfc                HAL_ADC_MspInit
                0x000000000800ed64                HAL_ADC_MspDeInit
                0x000000000800edac                HAL_DAC_MspInit
                0x000000000800ee10                HAL_DAC_MspDeInit
                0x000000000800ee54                HAL_UART_MspInit
                0x000000000800eec4                HAL_UART_MspDeInit
 .text          0x000000000800ef08      0x45c /tmp/ccSnjpBa.o
                0x000000000800ef08                main
                0x000000000800ef74                SystemClock_Config
                0x000000000800f324                vMainTask
 .text          0x000000000800f364      0x264 /tmp/cc2RrvMO.o
                0x000000000800f364                SystemInit
                0x000000000800f40c                SystemCoreClockUpdate
 .text          0x000000000800f5c8       0x14 /tmp/ccy0ojYs.o
 .text          0x000000000800f5dc        0x0 /usr/lib/gcc/arm-none-eabi/4.8.2/../../../arm-none-eabi/lib/armv7-m/libg.a(lib_a-atexit.o)
 .text          0x000000000800f5dc        0x0 /usr/lib/gcc/arm-none-eabi/4.8.2/../../../arm-none-eabi/lib/armv7-m/libg.a(lib_a-exit.o)
 .text          0x000000000800f5dc        0x0 /usr/lib/gcc/arm-none-eabi/4.8.2/../../../arm-none-eabi/lib/armv7-m/libg.a(lib_a-fini.o)
 .text          0x000000000800f5dc        0x0 /usr/lib/gcc/arm-none-eabi/4.8.2/../../../arm-none-eabi/lib/armv7-m/libg.a(lib_a-impure.o)
 .text          0x000000000800f5dc        0x0 /usr/lib/gcc/arm-none-eabi/4.8.2/../../../arm-none-eabi/lib/armv7-m/libg.a(lib_a-init.o)
 .text          0x000000000800f5dc       0xec /usr/lib/gcc/arm-none-eabi/4.8.2/../../../arm-none-eabi/lib/armv7-m/libg.a(lib_a-memcpy.o)
                0x000000000800f5dc                memcpy
 .text          0x000000000800f6c8        0x0 /usr/lib/gcc/arm-none-eabi/4.8.2/../../../arm-none-eabi/lib/armv7-m/libg.a(lib_a-memset.o)
 .text          0x000000000800f6c8        0x0 /usr/lib/gcc/arm-none-eabi/4.8.2/../../../arm-none-eabi/lib/armv7-m/libg.a(lib_a-snprintf.o)
 .text          0x000000000800f6c8        0x0 /usr/lib/gcc/arm-none-eabi/4.8.2/../../../arm-none-eabi/lib/armv7-m/libg.a(lib_a-svfprintf.o)
 .text          0x000000000800f6c8        0x0 /usr/lib/gcc/arm-none-eabi/4.8.2/../../../arm-none-eabi/lib/armv7-m/libg.a(lib_a-__atexit.o)
 .text          0x000000000800f6c8        0x0 /usr/lib/gcc/arm-none-eabi/4.8.2/../../../arm-none-eabi/lib/armv7-m/libg.a(lib_a-__call_atexit.o)
 .text          0x000000000800f6c8        0x0 /usr/lib/gcc/arm-none-eabi/4.8.2/../../../arm-none-eabi/lib/armv7-m/libg.a(lib_a-dtoa.o)
 .text          0x000000000800f6c8        0x0 /usr/lib/gcc/arm-none-eabi/4.8.2/../../../arm-none-eabi/lib/armv7-m/libg.a(lib_a-locale.o)
 .text          0x000000000800f6c8        0x0 /usr/lib/gcc/arm-none-eabi/4.8.2/../../../arm-none-eabi/lib/armv7-m/libg.a(lib_a-mallocr.o)
 .text          0x000000000800f6c8        0x0 /usr/lib/gcc/arm-none-eabi/4.8.2/../../../arm-none-eabi/lib/armv7-m/libg.a(lib_a-memchr-stub.o)
 .text          0x000000000800f6c8        0x0 /usr/lib/gcc/arm-none-eabi/4.8.2/../../../arm-none-eabi/lib/armv7-m/libg.a(lib_a-mlock.o)
 .text          0x000000000800f6c8        0x0 /usr/lib/gcc/arm-none-eabi/4.8.2/../../../arm-none-eabi/lib/armv7-m/libg.a(lib_a-mprec.o)
 .text          0x000000000800f6c8        0x0 /usr/lib/gcc/arm-none-eabi/4.8.2/../../../arm-none-eabi/lib/armv7-m/libg.a(lib_a-s_fpclassify.o)
 .text          0x000000000800f6c8        0x0 /usr/lib/gcc/arm-none-eabi/4.8.2/../../../arm-none-eabi/lib/armv7-m/libg.a(lib_a-sbrkr.o)
 .text          0x000000000800f6c8      0x23c /usr/lib/gcc/arm-none-eabi/4.8.2/../../../arm-none-eabi/lib/armv7-m/libg.a(lib_a-strcmp.o)
                0x000000000800f6c8                strcmp
 .text          0x000000000800f904        0x0 /usr/lib/gcc/arm-none-eabi/4.8.2/../../../arm-none-eabi/lib/armv7-m/libg.a(lib_a-strlen.o)
 .text          0x000000000800f904        0x0 /usr/lib/gcc/arm-none-eabi/4.8.2/../../../arm-none-eabi/lib/armv7-m/libg.a(lib_a-svfiprintf.o)
 .text          0x000000000800f904        0x0 /usr/lib/gcc/arm-none-eabi/4.8.2/../../../arm-none-eabi/lib/armv7-m/libg.a(lib_a-callocr.o)
 .text          0x000000000800f904        0x0 /usr/lib/gcc/arm-none-eabi/4.8.2/../../../arm-none-eabi/lib/armv7-m/libg.a(lib_a-freer.o)
 .text          0x000000000800f904        0x0 /usr/lib/gcc/arm-none-eabi/4.8.2/../../../arm-none-eabi/lib/armv7-m/libg.a(lib_a-memmove.o)
 .text          0x000000000800f904        0x0 /usr/lib/gcc/arm-none-eabi/4.8.2/../../../arm-none-eabi/lib/armv7-m/libg.a(lib_a-reallocr.o)
 .text          0x000000000800f904        0x0 /usr/lib/gcc/arm-none-eabi/4.8.2/../../../arm-none-eabi/lib/armv7-m/libg.a(lib_a-reent.o)
 .text          0x000000000800f904        0x0 /usr/lib/gcc/arm-none-eabi/4.8.2/../../../arm-none-eabi/lib/armv7-m/libnosys.a(sbrk.o)
 .text          0x000000000800f904        0x0 /usr/lib/gcc/arm-none-eabi/4.8.2/../../../arm-none-eabi/lib/armv7-m/libnosys.a(_exit.o)
 .text          0x000000000800f904      0x370 /usr/lib/gcc/arm-none-eabi/4.8.2/armv7-m/libgcc.a(_arm_addsubdf3.o)
                0x000000000800f904                __aeabi_drsub
                0x000000000800f90c                __aeabi_dsub
                0x000000000800f90c                __subdf3
                0x000000000800f910                __adddf3
                0x000000000800f910                __aeabi_dadd
                0x000000000800fb88                __aeabi_ui2d
                0x000000000800fb88                __floatunsidf
                0x000000000800fba8                __floatsidf
                0x000000000800fba8                __aeabi_i2d
                0x000000000800fbcc                __extendsfdf2
                0x000000000800fbcc                __aeabi_f2d
                0x000000000800fc08                __aeabi_ul2d
                0x000000000800fc08                __floatundidf
                0x000000000800fc18                __floatdidf
                0x000000000800fc18                __aeabi_l2d
 .text          0x000000000800fc74      0x424 /usr/lib/gcc/arm-none-eabi/4.8.2/armv7-m/libgcc.a(_arm_muldivdf3.o)
                0x000000000800fc74                __aeabi_dmul
                0x000000000800fc74                __muldf3
                0x000000000800fec8                __aeabi_ddiv
                0x000000000800fec8                __divdf3
 .text          0x0000000008010098      0x110 /usr/lib/gcc/arm-none-eabi/4.8.2/armv7-m/libgcc.a(_arm_cmpdf2.o)
                0x0000000008010098                __gtdf2
                0x0000000008010098                __gedf2
                0x00000000080100a0                __ltdf2
                0x00000000080100a0                __ledf2
                0x00000000080100a8                __cmpdf2
                0x00000000080100a8                __eqdf2
                0x00000000080100a8                __nedf2
                0x0000000008010124                __aeabi_cdrcmple
                0x0000000008010134                __aeabi_cdcmple
                0x0000000008010134                __aeabi_cdcmpeq
                0x0000000008010144                __aeabi_dcmpeq
                0x0000000008010158                __aeabi_dcmplt
                0x000000000801016c                __aeabi_dcmple
                0x0000000008010180                __aeabi_dcmpge
                0x0000000008010194                __aeabi_dcmpgt
 .text          0x00000000080101a8       0x50 /usr/lib/gcc/arm-none-eabi/4.8.2/armv7-m/libgcc.a(_arm_fixdfsi.o)
                0x00000000080101a8                __fixdfsi
                0x00000000080101a8                __aeabi_d2iz
 .text          0x00000000080101f8       0x2c /usr/lib/gcc/arm-none-eabi/4.8.2/armv7-m/libgcc.a(_aeabi_uldivmod.o)
                0x00000000080101f8                __aeabi_uldivmod
 .text          0x0000000008010224       0x60 /usr/lib/gcc/arm-none-eabi/4.8.2/armv7-m/libgcc.a(bpabi.o)
                0x0000000008010224                __gnu_ldivmod_helper
                0x0000000008010254                __gnu_uldivmod_helper
 .text          0x0000000008010284        0x4 /usr/lib/gcc/arm-none-eabi/4.8.2/armv7-m/libgcc.a(_dvmd_tls.o)
                0x0000000008010284                __aeabi_ldiv0
                0x0000000008010284                __aeabi_idiv0
 .text          0x0000000008010288      0x2bc /usr/lib/gcc/arm-none-eabi/4.8.2/armv7-m/libgcc.a(_divdi3.o)
                0x0000000008010288                __divdi3
 .text          0x0000000008010544      0x284 /usr/lib/gcc/arm-none-eabi/4.8.2/armv7-m/libgcc.a(_udivdi3.o)
                0x0000000008010544                __udivdi3
 .text          0x00000000080107c8        0x0 /usr/lib/gcc/arm-none-eabi/4.8.2/armv7-m/crtend.o
 .text          0x00000000080107c8        0x0 /usr/lib/gcc/arm-none-eabi/4.8.2/armv7-m/crtn.o
 *(.text*)
 .text.Reset_Handler
                0x00000000080107c8       0x48 /tmp/ccy0ojYs.o
                0x00000000080107c8                Reset_Handler
 .text.Default_Handler
                0x0000000008010810        0x2 /tmp/ccy0ojYs.o
                0x0000000008010810                RTC_Alarm_IRQHandler
                0x0000000008010810                EXTI2_IRQHandler
                0x0000000008010810                DebugMon_Handler
                0x0000000008010810                HardFault_Handler
                0x0000000008010810                TIM10_IRQHandler
                0x0000000008010810                USB_HP_IRQHandler
                0x0000000008010810                TIM6_IRQHandler
                0x0000000008010810                PVD_IRQHandler
                0x0000000008010810                NMI_Handler
                0x0000000008010810                EXTI3_IRQHandler
                0x0000000008010810                EXTI0_IRQHandler
                0x0000000008010810                I2C2_EV_IRQHandler
                0x0000000008010810                UsageFault_Handler
                0x0000000008010810                SPI1_IRQHandler
                0x0000000008010810                USB_FS_WKUP_IRQHandler
                0x0000000008010810                DMA1_Channel4_IRQHandler
                0x0000000008010810                ADC1_IRQHandler
                0x0000000008010810                USART3_IRQHandler
                0x0000000008010810                DMA1_Channel7_IRQHandler
                0x0000000008010810                LCD_IRQHandler
                0x0000000008010810                TIM4_IRQHandler
                0x0000000008010810                I2C1_EV_IRQHandler
                0x0000000008010810                DMA1_Channel6_IRQHandler
                0x0000000008010810                TIM3_IRQHandler
                0x0000000008010810                RCC_IRQHandler
                0x0000000008010810                DMA1_Channel1_IRQHandler
                0x0000000008010810                Default_Handler
                0x0000000008010810                EXTI15_10_IRQHandler
                0x0000000008010810                TIM7_IRQHandler
                0x0000000008010810                EXTI9_5_IRQHandler
                0x0000000008010810                TIM9_IRQHandler
                0x0000000008010810                TAMPER_STAMP_IRQHandler
                0x0000000008010810                RTC_WKUP_IRQHandler
                0x0000000008010810                SPI2_IRQHandler
                0x0000000008010810                MemManage_Handler
                0x0000000008010810                DMA1_Channel5_IRQHandler
                0x0000000008010810                USB_LP_IRQHandler
                0x0000000008010810                EXTI4_IRQHandler
                0x0000000008010810                DMA1_Channel3_IRQHandler
                0x0000000008010810                COMP_IRQHandler
                0x0000000008010810                WWDG_IRQHandler
                0x0000000008010810                TIM2_IRQHandler
                0x0000000008010810                DAC_IRQHandler
                0x0000000008010810                EXTI1_IRQHandler
                0x0000000008010810                TIM11_IRQHandler
                0x0000000008010810                USART2_IRQHandler
                0x0000000008010810                I2C2_ER_IRQHandler
                0x0000000008010810                DMA1_Channel2_IRQHandler
                0x0000000008010810                FLASH_IRQHandler
                0x0000000008010810                BusFault_Handler
                0x0000000008010810                USART1_IRQHandler
                0x0000000008010810                I2C1_ER_IRQHandler
 *fill*         0x0000000008010812        0x2 
 .text.atexit   0x0000000008010814        0xc /usr/lib/gcc/arm-none-eabi/4.8.2/../../../arm-none-eabi/lib/armv7-m/libg.a(lib_a-atexit.o)
                0x0000000008010814                atexit
 .text.exit     0x0000000008010820       0x20 /usr/lib/gcc/arm-none-eabi/4.8.2/../../../arm-none-eabi/lib/armv7-m/libg.a(lib_a-exit.o)
                0x0000000008010820                exit
 .text.__libc_fini_array
                0x0000000008010840       0x34 /usr/lib/gcc/arm-none-eabi/4.8.2/../../../arm-none-eabi/lib/armv7-m/libg.a(lib_a-fini.o)
                0x0000000008010840                __libc_fini_array
 .text.__libc_init_array
                0x0000000008010874       0x5c /usr/lib/gcc/arm-none-eabi/4.8.2/../../../arm-none-eabi/lib/armv7-m/libg.a(lib_a-init.o)
                0x0000000008010874                __libc_init_array
 .text.memset   0x00000000080108d0       0x94 /usr/lib/gcc/arm-none-eabi/4.8.2/../../../arm-none-eabi/lib/armv7-m/libg.a(lib_a-memset.o)
                0x00000000080108d0                memset
 .text._snprintf_r
                0x0000000008010964       0x64 /usr/lib/gcc/arm-none-eabi/4.8.2/../../../arm-none-eabi/lib/armv7-m/libg.a(lib_a-snprintf.o)
                0x0000000008010964                _snprintf_r
 .text.snprintf
                0x00000000080109c8       0x6c /usr/lib/gcc/arm-none-eabi/4.8.2/../../../arm-none-eabi/lib/armv7-m/libg.a(lib_a-snprintf.o)
                0x00000000080109c8                snprintf
 .text._svfprintf_r
                0x0000000008010a34     0x14c4 /usr/lib/gcc/arm-none-eabi/4.8.2/../../../arm-none-eabi/lib/armv7-m/libg.a(lib_a-svfprintf.o)
                0x0000000008010a34                _svfprintf_r
 .text.__register_exitproc
                0x0000000008011ef8       0xac /usr/lib/gcc/arm-none-eabi/4.8.2/../../../arm-none-eabi/lib/armv7-m/libg.a(lib_a-__atexit.o)
                0x0000000008011ef8                __register_exitproc
 .text.startup.register_fini
                0x0000000008011fa4       0x18 /usr/lib/gcc/arm-none-eabi/4.8.2/../../../arm-none-eabi/lib/armv7-m/libg.a(lib_a-__call_atexit.o)
 .text.__call_exitprocs
                0x0000000008011fbc       0xf8 /usr/lib/gcc/arm-none-eabi/4.8.2/../../../arm-none-eabi/lib/armv7-m/libg.a(lib_a-__call_atexit.o)
                0x0000000008011fbc                __call_exitprocs
 .text.quorem   0x00000000080120b4      0x130 /usr/lib/gcc/arm-none-eabi/4.8.2/../../../arm-none-eabi/lib/armv7-m/libg.a(lib_a-dtoa.o)
 *fill*         0x00000000080121e4        0x4 
 .text._dtoa_r  0x00000000080121e8      0xf58 /usr/lib/gcc/arm-none-eabi/4.8.2/../../../arm-none-eabi/lib/armv7-m/libg.a(lib_a-dtoa.o)
                0x00000000080121e8                _dtoa_r
 .text._setlocale_r
                0x0000000008013140       0x54 /usr/lib/gcc/arm-none-eabi/4.8.2/../../../arm-none-eabi/lib/armv7-m/libg.a(lib_a-locale.o)
                0x0000000008013140                _setlocale_r
 .text.__locale_charset
                0x0000000008013194        0xc /usr/lib/gcc/arm-none-eabi/4.8.2/../../../arm-none-eabi/lib/armv7-m/libg.a(lib_a-locale.o)
                0x0000000008013194                __locale_charset
 .text.__locale_mb_cur_max
                0x00000000080131a0        0xc /usr/lib/gcc/arm-none-eabi/4.8.2/../../../arm-none-eabi/lib/armv7-m/libg.a(lib_a-locale.o)
                0x00000000080131a0                __locale_mb_cur_max
 .text.__locale_msgcharset
                0x00000000080131ac        0xc /usr/lib/gcc/arm-none-eabi/4.8.2/../../../arm-none-eabi/lib/armv7-m/libg.a(lib_a-locale.o)
                0x00000000080131ac                __locale_msgcharset
 .text.__locale_cjk_lang
                0x00000000080131b8        0x4 /usr/lib/gcc/arm-none-eabi/4.8.2/../../../arm-none-eabi/lib/armv7-m/libg.a(lib_a-locale.o)
                0x00000000080131b8                __locale_cjk_lang
 .text._localeconv_r
                0x00000000080131bc        0xc /usr/lib/gcc/arm-none-eabi/4.8.2/../../../arm-none-eabi/lib/armv7-m/libg.a(lib_a-locale.o)
                0x00000000080131bc                _localeconv_r
 .text.setlocale
                0x00000000080131c8       0x14 /usr/lib/gcc/arm-none-eabi/4.8.2/../../../arm-none-eabi/lib/armv7-m/libg.a(lib_a-locale.o)
                0x00000000080131c8                setlocale
 .text.localeconv
                0x00000000080131dc        0xc /usr/lib/gcc/arm-none-eabi/4.8.2/../../../arm-none-eabi/lib/armv7-m/libg.a(lib_a-locale.o)
                0x00000000080131dc                localeconv
 .text._malloc_r
                0x00000000080131e8      0x564 /usr/lib/gcc/arm-none-eabi/4.8.2/../../../arm-none-eabi/lib/armv7-m/libg.a(lib_a-mallocr.o)
                0x00000000080131e8                _malloc_r
 .text.memchr   0x000000000801374c       0x94 /usr/lib/gcc/arm-none-eabi/4.8.2/../../../arm-none-eabi/lib/armv7-m/libg.a(lib_a-memchr-stub.o)
                0x000000000801374c                memchr
 .text.__malloc_lock
                0x00000000080137e0        0x4 /usr/lib/gcc/arm-none-eabi/4.8.2/../../../arm-none-eabi/lib/armv7-m/libg.a(lib_a-mlock.o)
                0x00000000080137e0                __malloc_lock
 .text.__malloc_unlock
                0x00000000080137e4        0x4 /usr/lib/gcc/arm-none-eabi/4.8.2/../../../arm-none-eabi/lib/armv7-m/libg.a(lib_a-mlock.o)
                0x00000000080137e4                __malloc_unlock
 .text._Balloc  0x00000000080137e8       0x4c /usr/lib/gcc/arm-none-eabi/4.8.2/../../../arm-none-eabi/lib/armv7-m/libg.a(lib_a-mprec.o)
                0x00000000080137e8                _Balloc
 .text._Bfree   0x0000000008013834       0x14 /usr/lib/gcc/arm-none-eabi/4.8.2/../../../arm-none-eabi/lib/armv7-m/libg.a(lib_a-mprec.o)
                0x0000000008013834                _Bfree
 .text.__multadd
                0x0000000008013848       0x94 /usr/lib/gcc/arm-none-eabi/4.8.2/../../../arm-none-eabi/lib/armv7-m/libg.a(lib_a-mprec.o)
                0x0000000008013848                __multadd
 .text.__s2b    0x00000000080138dc       0x9c /usr/lib/gcc/arm-none-eabi/4.8.2/../../../arm-none-eabi/lib/armv7-m/libg.a(lib_a-mprec.o)
                0x00000000080138dc                __s2b
 .text.__hi0bits
                0x0000000008013978       0x3c /usr/lib/gcc/arm-none-eabi/4.8.2/../../../arm-none-eabi/lib/armv7-m/libg.a(lib_a-mprec.o)
                0x0000000008013978                __hi0bits
 .text.__lo0bits
                0x00000000080139b4       0x5c /usr/lib/gcc/arm-none-eabi/4.8.2/../../../arm-none-eabi/lib/armv7-m/libg.a(lib_a-mprec.o)
                0x00000000080139b4                __lo0bits
 .text.__i2b    0x0000000008013a10       0x14 /usr/lib/gcc/arm-none-eabi/4.8.2/../../../arm-none-eabi/lib/armv7-m/libg.a(lib_a-mprec.o)
                0x0000000008013a10                __i2b
 .text.__multiply
                0x0000000008013a24      0x154 /usr/lib/gcc/arm-none-eabi/4.8.2/../../../arm-none-eabi/lib/armv7-m/libg.a(lib_a-mprec.o)
                0x0000000008013a24                __multiply
 .text.__pow5mult
                0x0000000008013b78       0xa0 /usr/lib/gcc/arm-none-eabi/4.8.2/../../../arm-none-eabi/lib/armv7-m/libg.a(lib_a-mprec.o)
                0x0000000008013b78                __pow5mult
 .text.__lshift
                0x0000000008013c18       0xbc /usr/lib/gcc/arm-none-eabi/4.8.2/../../../arm-none-eabi/lib/armv7-m/libg.a(lib_a-mprec.o)
                0x0000000008013c18                __lshift
 .text.__mcmp   0x0000000008013cd4       0x44 /usr/lib/gcc/arm-none-eabi/4.8.2/../../../arm-none-eabi/lib/armv7-m/libg.a(lib_a-mprec.o)
                0x0000000008013cd4                __mcmp
 .text.__mdiff  0x0000000008013d18       0xd4 /usr/lib/gcc/arm-none-eabi/4.8.2/../../../arm-none-eabi/lib/armv7-m/libg.a(lib_a-mprec.o)
                0x0000000008013d18                __mdiff
 .text.__ulp    0x0000000008013dec       0x40 /usr/lib/gcc/arm-none-eabi/4.8.2/../../../arm-none-eabi/lib/armv7-m/libg.a(lib_a-mprec.o)
                0x0000000008013dec                __ulp
 .text.__b2d    0x0000000008013e2c       0xb8 /usr/lib/gcc/arm-none-eabi/4.8.2/../../../arm-none-eabi/lib/armv7-m/libg.a(lib_a-mprec.o)
                0x0000000008013e2c                __b2d
 .text.__d2b    0x0000000008013ee4       0xbc /usr/lib/gcc/arm-none-eabi/4.8.2/../../../arm-none-eabi/lib/armv7-m/libg.a(lib_a-mprec.o)
                0x0000000008013ee4                __d2b
 .text.__ratio  0x0000000008013fa0       0x5c /usr/lib/gcc/arm-none-eabi/4.8.2/../../../arm-none-eabi/lib/armv7-m/libg.a(lib_a-mprec.o)
                0x0000000008013fa0                __ratio
 .text._mprec_log10
                0x0000000008013ffc       0x34 /usr/lib/gcc/arm-none-eabi/4.8.2/../../../arm-none-eabi/lib/armv7-m/libg.a(lib_a-mprec.o)
                0x0000000008013ffc                _mprec_log10
 .text.__copybits
                0x0000000008014030       0x48 /usr/lib/gcc/arm-none-eabi/4.8.2/../../../arm-none-eabi/lib/armv7-m/libg.a(lib_a-mprec.o)
                0x0000000008014030                __copybits
 .text.__any_on
                0x0000000008014078       0x5c /usr/lib/gcc/arm-none-eabi/4.8.2/../../../arm-none-eabi/lib/armv7-m/libg.a(lib_a-mprec.o)
                0x0000000008014078                __any_on
 .text.__fpclassifyd
                0x00000000080140d4       0x50 /usr/lib/gcc/arm-none-eabi/4.8.2/../../../arm-none-eabi/lib/armv7-m/libg.a(lib_a-s_fpclassify.o)
                0x00000000080140d4                __fpclassifyd
 .text._sbrk_r  0x0000000008014124       0x28 /usr/lib/gcc/arm-none-eabi/4.8.2/../../../arm-none-eabi/lib/armv7-m/libg.a(lib_a-sbrkr.o)
                0x0000000008014124                _sbrk_r
 .text.strlen   0x000000000801414c       0x60 /usr/lib/gcc/arm-none-eabi/4.8.2/../../../arm-none-eabi/lib/armv7-m/libg.a(lib_a-strlen.o)
                0x000000000801414c                strlen
 .text.__ssprint_r
                0x00000000080141ac      0x100 /usr/lib/gcc/arm-none-eabi/4.8.2/../../../arm-none-eabi/lib/armv7-m/libg.a(lib_a-svfiprintf.o)
                0x00000000080141ac                __ssprint_r
 .text._svfiprintf_r
                0x00000000080142ac      0xae8 /usr/lib/gcc/arm-none-eabi/4.8.2/../../../arm-none-eabi/lib/armv7-m/libg.a(lib_a-svfiprintf.o)
                0x00000000080142ac                _svfiprintf_r
 .text._calloc_r
                0x0000000008014d94       0x60 /usr/lib/gcc/arm-none-eabi/4.8.2/../../../arm-none-eabi/lib/armv7-m/libg.a(lib_a-callocr.o)
                0x0000000008014d94                _calloc_r
 .text._malloc_trim_r
                0x0000000008014df4       0xa4 /usr/lib/gcc/arm-none-eabi/4.8.2/../../../arm-none-eabi/lib/armv7-m/libg.a(lib_a-freer.o)
                0x0000000008014df4                _malloc_trim_r
 .text._free_r  0x0000000008014e98      0x198 /usr/lib/gcc/arm-none-eabi/4.8.2/../../../arm-none-eabi/lib/armv7-m/libg.a(lib_a-freer.o)
                0x0000000008014e98                _free_r
 .text.memmove  0x0000000008015030       0xcc /usr/lib/gcc/arm-none-eabi/4.8.2/../../../arm-none-eabi/lib/armv7-m/libg.a(lib_a-memmove.o)
                0x0000000008015030                memmove
 .text._realloc_r
                0x00000000080150fc      0x3e4 /usr/lib/gcc/arm-none-eabi/4.8.2/../../../arm-none-eabi/lib/armv7-m/libg.a(lib_a-reallocr.o)
                0x00000000080150fc                _realloc_r
 .text.cleanup_glue
                0x00000000080154e0       0x1c /usr/lib/gcc/arm-none-eabi/4.8.2/../../../arm-none-eabi/lib/armv7-m/libg.a(lib_a-reent.o)
                0x00000000080154e0                cleanup_glue
 .text._reclaim_reent
                0x00000000080154fc       0x94 /usr/lib/gcc/arm-none-eabi/4.8.2/../../../arm-none-eabi/lib/armv7-m/libg.a(lib_a-reent.o)
                0x00000000080154fc                _reclaim_reent
 .text._sbrk    0x0000000008015590       0x20 /usr/lib/gcc/arm-none-eabi/4.8.2/../../../arm-none-eabi/lib/armv7-m/libnosys.a(sbrk.o)
                0x0000000008015590                _sbrk
 .text._exit    0x00000000080155b0        0x4 /usr/lib/gcc/arm-none-eabi/4.8.2/../../../arm-none-eabi/lib/armv7-m/libnosys.a(_exit.o)
                0x00000000080155b0                _exit
 *(.glue_7)
 .glue_7        0x0000000000000000        0x0 linker stubs
 *(.glue_7t)
 .glue_7t       0x0000000000000000        0x0 linker stubs
 *(.eh_frame)
 .eh_frame      0x00000000080155b4        0x0 /usr/lib/gcc/arm-none-eabi/4.8.2/armv7-m/crtbegin.o
 .eh_frame      0x00000000080155b4        0x4 /usr/lib/gcc/arm-none-eabi/4.8.2/armv7-m/crtend.o
 *(.init)
 .init          0x00000000080155b8        0x4 /usr/lib/gcc/arm-none-eabi/4.8.2/armv7-m/crti.o
                0x00000000080155b8                _init
 .init          0x00000000080155bc        0x8 /usr/lib/gcc/arm-none-eabi/4.8.2/armv7-m/crtn.o
 *(.fini)
 .fini          0x00000000080155c4        0x4 /usr/lib/gcc/arm-none-eabi/4.8.2/armv7-m/crti.o
                0x00000000080155c4                _fini
 .fini          0x00000000080155c8        0x8 /usr/lib/gcc/arm-none-eabi/4.8.2/armv7-m/crtn.o
                0x00000000080155d0                . = ALIGN (0x4)
                0x00000000080155d0                _etext = .

.vfp11_veneer   0x00000000080155d0        0x0
 .vfp11_veneer  0x0000000000000000        0x0 linker stubs

.v4_bx          0x00000000080155d0        0x0
 .v4_bx         0x0000000000000000        0x0 linker stubs

.iplt           0x00000000080155d0        0x0
 .iplt          0x0000000000000000        0x0 /usr/lib/gcc/arm-none-eabi/4.8.2/armv7-m/crtbegin.o

.RamFunc        0x00000000080155d0      0x3bc
 .RamFunc       0x00000000080155d0      0x3bc /tmp/ccp0K0Hw.o
                0x00000000080155d0                HAL_FLASHEx_EnableRunPowerDown
                0x000000000801561c                HAL_FLASHEx_DisableRunPowerDown
                0x0000000008015668                HAL_FLASHEx_HalfPageProgram
                0x0000000008015744                HAL_FLASHEx_DATAEEPROM_EraseDoubleWord
                0x000000000801580c                HAL_FLASHEx_DATAEEPROM_ProgramDoubleWord

.rodata         0x0000000008015990      0x268
                0x0000000008015990                . = ALIGN (0x4)
 *(.rodata)
 .rodata        0x0000000008015990        0x4 /tmp/ccVGgs7y.o
 .rodata        0x0000000008015994        0x8 /tmp/ccJIryXK.o
 .rodata        0x000000000801599c        0x4 /tmp/ccF6aHhL.o
 .rodata        0x00000000080159a0       0x20 /tmp/ccDsGWbA.o
                0x00000000080159a0                aAPBAHBPrescTable
                0x00000000080159b0                aPLLDivisionFactorTable
                0x00000000080159b4                aPLLMULFactorTable
 .rodata        0x00000000080159c0        0xc /tmp/ccR3r57W.o
                0x00000000080159c0                GPIO_PIN
                0x00000000080159c4                BUTTON_PIN
                0x00000000080159c8                BUTTON_IRQn
 .rodata        0x00000000080159cc       0x48 /tmp/cc7ZNISA.o
                0x00000000080159cc                CapLetterMap
                0x0000000008015a00                NumberMap
 .rodata        0x0000000008015a14       0x14 /tmp/ccSnjpBa.o
 *(.rodata*)
 .rodata.str1.4
                0x0000000008015a28        0x2 /usr/lib/gcc/arm-none-eabi/4.8.2/../../../arm-none-eabi/lib/armv7-m/libg.a(lib_a-impure.o)
                                          0x4 (size before relaxing)
 *fill*         0x0000000008015a2a        0x2 
 .rodata._global_impure_ptr
                0x0000000008015a2c        0x4 /usr/lib/gcc/arm-none-eabi/4.8.2/../../../arm-none-eabi/lib/armv7-m/libg.a(lib_a-impure.o)
                0x0000000008015a2c                _global_impure_ptr
 .rodata.zeroes.6760
                0x0000000008015a30       0x10 /usr/lib/gcc/arm-none-eabi/4.8.2/../../../arm-none-eabi/lib/armv7-m/libg.a(lib_a-svfprintf.o)
 .rodata.str1.4
                0x0000000008015a40       0x42 /usr/lib/gcc/arm-none-eabi/4.8.2/../../../arm-none-eabi/lib/armv7-m/libg.a(lib_a-svfprintf.o)
                                         0x44 (size before relaxing)
 *fill*         0x0000000008015a82        0x2 
 .rodata.blanks.6759
                0x0000000008015a84       0x10 /usr/lib/gcc/arm-none-eabi/4.8.2/../../../arm-none-eabi/lib/armv7-m/libg.a(lib_a-svfprintf.o)
 .rodata.str1.4
                0x0000000008015a94       0x10 /usr/lib/gcc/arm-none-eabi/4.8.2/../../../arm-none-eabi/lib/armv7-m/libg.a(lib_a-dtoa.o)
                                         0x14 (size before relaxing)
 .rodata.str1.4
                0x0000000008015aa4        0xc /usr/lib/gcc/arm-none-eabi/4.8.2/../../../arm-none-eabi/lib/armv7-m/libg.a(lib_a-locale.o)
                                         0x14 (size before relaxing)
 .rodata.__mprec_tens
                0x0000000008015ab0       0xc8 /usr/lib/gcc/arm-none-eabi/4.8.2/../../../arm-none-eabi/lib/armv7-m/libg.a(lib_a-mprec.o)
                0x0000000008015ab0                __mprec_tens
 .rodata.__mprec_bigtens
                0x0000000008015b78       0x28 /usr/lib/gcc/arm-none-eabi/4.8.2/../../../arm-none-eabi/lib/armv7-m/libg.a(lib_a-mprec.o)
                0x0000000008015b78                __mprec_bigtens
 .rodata.p05.5266
                0x0000000008015ba0        0xc /usr/lib/gcc/arm-none-eabi/4.8.2/../../../arm-none-eabi/lib/armv7-m/libg.a(lib_a-mprec.o)
 *fill*         0x0000000008015bac        0x4 
 .rodata.__mprec_tinytens
                0x0000000008015bb0       0x28 /usr/lib/gcc/arm-none-eabi/4.8.2/../../../arm-none-eabi/lib/armv7-m/libg.a(lib_a-mprec.o)
                0x0000000008015bb0                __mprec_tinytens
 .rodata.zeroes.6704
                0x0000000008015bd8       0x10 /usr/lib/gcc/arm-none-eabi/4.8.2/../../../arm-none-eabi/lib/armv7-m/libg.a(lib_a-svfiprintf.o)
 .rodata.str1.4
                0x0000000000000000       0x30 /usr/lib/gcc/arm-none-eabi/4.8.2/../../../arm-none-eabi/lib/armv7-m/libg.a(lib_a-svfiprintf.o)
 .rodata.blanks.6703
                0x0000000008015be8       0x10 /usr/lib/gcc/arm-none-eabi/4.8.2/../../../arm-none-eabi/lib/armv7-m/libg.a(lib_a-svfiprintf.o)
                0x0000000008015bf8                . = ALIGN (0x4)

.ARM.extab      0x0000000008015bf8        0x0
 *(.ARM.extab* .gnu.linkonce.armextab.*)
 .ARM.extab     0x0000000008015bf8        0x0 /usr/lib/gcc/arm-none-eabi/4.8.2/../../../arm-none-eabi/lib/armv7-m/crt0.o
 .ARM.extab     0x0000000008015bf8        0x0 /usr/lib/gcc/arm-none-eabi/4.8.2/armv7-m/libgcc.a(_divdi3.o)
 .ARM.extab     0x0000000008015bf8        0x0 /usr/lib/gcc/arm-none-eabi/4.8.2/armv7-m/libgcc.a(_udivdi3.o)

.ARM            0x0000000008015bf8        0x8
                0x0000000008015bf8                __exidx_start = .
 *(.ARM.exidx*)
 .ARM.exidx     0x0000000008015bf8        0x8 /usr/lib/gcc/arm-none-eabi/4.8.2/../../../arm-none-eabi/lib/armv7-m/crt0.o
 .ARM.exidx     0x0000000008015c00        0x0 /usr/lib/gcc/arm-none-eabi/4.8.2/armv7-m/libgcc.a(_divdi3.o)
                                          0x8 (size before relaxing)
 .ARM.exidx     0x0000000008015c00        0x0 /usr/lib/gcc/arm-none-eabi/4.8.2/armv7-m/libgcc.a(_udivdi3.o)
                                          0x8 (size before relaxing)
                0x0000000008015c00                __exidx_end = .

.rel.dyn        0x0000000008015c00        0x0
 .rel.iplt      0x0000000000000000        0x0 /usr/lib/gcc/arm-none-eabi/4.8.2/armv7-m/crtbegin.o

.preinit_array  0x0000000008015c00        0x0
                0x0000000008015c00                PROVIDE (__preinit_array_start, .)
 *(.preinit_array*)
                0x0000000008015c00                PROVIDE (__preinit_array_end, .)

.init_array     0x0000000008015c00        0x8
                0x0000000008015c00                PROVIDE (__init_array_start, .)
 *(SORT(.init_array.*))
 .init_array.00000
                0x0000000008015c00        0x4 /usr/lib/gcc/arm-none-eabi/4.8.2/../../../arm-none-eabi/lib/armv7-m/libg.a(lib_a-__call_atexit.o)
 *(.init_array*)
 .init_array    0x0000000008015c04        0x4 /usr/lib/gcc/arm-none-eabi/4.8.2/armv7-m/crtbegin.o
                0x0000000008015c08                PROVIDE (__init_array_end, .)

.fini_array     0x0000000008015c08        0x4
                0x0000000008015c08                PROVIDE (__fini_array_start, .)
 *(SORT(.fini_array.*))
 *(.fini_array*)
 .fini_array    0x0000000008015c08        0x4 /usr/lib/gcc/arm-none-eabi/4.8.2/armv7-m/crtbegin.o
                0x0000000008015c0c                PROVIDE (__fini_array_end, .)
                0x0000000008015c0c                _sidata = LOADADDR (.data)

.data           0x0000000020000000      0x8f8 load address 0x0000000008015c0c
                0x0000000020000000                . = ALIGN (0x4)
                0x0000000020000000                _sdata = .
 *(.data)
 .data          0x0000000020000000        0x0 /usr/lib/gcc/arm-none-eabi/4.8.2/armv7-m/crti.o
 .data          0x0000000020000000        0x4 /usr/lib/gcc/arm-none-eabi/4.8.2/armv7-m/crtbegin.o
                0x0000000020000000                __dso_handle
 .data          0x0000000020000004        0x0 /usr/lib/gcc/arm-none-eabi/4.8.2/../../../arm-none-eabi/lib/armv7-m/crt0.o
 .data          0x0000000020000004        0x0 /tmp/ccVGgs7y.o
 .data          0x0000000020000004        0x0 /tmp/cc4aanW9.o
 .data          0x0000000020000004        0x4 /tmp/ccJIryXK.o
 .data          0x0000000020000008        0x0 /tmp/ccOVKj4l.o
 .data          0x0000000020000008        0x0 /tmp/ccDwS2iX.o
 .data          0x0000000020000008        0x0 /tmp/cc6VroAy.o
 .data          0x0000000020000008        0x0 /tmp/cc5FdoU9.o
 .data          0x0000000020000008        0x4 /tmp/ccF6aHhL.o
 .data          0x000000002000000c        0x0 /tmp/ccY6bILm.o
 .data          0x000000002000000c        0x0 /tmp/ccz2DRnY.o
 .data          0x000000002000000c        0x0 /tmp/ccDsGWbA.o
 .data          0x000000002000000c        0x0 /tmp/ccx1TC6b.o
 .data          0x000000002000000c        0x0 /tmp/ccn8OT7N.o
 .data          0x000000002000000c        0x0 /tmp/cc5047hq.o
 .data          0x000000002000000c        0x0 /tmp/cc17JMy2.o
 .data          0x000000002000000c        0x0 /tmp/cc1ShRWE.o
 .data          0x000000002000000c        0x0 /tmp/ccJX3trh.o
 .data          0x000000002000000c        0x0 /tmp/cc7mvO1T.o
 .data          0x000000002000000c        0x0 /tmp/ccp0K0Hw.o
 .data          0x000000002000000c        0x0 /tmp/cceY4Ju9.o
 .data          0x000000002000000c        0x0 /tmp/ccirwZrM.o
 .data          0x000000002000000c        0x0 /tmp/ccsed4wp.o
 .data          0x000000002000000c        0x0 /tmp/cc2XHsJ2.o
 .data          0x000000002000000c        0x0 /tmp/ccx42i2F.o
 .data          0x000000002000000c        0x0 /tmp/ccjsO0wj.o
 .data          0x000000002000000c        0xc /tmp/ccR3r57W.o
                0x000000002000000c                GPIO_PORT
                0x0000000020000014                BUTTON_PORT
 .data          0x0000000020000018        0x1 /tmp/cc7ZNISA.o
                0x0000000020000018                LCDBar
 .data          0x0000000020000019        0x0 /tmp/ccSmp2Fe.o
 .data          0x0000000020000019        0x0 /tmp/ccbzRvyS.o
 .data          0x0000000020000019        0x0 /tmp/ccvOuAww.o
 .data          0x0000000020000019        0x0 /tmp/ccSnjpBa.o
 *fill*         0x0000000020000019        0x3 
 .data          0x000000002000001c       0x20 /tmp/cc2RrvMO.o
                0x000000002000001c                SystemCoreClock
                0x0000000020000020                PLLMulTable
                0x000000002000002c                AHBPrescTable
 .data          0x000000002000003c        0x0 /tmp/ccy0ojYs.o
 .data          0x000000002000003c        0x0 /usr/lib/gcc/arm-none-eabi/4.8.2/../../../arm-none-eabi/lib/armv7-m/libg.a(lib_a-atexit.o)
 .data          0x000000002000003c        0x0 /usr/lib/gcc/arm-none-eabi/4.8.2/../../../arm-none-eabi/lib/armv7-m/libg.a(lib_a-exit.o)
 .data          0x000000002000003c        0x0 /usr/lib/gcc/arm-none-eabi/4.8.2/../../../arm-none-eabi/lib/armv7-m/libg.a(lib_a-fini.o)
 .data          0x000000002000003c        0x0 /usr/lib/gcc/arm-none-eabi/4.8.2/../../../arm-none-eabi/lib/armv7-m/libg.a(lib_a-impure.o)
 .data          0x000000002000003c        0x0 /usr/lib/gcc/arm-none-eabi/4.8.2/../../../arm-none-eabi/lib/armv7-m/libg.a(lib_a-init.o)
 .data          0x000000002000003c        0x0 /usr/lib/gcc/arm-none-eabi/4.8.2/../../../arm-none-eabi/lib/armv7-m/libg.a(lib_a-memcpy.o)
 .data          0x000000002000003c        0x0 /usr/lib/gcc/arm-none-eabi/4.8.2/../../../arm-none-eabi/lib/armv7-m/libg.a(lib_a-memset.o)
 .data          0x000000002000003c        0x0 /usr/lib/gcc/arm-none-eabi/4.8.2/../../../arm-none-eabi/lib/armv7-m/libg.a(lib_a-snprintf.o)
 .data          0x000000002000003c        0x0 /usr/lib/gcc/arm-none-eabi/4.8.2/../../../arm-none-eabi/lib/armv7-m/libg.a(lib_a-svfprintf.o)
 .data          0x000000002000003c        0x0 /usr/lib/gcc/arm-none-eabi/4.8.2/../../../arm-none-eabi/lib/armv7-m/libg.a(lib_a-__atexit.o)
 .data          0x000000002000003c        0x0 /usr/lib/gcc/arm-none-eabi/4.8.2/../../../arm-none-eabi/lib/armv7-m/libg.a(lib_a-__call_atexit.o)
 .data          0x000000002000003c        0x0 /usr/lib/gcc/arm-none-eabi/4.8.2/../../../arm-none-eabi/lib/armv7-m/libg.a(lib_a-dtoa.o)
 .data          0x000000002000003c        0x0 /usr/lib/gcc/arm-none-eabi/4.8.2/../../../arm-none-eabi/lib/armv7-m/libg.a(lib_a-locale.o)
 .data          0x000000002000003c        0x0 /usr/lib/gcc/arm-none-eabi/4.8.2/../../../arm-none-eabi/lib/armv7-m/libg.a(lib_a-mallocr.o)
 .data          0x000000002000003c        0x0 /usr/lib/gcc/arm-none-eabi/4.8.2/../../../arm-none-eabi/lib/armv7-m/libg.a(lib_a-memchr-stub.o)
 .data          0x000000002000003c        0x0 /usr/lib/gcc/arm-none-eabi/4.8.2/../../../arm-none-eabi/lib/armv7-m/libg.a(lib_a-mlock.o)
 .data          0x000000002000003c        0x0 /usr/lib/gcc/arm-none-eabi/4.8.2/../../../arm-none-eabi/lib/armv7-m/libg.a(lib_a-mprec.o)
 .data          0x000000002000003c        0x0 /usr/lib/gcc/arm-none-eabi/4.8.2/../../../arm-none-eabi/lib/armv7-m/libg.a(lib_a-s_fpclassify.o)
 .data          0x000000002000003c        0x0 /usr/lib/gcc/arm-none-eabi/4.8.2/../../../arm-none-eabi/lib/armv7-m/libg.a(lib_a-sbrkr.o)
 .data          0x000000002000003c        0x0 /usr/lib/gcc/arm-none-eabi/4.8.2/../../../arm-none-eabi/lib/armv7-m/libg.a(lib_a-strcmp.o)
 .data          0x000000002000003c        0x0 /usr/lib/gcc/arm-none-eabi/4.8.2/../../../arm-none-eabi/lib/armv7-m/libg.a(lib_a-strlen.o)
 .data          0x000000002000003c        0x0 /usr/lib/gcc/arm-none-eabi/4.8.2/../../../arm-none-eabi/lib/armv7-m/libg.a(lib_a-svfiprintf.o)
 .data          0x000000002000003c        0x0 /usr/lib/gcc/arm-none-eabi/4.8.2/../../../arm-none-eabi/lib/armv7-m/libg.a(lib_a-callocr.o)
 .data          0x000000002000003c        0x0 /usr/lib/gcc/arm-none-eabi/4.8.2/../../../arm-none-eabi/lib/armv7-m/libg.a(lib_a-freer.o)
 .data          0x000000002000003c        0x0 /usr/lib/gcc/arm-none-eabi/4.8.2/../../../arm-none-eabi/lib/armv7-m/libg.a(lib_a-memmove.o)
 .data          0x000000002000003c        0x0 /usr/lib/gcc/arm-none-eabi/4.8.2/../../../arm-none-eabi/lib/armv7-m/libg.a(lib_a-reallocr.o)
 .data          0x000000002000003c        0x0 /usr/lib/gcc/arm-none-eabi/4.8.2/../../../arm-none-eabi/lib/armv7-m/libg.a(lib_a-reent.o)
 .data          0x000000002000003c        0x0 /usr/lib/gcc/arm-none-eabi/4.8.2/../../../arm-none-eabi/lib/armv7-m/libnosys.a(sbrk.o)
 .data          0x000000002000003c        0x0 /usr/lib/gcc/arm-none-eabi/4.8.2/../../../arm-none-eabi/lib/armv7-m/libnosys.a(_exit.o)
 .data          0x000000002000003c        0x0 /usr/lib/gcc/arm-none-eabi/4.8.2/armv7-m/libgcc.a(_arm_addsubdf3.o)
 .data          0x000000002000003c        0x0 /usr/lib/gcc/arm-none-eabi/4.8.2/armv7-m/libgcc.a(_arm_muldivdf3.o)
 .data          0x000000002000003c        0x0 /usr/lib/gcc/arm-none-eabi/4.8.2/armv7-m/libgcc.a(_arm_cmpdf2.o)
 .data          0x000000002000003c        0x0 /usr/lib/gcc/arm-none-eabi/4.8.2/armv7-m/libgcc.a(_arm_fixdfsi.o)
 .data          0x000000002000003c        0x0 /usr/lib/gcc/arm-none-eabi/4.8.2/armv7-m/libgcc.a(_aeabi_uldivmod.o)
 .data          0x000000002000003c        0x0 /usr/lib/gcc/arm-none-eabi/4.8.2/armv7-m/libgcc.a(bpabi.o)
 .data          0x000000002000003c        0x0 /usr/lib/gcc/arm-none-eabi/4.8.2/armv7-m/libgcc.a(_dvmd_tls.o)
 .data          0x000000002000003c        0x0 /usr/lib/gcc/arm-none-eabi/4.8.2/armv7-m/libgcc.a(_divdi3.o)
 .data          0x000000002000003c        0x0 /usr/lib/gcc/arm-none-eabi/4.8.2/armv7-m/libgcc.a(_udivdi3.o)
 .data          0x000000002000003c        0x0 /usr/lib/gcc/arm-none-eabi/4.8.2/armv7-m/crtend.o
 .data          0x000000002000003c        0x0 /usr/lib/gcc/arm-none-eabi/4.8.2/armv7-m/crtn.o
 *(.data*)
 *fill*         0x000000002000003c        0x4 
 .data.impure_data
                0x0000000020000040      0x428 /usr/lib/gcc/arm-none-eabi/4.8.2/../../../arm-none-eabi/lib/armv7-m/libg.a(lib_a-impure.o)
 .data._impure_ptr
                0x0000000020000468        0x4 /usr/lib/gcc/arm-none-eabi/4.8.2/../../../arm-none-eabi/lib/armv7-m/libg.a(lib_a-impure.o)
                0x0000000020000468                _impure_ptr
 .data.lc_message_charset
                0x000000002000046c       0x20 /usr/lib/gcc/arm-none-eabi/4.8.2/../../../arm-none-eabi/lib/armv7-m/libg.a(lib_a-locale.o)
 .data.lconv    0x000000002000048c       0x38 /usr/lib/gcc/arm-none-eabi/4.8.2/../../../arm-none-eabi/lib/armv7-m/libg.a(lib_a-locale.o)
 .data.lc_ctype_charset
                0x00000000200004c4       0x20 /usr/lib/gcc/arm-none-eabi/4.8.2/../../../arm-none-eabi/lib/armv7-m/libg.a(lib_a-locale.o)
 .data.__mb_cur_max
                0x00000000200004e4        0x4 /usr/lib/gcc/arm-none-eabi/4.8.2/../../../arm-none-eabi/lib/armv7-m/libg.a(lib_a-locale.o)
                0x00000000200004e4                __mb_cur_max
 .data.__malloc_av_
                0x00000000200004e8      0x408 /usr/lib/gcc/arm-none-eabi/4.8.2/../../../arm-none-eabi/lib/armv7-m/libg.a(lib_a-mallocr.o)
                0x00000000200004e8                __malloc_av_
 .data.__malloc_trim_threshold
                0x00000000200008f0        0x4 /usr/lib/gcc/arm-none-eabi/4.8.2/../../../arm-none-eabi/lib/armv7-m/libg.a(lib_a-mallocr.o)
                0x00000000200008f0                __malloc_trim_threshold
 .data.__malloc_sbrk_base
                0x00000000200008f4        0x4 /usr/lib/gcc/arm-none-eabi/4.8.2/../../../arm-none-eabi/lib/armv7-m/libg.a(lib_a-mallocr.o)
                0x00000000200008f4                __malloc_sbrk_base
                0x00000000200008f8                . = ALIGN (0x4)
                0x00000000200008f8                _edata = .

.jcr            0x00000000200008f8        0x4 load address 0x0000000008016504
 .jcr           0x00000000200008f8        0x0 /usr/lib/gcc/arm-none-eabi/4.8.2/armv7-m/crtbegin.o
 .jcr           0x00000000200008f8        0x4 /usr/lib/gcc/arm-none-eabi/4.8.2/armv7-m/crtend.o

.tm_clone_table
                0x00000000200008fc        0x0 load address 0x0000000008016508
 .tm_clone_table
                0x00000000200008fc        0x0 /usr/lib/gcc/arm-none-eabi/4.8.2/armv7-m/crtbegin.o
 .tm_clone_table
                0x00000000200008fc        0x0 /usr/lib/gcc/arm-none-eabi/4.8.2/armv7-m/crtend.o

.igot.plt       0x00000000200008fc        0x0 load address 0x0000000008016508
 .igot.plt      0x0000000000000000        0x0 /usr/lib/gcc/arm-none-eabi/4.8.2/armv7-m/crtbegin.o
                0x00000000200008fc                . = ALIGN (0x4)

.bss            0x00000000200008fc      0xad0 load address 0x0000000008016508
                0x00000000200008fc                _sbss = .
                0x00000000200008fc                __bss_start__ = _sbss
 *(.bss)
 .bss           0x00000000200008fc        0x0 /usr/lib/gcc/arm-none-eabi/4.8.2/armv7-m/crti.o
 .bss           0x00000000200008fc       0x1c /usr/lib/gcc/arm-none-eabi/4.8.2/armv7-m/crtbegin.o
 .bss           0x0000000020000918        0x0 /usr/lib/gcc/arm-none-eabi/4.8.2/../../../arm-none-eabi/lib/armv7-m/crt0.o
 .bss           0x0000000020000918      0x7e8 /tmp/ccVGgs7y.o
 .bss           0x0000000020001100        0x0 /tmp/cc4aanW9.o
 .bss           0x0000000020001100      0x124 /tmp/ccJIryXK.o
                0x0000000020001100                pxCurrentTCB
 .bss           0x0000000020001224        0x0 /tmp/ccOVKj4l.o
 .bss           0x0000000020001224        0x0 /tmp/ccDwS2iX.o
 .bss           0x0000000020001224        0x0 /tmp/cc6VroAy.o
 .bss           0x0000000020001224        0x0 /tmp/cc5FdoU9.o
 .bss           0x0000000020001224        0x8 /tmp/ccF6aHhL.o
 .bss           0x000000002000122c        0x0 /tmp/ccY6bILm.o
 .bss           0x000000002000122c        0x0 /tmp/ccz2DRnY.o
 .bss           0x000000002000122c        0x0 /tmp/ccDsGWbA.o
 .bss           0x000000002000122c        0x0 /tmp/ccx1TC6b.o
 .bss           0x000000002000122c        0x0 /tmp/ccn8OT7N.o
 .bss           0x000000002000122c        0x0 /tmp/cc5047hq.o
 .bss           0x000000002000122c        0x4 /tmp/cc17JMy2.o
 .bss           0x0000000020001230        0x0 /tmp/cc1ShRWE.o
 .bss           0x0000000020001230        0x0 /tmp/ccJX3trh.o
 .bss           0x0000000020001230        0x0 /tmp/cc7mvO1T.o
 .bss           0x0000000020001230        0x0 /tmp/ccp0K0Hw.o
 .bss           0x0000000020001230        0x0 /tmp/cceY4Ju9.o
 .bss           0x0000000020001230        0x0 /tmp/ccirwZrM.o
 .bss           0x0000000020001230        0x0 /tmp/ccsed4wp.o
 .bss           0x0000000020001230        0x0 /tmp/cc2XHsJ2.o
 .bss           0x0000000020001230        0x0 /tmp/ccx42i2F.o
 .bss           0x0000000020001230        0x0 /tmp/ccjsO0wj.o
 .bss           0x0000000020001230        0x0 /tmp/ccR3r57W.o
 .bss           0x0000000020001230        0x1 /tmp/cc7ZNISA.o
                0x0000000020001230                bLCDGlass_KeyPressed
 .bss           0x0000000020001231        0x0 /tmp/ccSmp2Fe.o
 .bss           0x0000000020001231        0x0 /tmp/ccbzRvyS.o
 .bss           0x0000000020001231        0x0 /tmp/ccvOuAww.o
 *fill*         0x0000000020001231        0x3 
 .bss           0x0000000020001234        0x4 /tmp/ccSnjpBa.o
 .bss           0x0000000020001238        0x0 /tmp/cc2RrvMO.o
 .bss           0x0000000020001238        0x0 /tmp/ccy0ojYs.o
 .bss           0x0000000020001238        0x0 /usr/lib/gcc/arm-none-eabi/4.8.2/../../../arm-none-eabi/lib/armv7-m/libg.a(lib_a-atexit.o)
 .bss           0x0000000020001238        0x0 /usr/lib/gcc/arm-none-eabi/4.8.2/../../../arm-none-eabi/lib/armv7-m/libg.a(lib_a-exit.o)
 .bss           0x0000000020001238        0x0 /usr/lib/gcc/arm-none-eabi/4.8.2/../../../arm-none-eabi/lib/armv7-m/libg.a(lib_a-fini.o)
 .bss           0x0000000020001238        0x0 /usr/lib/gcc/arm-none-eabi/4.8.2/../../../arm-none-eabi/lib/armv7-m/libg.a(lib_a-impure.o)
 .bss           0x0000000020001238        0x0 /usr/lib/gcc/arm-none-eabi/4.8.2/../../../arm-none-eabi/lib/armv7-m/libg.a(lib_a-init.o)
 .bss           0x0000000020001238        0x0 /usr/lib/gcc/arm-none-eabi/4.8.2/../../../arm-none-eabi/lib/armv7-m/libg.a(lib_a-memcpy.o)
 .bss           0x0000000020001238        0x0 /usr/lib/gcc/arm-none-eabi/4.8.2/../../../arm-none-eabi/lib/armv7-m/libg.a(lib_a-memset.o)
 .bss           0x0000000020001238        0x0 /usr/lib/gcc/arm-none-eabi/4.8.2/../../../arm-none-eabi/lib/armv7-m/libg.a(lib_a-snprintf.o)
 .bss           0x0000000020001238        0x0 /usr/lib/gcc/arm-none-eabi/4.8.2/../../../arm-none-eabi/lib/armv7-m/libg.a(lib_a-svfprintf.o)
 .bss           0x0000000020001238        0x0 /usr/lib/gcc/arm-none-eabi/4.8.2/../../../arm-none-eabi/lib/armv7-m/libg.a(lib_a-__atexit.o)
 .bss           0x0000000020001238        0x0 /usr/lib/gcc/arm-none-eabi/4.8.2/../../../arm-none-eabi/lib/armv7-m/libg.a(lib_a-__call_atexit.o)
 .bss           0x0000000020001238        0x0 /usr/lib/gcc/arm-none-eabi/4.8.2/../../../arm-none-eabi/lib/armv7-m/libg.a(lib_a-dtoa.o)
 .bss           0x0000000020001238        0x0 /usr/lib/gcc/arm-none-eabi/4.8.2/../../../arm-none-eabi/lib/armv7-m/libg.a(lib_a-locale.o)
 .bss           0x0000000020001238        0x0 /usr/lib/gcc/arm-none-eabi/4.8.2/../../../arm-none-eabi/lib/armv7-m/libg.a(lib_a-mallocr.o)
 .bss           0x0000000020001238        0x0 /usr/lib/gcc/arm-none-eabi/4.8.2/../../../arm-none-eabi/lib/armv7-m/libg.a(lib_a-memchr-stub.o)
 .bss           0x0000000020001238        0x0 /usr/lib/gcc/arm-none-eabi/4.8.2/../../../arm-none-eabi/lib/armv7-m/libg.a(lib_a-mlock.o)
 .bss           0x0000000020001238        0x0 /usr/lib/gcc/arm-none-eabi/4.8.2/../../../arm-none-eabi/lib/armv7-m/libg.a(lib_a-mprec.o)
 .bss           0x0000000020001238        0x0 /usr/lib/gcc/arm-none-eabi/4.8.2/../../../arm-none-eabi/lib/armv7-m/libg.a(lib_a-s_fpclassify.o)
 .bss           0x0000000020001238        0x0 /usr/lib/gcc/arm-none-eabi/4.8.2/../../../arm-none-eabi/lib/armv7-m/libg.a(lib_a-sbrkr.o)
 .bss           0x0000000020001238        0x0 /usr/lib/gcc/arm-none-eabi/4.8.2/../../../arm-none-eabi/lib/armv7-m/libg.a(lib_a-strcmp.o)
 .bss           0x0000000020001238        0x0 /usr/lib/gcc/arm-none-eabi/4.8.2/../../../arm-none-eabi/lib/armv7-m/libg.a(lib_a-strlen.o)
 .bss           0x0000000020001238        0x0 /usr/lib/gcc/arm-none-eabi/4.8.2/../../../arm-none-eabi/lib/armv7-m/libg.a(lib_a-svfiprintf.o)
 .bss           0x0000000020001238        0x0 /usr/lib/gcc/arm-none-eabi/4.8.2/../../../arm-none-eabi/lib/armv7-m/libg.a(lib_a-callocr.o)
 .bss           0x0000000020001238        0x0 /usr/lib/gcc/arm-none-eabi/4.8.2/../../../arm-none-eabi/lib/armv7-m/libg.a(lib_a-freer.o)
 .bss           0x0000000020001238        0x0 /usr/lib/gcc/arm-none-eabi/4.8.2/../../../arm-none-eabi/lib/armv7-m/libg.a(lib_a-memmove.o)
 .bss           0x0000000020001238        0x0 /usr/lib/gcc/arm-none-eabi/4.8.2/../../../arm-none-eabi/lib/armv7-m/libg.a(lib_a-reallocr.o)
 .bss           0x0000000020001238        0x0 /usr/lib/gcc/arm-none-eabi/4.8.2/../../../arm-none-eabi/lib/armv7-m/libg.a(lib_a-reent.o)
 .bss           0x0000000020001238        0x0 /usr/lib/gcc/arm-none-eabi/4.8.2/../../../arm-none-eabi/lib/armv7-m/libnosys.a(sbrk.o)
 .bss           0x0000000020001238        0x0 /usr/lib/gcc/arm-none-eabi/4.8.2/../../../arm-none-eabi/lib/armv7-m/libnosys.a(_exit.o)
 .bss           0x0000000020001238        0x0 /usr/lib/gcc/arm-none-eabi/4.8.2/armv7-m/libgcc.a(_arm_addsubdf3.o)
 .bss           0x0000000020001238        0x0 /usr/lib/gcc/arm-none-eabi/4.8.2/armv7-m/libgcc.a(_arm_muldivdf3.o)
 .bss           0x0000000020001238        0x0 /usr/lib/gcc/arm-none-eabi/4.8.2/armv7-m/libgcc.a(_arm_cmpdf2.o)
 .bss           0x0000000020001238        0x0 /usr/lib/gcc/arm-none-eabi/4.8.2/armv7-m/libgcc.a(_arm_fixdfsi.o)
 .bss           0x0000000020001238        0x0 /usr/lib/gcc/arm-none-eabi/4.8.2/armv7-m/libgcc.a(_aeabi_uldivmod.o)
 .bss           0x0000000020001238        0x0 /usr/lib/gcc/arm-none-eabi/4.8.2/armv7-m/libgcc.a(bpabi.o)
 .bss           0x0000000020001238        0x0 /usr/lib/gcc/arm-none-eabi/4.8.2/armv7-m/libgcc.a(_dvmd_tls.o)
 .bss           0x0000000020001238        0x0 /usr/lib/gcc/arm-none-eabi/4.8.2/armv7-m/libgcc.a(_divdi3.o)
 .bss           0x0000000020001238        0x0 /usr/lib/gcc/arm-none-eabi/4.8.2/armv7-m/libgcc.a(_udivdi3.o)
 .bss           0x0000000020001238        0x0 /usr/lib/gcc/arm-none-eabi/4.8.2/armv7-m/crtend.o
 .bss           0x0000000020001238        0x0 /usr/lib/gcc/arm-none-eabi/4.8.2/armv7-m/crtn.o
 *(.bss*)
 .bss._PathLocale
                0x0000000020001238        0x4 /usr/lib/gcc/arm-none-eabi/4.8.2/../../../arm-none-eabi/lib/armv7-m/libg.a(lib_a-locale.o)
                0x0000000020001238                _PathLocale
 .bss.__nlocale_changed
                0x000000002000123c        0x4 /usr/lib/gcc/arm-none-eabi/4.8.2/../../../arm-none-eabi/lib/armv7-m/libg.a(lib_a-locale.o)
                0x000000002000123c                __nlocale_changed
 .bss.__mlocale_changed
                0x0000000020001240        0x4 /usr/lib/gcc/arm-none-eabi/4.8.2/../../../arm-none-eabi/lib/armv7-m/libg.a(lib_a-locale.o)
                0x0000000020001240                __mlocale_changed
 .bss.__malloc_max_total_mem
                0x0000000020001244        0x4 /usr/lib/gcc/arm-none-eabi/4.8.2/../../../arm-none-eabi/lib/armv7-m/libg.a(lib_a-mallocr.o)
                0x0000000020001244                __malloc_max_total_mem
 .bss.__malloc_max_sbrked_mem
                0x0000000020001248        0x4 /usr/lib/gcc/arm-none-eabi/4.8.2/../../../arm-none-eabi/lib/armv7-m/libg.a(lib_a-mallocr.o)
                0x0000000020001248                __malloc_max_sbrked_mem
 .bss.__malloc_top_pad
                0x000000002000124c        0x4 /usr/lib/gcc/arm-none-eabi/4.8.2/../../../arm-none-eabi/lib/armv7-m/libg.a(lib_a-mallocr.o)
                0x000000002000124c                __malloc_top_pad
 .bss.__malloc_current_mallinfo
                0x0000000020001250       0x28 /usr/lib/gcc/arm-none-eabi/4.8.2/../../../arm-none-eabi/lib/armv7-m/libg.a(lib_a-mallocr.o)
                0x0000000020001250                __malloc_current_mallinfo
 .bss.heap_end.4061
                0x0000000020001278        0x4 /usr/lib/gcc/arm-none-eabi/4.8.2/../../../arm-none-eabi/lib/armv7-m/libnosys.a(sbrk.o)
 *(COMMON)
 COMMON         0x000000002000127c       0x40 /tmp/ccDwS2iX.o
                0x000000002000127c                xQueueRegistry
 COMMON         0x00000000200012bc       0x18 /tmp/ccn8OT7N.o
                0x00000000200012bc                pFlash
 COMMON         0x00000000200012d4       0x4c /tmp/cc7ZNISA.o
                0x00000000200012d4                Digit
                0x00000000200012e4                LCDHandle
 COMMON         0x0000000020001320       0xa8 /tmp/ccSnjpBa.o
                0x0000000020001320                huart1
                0x0000000020001360                hdac
                0x0000000020001374                hadc
 COMMON         0x00000000200013c8        0x4 /usr/lib/gcc/arm-none-eabi/4.8.2/../../../arm-none-eabi/lib/armv7-m/libg.a(lib_a-reent.o)
                0x00000000200013c8                errno
                0x00000000200013cc                . = ALIGN (0x4)
                0x00000000200013cc                _ebss = .
                0x00000000200013cc                __bss_end__ = _ebss

._user_heap_stack
                0x00000000200013cc      0x600 load address 0x0000000008016508
                0x00000000200013cc                . = ALIGN (0x4)
                0x00000000200013cc                PROVIDE (end, .)
                0x00000000200013cc                PROVIDE (_end, .)
                0x00000000200015cc                . = (. + _Min_Heap_Size)
 *fill*         0x00000000200013cc      0x200 
                0x00000000200019cc                . = (. + _Min_Stack_Size)
 *fill*         0x00000000200015cc      0x400 
                0x00000000200019cc                . = ALIGN (0x4)

/DISCARD/
 libc.a(*)
 libm.a(*)
 libgcc.a(*)

.ARM.attributes
                0x0000000000000000       0x29
 *(.ARM.attributes)
 .ARM.attributes
                0x0000000000000000       0x1d /usr/lib/gcc/arm-none-eabi/4.8.2/armv7-m/crti.o
 .ARM.attributes
                0x000000000000001d       0x2d /usr/lib/gcc/arm-none-eabi/4.8.2/armv7-m/crtbegin.o
 .ARM.attributes
                0x000000000000004a       0x1b /usr/lib/gcc/arm-none-eabi/4.8.2/../../../arm-none-eabi/lib/armv7-m/crt0.o
 .ARM.attributes
                0x0000000000000065       0x33 /tmp/ccVGgs7y.o
 .ARM.attributes
                0x0000000000000098       0x33 /tmp/cc4aanW9.o
 .ARM.attributes
                0x00000000000000cb       0x33 /tmp/ccJIryXK.o
 .ARM.attributes
                0x00000000000000fe       0x33 /tmp/ccOVKj4l.o
 .ARM.attributes
                0x0000000000000131       0x33 /tmp/ccDwS2iX.o
 .ARM.attributes
                0x0000000000000164       0x33 /tmp/cc6VroAy.o
 .ARM.attributes
                0x0000000000000197       0x33 /tmp/cc5FdoU9.o
 .ARM.attributes
                0x00000000000001ca       0x33 /tmp/ccF6aHhL.o
 .ARM.attributes
                0x00000000000001fd       0x33 /tmp/ccY6bILm.o
 .ARM.attributes
                0x0000000000000230       0x33 /tmp/ccz2DRnY.o
 .ARM.attributes
                0x0000000000000263       0x33 /tmp/ccDsGWbA.o
 .ARM.attributes
                0x0000000000000296       0x33 /tmp/ccx1TC6b.o
 .ARM.attributes
                0x00000000000002c9       0x33 /tmp/ccn8OT7N.o
 .ARM.attributes
                0x00000000000002fc       0x33 /tmp/cc5047hq.o
 .ARM.attributes
                0x000000000000032f       0x33 /tmp/cc17JMy2.o
 .ARM.attributes
                0x0000000000000362       0x33 /tmp/cc1ShRWE.o
 .ARM.attributes
                0x0000000000000395       0x33 /tmp/ccJX3trh.o
 .ARM.attributes
                0x00000000000003c8       0x33 /tmp/cc7mvO1T.o
 .ARM.attributes
                0x00000000000003fb       0x33 /tmp/ccp0K0Hw.o
 .ARM.attributes
                0x000000000000042e       0x33 /tmp/cceY4Ju9.o
 .ARM.attributes
                0x0000000000000461       0x33 /tmp/ccirwZrM.o
 .ARM.attributes
                0x0000000000000494       0x33 /tmp/ccsed4wp.o
 .ARM.attributes
                0x00000000000004c7       0x33 /tmp/cc2XHsJ2.o
 .ARM.attributes
                0x00000000000004fa       0x33 /tmp/ccx42i2F.o
 .ARM.attributes
                0x000000000000052d       0x33 /tmp/ccjsO0wj.o
 .ARM.attributes
                0x0000000000000560       0x33 /tmp/ccR3r57W.o
 .ARM.attributes
                0x0000000000000593       0x33 /tmp/cc7ZNISA.o
 .ARM.attributes
                0x00000000000005c6       0x33 /tmp/ccSmp2Fe.o
 .ARM.attributes
                0x00000000000005f9       0x33 /tmp/ccbzRvyS.o
 .ARM.attributes
                0x000000000000062c       0x33 /tmp/ccvOuAww.o
 .ARM.attributes
                0x000000000000065f       0x33 /tmp/ccSnjpBa.o
 .ARM.attributes
                0x0000000000000692       0x33 /tmp/cc2RrvMO.o
 .ARM.attributes
                0x00000000000006c5       0x21 /tmp/ccy0ojYs.o
 .ARM.attributes
                0x00000000000006e6       0x2d /usr/lib/gcc/arm-none-eabi/4.8.2/../../../arm-none-eabi/lib/armv7-m/libg.a(lib_a-atexit.o)
 .ARM.attributes
                0x0000000000000713       0x2d /usr/lib/gcc/arm-none-eabi/4.8.2/../../../arm-none-eabi/lib/armv7-m/libg.a(lib_a-exit.o)
 .ARM.attributes
                0x0000000000000740       0x2d /usr/lib/gcc/arm-none-eabi/4.8.2/../../../arm-none-eabi/lib/armv7-m/libg.a(lib_a-fini.o)
 .ARM.attributes
                0x000000000000076d       0x2d /usr/lib/gcc/arm-none-eabi/4.8.2/../../../arm-none-eabi/lib/armv7-m/libg.a(lib_a-impure.o)
 .ARM.attributes
                0x000000000000079a       0x2d /usr/lib/gcc/arm-none-eabi/4.8.2/../../../arm-none-eabi/lib/armv7-m/libg.a(lib_a-init.o)
 .ARM.attributes
                0x00000000000007c7       0x1b /usr/lib/gcc/arm-none-eabi/4.8.2/../../../arm-none-eabi/lib/armv7-m/libg.a(lib_a-memcpy.o)
 .ARM.attributes
                0x00000000000007e2       0x2d /usr/lib/gcc/arm-none-eabi/4.8.2/../../../arm-none-eabi/lib/armv7-m/libg.a(lib_a-memset.o)
 .ARM.attributes
                0x000000000000080f       0x2d /usr/lib/gcc/arm-none-eabi/4.8.2/../../../arm-none-eabi/lib/armv7-m/libg.a(lib_a-snprintf.o)
 .ARM.attributes
                0x000000000000083c       0x2d /usr/lib/gcc/arm-none-eabi/4.8.2/../../../arm-none-eabi/lib/armv7-m/libg.a(lib_a-svfprintf.o)
 .ARM.attributes
                0x0000000000000869       0x2d /usr/lib/gcc/arm-none-eabi/4.8.2/../../../arm-none-eabi/lib/armv7-m/libg.a(lib_a-__atexit.o)
 .ARM.attributes
                0x0000000000000896       0x2d /usr/lib/gcc/arm-none-eabi/4.8.2/../../../arm-none-eabi/lib/armv7-m/libg.a(lib_a-__call_atexit.o)
 .ARM.attributes
                0x00000000000008c3       0x2d /usr/lib/gcc/arm-none-eabi/4.8.2/../../../arm-none-eabi/lib/armv7-m/libg.a(lib_a-dtoa.o)
 .ARM.attributes
                0x00000000000008f0       0x2d /usr/lib/gcc/arm-none-eabi/4.8.2/../../../arm-none-eabi/lib/armv7-m/libg.a(lib_a-locale.o)
 .ARM.attributes
                0x000000000000091d       0x2d /usr/lib/gcc/arm-none-eabi/4.8.2/../../../arm-none-eabi/lib/armv7-m/libg.a(lib_a-mallocr.o)
 .ARM.attributes
                0x000000000000094a       0x2d /usr/lib/gcc/arm-none-eabi/4.8.2/../../../arm-none-eabi/lib/armv7-m/libg.a(lib_a-memchr-stub.o)
 .ARM.attributes
                0x0000000000000977       0x2d /usr/lib/gcc/arm-none-eabi/4.8.2/../../../arm-none-eabi/lib/armv7-m/libg.a(lib_a-mlock.o)
 .ARM.attributes
                0x00000000000009a4       0x2d /usr/lib/gcc/arm-none-eabi/4.8.2/../../../arm-none-eabi/lib/armv7-m/libg.a(lib_a-mprec.o)
 .ARM.attributes
                0x00000000000009d1       0x2d /usr/lib/gcc/arm-none-eabi/4.8.2/../../../arm-none-eabi/lib/armv7-m/libg.a(lib_a-s_fpclassify.o)
 .ARM.attributes
                0x00000000000009fe       0x2d /usr/lib/gcc/arm-none-eabi/4.8.2/../../../arm-none-eabi/lib/armv7-m/libg.a(lib_a-sbrkr.o)
 .ARM.attributes
                0x0000000000000a2b       0x1b /usr/lib/gcc/arm-none-eabi/4.8.2/../../../arm-none-eabi/lib/armv7-m/libg.a(lib_a-strcmp.o)
 .ARM.attributes
                0x0000000000000a46       0x2d /usr/lib/gcc/arm-none-eabi/4.8.2/../../../arm-none-eabi/lib/armv7-m/libg.a(lib_a-strlen.o)
 .ARM.attributes
                0x0000000000000a73       0x2d /usr/lib/gcc/arm-none-eabi/4.8.2/../../../arm-none-eabi/lib/armv7-m/libg.a(lib_a-svfiprintf.o)
 .ARM.attributes
                0x0000000000000aa0       0x2d /usr/lib/gcc/arm-none-eabi/4.8.2/../../../arm-none-eabi/lib/armv7-m/libg.a(lib_a-callocr.o)
 .ARM.attributes
                0x0000000000000acd       0x2d /usr/lib/gcc/arm-none-eabi/4.8.2/../../../arm-none-eabi/lib/armv7-m/libg.a(lib_a-freer.o)
 .ARM.attributes
                0x0000000000000afa       0x2d /usr/lib/gcc/arm-none-eabi/4.8.2/../../../arm-none-eabi/lib/armv7-m/libg.a(lib_a-memmove.o)
 .ARM.attributes
                0x0000000000000b27       0x2d /usr/lib/gcc/arm-none-eabi/4.8.2/../../../arm-none-eabi/lib/armv7-m/libg.a(lib_a-reallocr.o)
 .ARM.attributes
                0x0000000000000b54       0x2d /usr/lib/gcc/arm-none-eabi/4.8.2/../../../arm-none-eabi/lib/armv7-m/libg.a(lib_a-reent.o)
 .ARM.attributes
                0x0000000000000b81       0x2d /usr/lib/gcc/arm-none-eabi/4.8.2/../../../arm-none-eabi/lib/armv7-m/libnosys.a(sbrk.o)
 .ARM.attributes
                0x0000000000000bae       0x2d /usr/lib/gcc/arm-none-eabi/4.8.2/../../../arm-none-eabi/lib/armv7-m/libnosys.a(_exit.o)
 .ARM.attributes
                0x0000000000000bdb       0x1d /usr/lib/gcc/arm-none-eabi/4.8.2/armv7-m/libgcc.a(_arm_addsubdf3.o)
 .ARM.attributes
                0x0000000000000bf8       0x1d /usr/lib/gcc/arm-none-eabi/4.8.2/armv7-m/libgcc.a(_arm_muldivdf3.o)
 .ARM.attributes
                0x0000000000000c15       0x1d /usr/lib/gcc/arm-none-eabi/4.8.2/armv7-m/libgcc.a(_arm_cmpdf2.o)
 .ARM.attributes
                0x0000000000000c32       0x1d /usr/lib/gcc/arm-none-eabi/4.8.2/armv7-m/libgcc.a(_arm_fixdfsi.o)
 .ARM.attributes
                0x0000000000000c4f       0x1d /usr/lib/gcc/arm-none-eabi/4.8.2/armv7-m/libgcc.a(_aeabi_uldivmod.o)
 .ARM.attributes
                0x0000000000000c6c       0x2d /usr/lib/gcc/arm-none-eabi/4.8.2/armv7-m/libgcc.a(bpabi.o)
 .ARM.attributes
                0x0000000000000c99       0x1d /usr/lib/gcc/arm-none-eabi/4.8.2/armv7-m/libgcc.a(_dvmd_tls.o)
 .ARM.attributes
                0x0000000000000cb6       0x2d /usr/lib/gcc/arm-none-eabi/4.8.2/armv7-m/libgcc.a(_divdi3.o)
 .ARM.attributes
                0x0000000000000ce3       0x2d /usr/lib/gcc/arm-none-eabi/4.8.2/armv7-m/libgcc.a(_udivdi3.o)
 .ARM.attributes
                0x0000000000000d10       0x2d /usr/lib/gcc/arm-none-eabi/4.8.2/armv7-m/crtend.o
 .ARM.attributes
                0x0000000000000d3d       0x1d /usr/lib/gcc/arm-none-eabi/4.8.2/armv7-m/crtn.o
OUTPUT(chrono.elf elf32-littlearm)

.comment        0x0000000000000000       0x1f
 .comment       0x0000000000000000       0x1f /usr/lib/gcc/arm-none-eabi/4.8.2/armv7-m/crtbegin.o
                                         0x20 (size before relaxing)
 .comment       0x0000000000000000       0x20 /tmp/ccVGgs7y.o
 .comment       0x0000000000000000       0x20 /tmp/cc4aanW9.o
 .comment       0x0000000000000000       0x20 /tmp/ccJIryXK.o
 .comment       0x0000000000000000       0x20 /tmp/ccOVKj4l.o
 .comment       0x0000000000000000       0x20 /tmp/ccDwS2iX.o
 .comment       0x0000000000000000       0x20 /tmp/cc6VroAy.o
 .comment       0x0000000000000000       0x20 /tmp/cc5FdoU9.o
 .comment       0x0000000000000000       0x20 /tmp/ccF6aHhL.o
 .comment       0x0000000000000000       0x20 /tmp/ccY6bILm.o
 .comment       0x0000000000000000       0x20 /tmp/ccz2DRnY.o
 .comment       0x0000000000000000       0x20 /tmp/ccDsGWbA.o
 .comment       0x0000000000000000       0x20 /tmp/ccx1TC6b.o
 .comment       0x0000000000000000       0x20 /tmp/ccn8OT7N.o
 .comment       0x0000000000000000       0x20 /tmp/cc5047hq.o
 .comment       0x0000000000000000       0x20 /tmp/cc17JMy2.o
 .comment       0x0000000000000000       0x20 /tmp/cc1ShRWE.o
 .comment       0x0000000000000000       0x20 /tmp/ccJX3trh.o
 .comment       0x0000000000000000       0x20 /tmp/cc7mvO1T.o
 .comment       0x0000000000000000       0x20 /tmp/ccp0K0Hw.o
 .comment       0x0000000000000000       0x20 /tmp/cceY4Ju9.o
 .comment       0x0000000000000000       0x20 /tmp/ccirwZrM.o
 .comment       0x0000000000000000       0x20 /tmp/ccsed4wp.o
 .comment       0x0000000000000000       0x20 /tmp/cc2XHsJ2.o
 .comment       0x0000000000000000       0x20 /tmp/ccx42i2F.o
 .comment       0x0000000000000000       0x20 /tmp/ccjsO0wj.o
 .comment       0x0000000000000000       0x20 /tmp/ccR3r57W.o
 .comment       0x0000000000000000       0x20 /tmp/cc7ZNISA.o
 .comment       0x0000000000000000       0x20 /tmp/ccSmp2Fe.o
 .comment       0x0000000000000000       0x20 /tmp/ccbzRvyS.o
 .comment       0x0000000000000000       0x20 /tmp/ccvOuAww.o
 .comment       0x0000000000000000       0x20 /tmp/ccSnjpBa.o
 .comment       0x0000000000000000       0x20 /tmp/cc2RrvMO.o
 .comment       0x0000000000000000       0x20 /usr/lib/gcc/arm-none-eabi/4.8.2/../../../arm-none-eabi/lib/armv7-m/libg.a(lib_a-atexit.o)
 .comment       0x0000000000000000       0x20 /usr/lib/gcc/arm-none-eabi/4.8.2/../../../arm-none-eabi/lib/armv7-m/libg.a(lib_a-exit.o)