Archive member included because of file (symbol)

/usr/lib/gcc/arm-none-eabi/4.8.2/../../../arm-none-eabi/lib/armv7-m/libg.a(lib_a-atexit.o)
                              /usr/lib/gcc/arm-none-eabi/4.8.2/../../../arm-none-eabi/lib/armv7-m/crt0.o (atexit)
/usr/lib/gcc/arm-none-eabi/4.8.2/../../../arm-none-eabi/lib/armv7-m/libg.a(lib_a-exit.o)
                              /usr/lib/gcc/arm-none-eabi/4.8.2/../../../arm-none-eabi/lib/armv7-m/crt0.o (exit)
/usr/lib/gcc/arm-none-eabi/4.8.2/../../../arm-none-eabi/lib/armv7-m/libg.a(lib_a-fini.o)
                              /usr/lib/gcc/arm-none-eabi/4.8.2/../../../arm-none-eabi/lib/armv7-m/crt0.o (__libc_fini_array)
/usr/lib/gcc/arm-none-eabi/4.8.2/../../../arm-none-eabi/lib/armv7-m/libg.a(lib_a-impure.o)
                              /usr/lib/gcc/arm-none-eabi/4.8.2/../../../arm-none-eabi/lib/armv7-m/libg.a(lib_a-exit.o) (_global_impure_ptr)
/usr/lib/gcc/arm-none-eabi/4.8.2/../../../arm-none-eabi/lib/armv7-m/libg.a(lib_a-init.o)
                              /usr/lib/gcc/arm-none-eabi/4.8.2/../../../arm-none-eabi/lib/armv7-m/crt0.o (__libc_init_array)
/usr/lib/gcc/arm-none-eabi/4.8.2/../../../arm-none-eabi/lib/armv7-m/libg.a(lib_a-memcpy.o)
                              /tmp/ccoW0uT4.o (memcpy)
/usr/lib/gcc/arm-none-eabi/4.8.2/../../../arm-none-eabi/lib/armv7-m/libg.a(lib_a-memset.o)
                              /usr/lib/gcc/arm-none-eabi/4.8.2/../../../arm-none-eabi/lib/armv7-m/crt0.o (memset)
/usr/lib/gcc/arm-none-eabi/4.8.2/../../../arm-none-eabi/lib/armv7-m/libg.a(lib_a-qsort.o)
                              /tmp/ccX40J1U.o (qsort)
/usr/lib/gcc/arm-none-eabi/4.8.2/../../../arm-none-eabi/lib/armv7-m/libg.a(lib_a-__atexit.o)
                              /usr/lib/gcc/arm-none-eabi/4.8.2/../../../arm-none-eabi/lib/armv7-m/libg.a(lib_a-atexit.o) (__register_exitproc)
/usr/lib/gcc/arm-none-eabi/4.8.2/../../../arm-none-eabi/lib/armv7-m/libg.a(lib_a-__call_atexit.o)
                              /usr/lib/gcc/arm-none-eabi/4.8.2/../../../arm-none-eabi/lib/armv7-m/libg.a(lib_a-exit.o) (__call_exitprocs)
/usr/lib/gcc/arm-none-eabi/4.8.2/../../../arm-none-eabi/lib/armv7-m/libnosys.a(_exit.o)
                              /usr/lib/gcc/arm-none-eabi/4.8.2/../../../arm-none-eabi/lib/armv7-m/libg.a(lib_a-exit.o) (_exit)

Allocating common symbols
Common symbol       size              file

Digit               0x10              /tmp/cccSnFoN.o
xQueueRegistry      0x40              /tmp/ccoW0uT4.o
pFlash              0x18              /tmp/cchlSRcb.o
htim3               0x38              /tmp/cc5f2sox.o
hdma_usart1_tx      0x38              /tmp/cc5f2sox.o
huart1              0x40              /tmp/cc5f2sox.o
hdac                0x14              /tmp/cc5f2sox.o
LCDHandle           0x3c              /tmp/cccSnFoN.o
hdma_adc            0x38              /tmp/cc5f2sox.o
hadc                0x54              /tmp/cc5f2sox.o

Memory Configuration

Name             Origin             Length             Attributes
FLASH            0x0000000008000000 0x0000000000020000 xr
RAM              0x0000000020000000 0x0000000000004000 xrw
*default*        0x0000000000000000 0xffffffffffffffff

Linker script and memory map

LOAD /usr/lib/gcc/arm-none-eabi/4.8.2/armv7-m/crti.o
LOAD /usr/lib/gcc/arm-none-eabi/4.8.2/armv7-m/crtbegin.o
LOAD /usr/lib/gcc/arm-none-eabi/4.8.2/../../../arm-none-eabi/lib/armv7-m/crt0.o
LOAD /tmp/ccXUqj5y.o
LOAD /tmp/ccMsG9Nb.o
LOAD /tmp/ccEtxuJO.o
LOAD /tmp/ccDnmrKr.o
LOAD /tmp/ccoW0uT4.o
LOAD /tmp/cc4cHi5H.o
LOAD /tmp/ccqtOOjl.o
LOAD /tmp/ccLyPZBY.o
LOAD /tmp/ccb6JH1B.o
LOAD /tmp/ccEcYSzf.o
LOAD /tmp/ccJtAAkT.o
LOAD /tmp/ccUcHQcx.o
LOAD /tmp/cchlSRcb.o
LOAD /tmp/ccxvpPmP.o
LOAD /tmp/ccqGXtDt.o
LOAD /tmp/ccwkXC17.o
LOAD /tmp/ccUEoxwM.o
LOAD /tmp/cckqdp7q.o
LOAD /tmp/cceTu4O5.o
LOAD /tmp/ccqGMbEK.o
LOAD /tmp/ccwkKcEp.o
LOAD /tmp/ccOX3eM4.o
LOAD /tmp/ccxb3Q1J.o
LOAD /tmp/ccizYJnp.o
LOAD /tmp/cc7YSD54.o
LOAD /tmp/ccL7GMUK.o
LOAD /tmp/ccoMY9Vq.o
LOAD /tmp/ccygPq56.o
LOAD /tmp/cccSnFoN.o
LOAD /tmp/ccDt9vKt.o
LOAD /tmp/ccyHOKba.o
LOAD /tmp/ccN3ihJQ.o
LOAD /tmp/cc5f2sox.o
LOAD /tmp/ccoRrbae.o
LOAD /tmp/ccX40J1U.o
LOAD /tmp/cc0PkWTB.o
START GROUP
LOAD /usr/lib/gcc/arm-none-eabi/4.8.2/armv7-m/libgcc.a
START GROUP
LOAD /usr/lib/gcc/arm-none-eabi/4.8.2/../../../arm-none-eabi/lib/armv7-m/libg.a
LOAD /usr/lib/gcc/arm-none-eabi/4.8.2/../../../arm-none-eabi/lib/armv7-m/libc.a
LOAD /usr/lib/gcc/arm-none-eabi/4.8.2/../../../arm-none-eabi/lib/armv7-m/libnosys.a
END GROUP
END GROUP
LOAD /usr/lib/gcc/arm-none-eabi/4.8.2/armv7-m/crtend.o
LOAD /usr/lib/gcc/arm-none-eabi/4.8.2/armv7-m/crtn.o
                0x0000000020003fff                _estack = 0x20003fff
                0x0000000000000200                _Min_Heap_Size = 0x200
                0x0000000000000400                _Min_Stack_Size = 0x400

.isr_vector     0x0000000008000000      0x13c
                0x0000000008000000                . = ALIGN (0x4)
 *(.isr_vector)
 .isr_vector    0x0000000008000000      0x13c /tmp/cc0PkWTB.o
                0x0000000008000000                g_pfnVectors
                0x000000000800013c                . = ALIGN (0x4)

.text           0x000000000800013c    0x13ba8
                0x000000000800013c                . = ALIGN (0x4)
 *(.text)
 .text          0x000000000800013c        0x0 /usr/lib/gcc/arm-none-eabi/4.8.2/armv7-m/crti.o
 .text          0x000000000800013c       0xc8 /usr/lib/gcc/arm-none-eabi/4.8.2/armv7-m/crtbegin.o
 .text          0x0000000008000204       0x68 /usr/lib/gcc/arm-none-eabi/4.8.2/../../../arm-none-eabi/lib/armv7-m/crt0.o
                0x0000000008000204                _mainCRTStartup
                0x0000000008000204                _start
 .text          0x000000000800026c      0x420 /tmp/ccXUqj5y.o
                0x000000000800026c                pvPortMalloc
                0x0000000008000400                vPortFree
                0x00000000080004a8                xPortGetFreeHeapSize
                0x00000000080004c0                xPortGetMinimumEverFreeHeapSize
                0x00000000080004d8                vPortInitialiseBlocks
 .text          0x000000000800068c      0x164 /tmp/ccMsG9Nb.o
                0x000000000800068c                vListInitialise
                0x00000000080006cc                vListInitialiseItem
                0x00000000080006e4                vListInsertEnd
                0x000000000800072c                vListInsert
                0x000000000800079c                uxListRemove
 .text          0x00000000080007f0     0x1fd0 /tmp/ccEtxuJO.o
                0x00000000080007f0                xTaskGenericCreate
                0x00000000080009a0                vTaskDelete
                0x0000000008000ab0                vTaskDelay
                0x0000000008000b48                uxTaskPriorityGet
                0x0000000008000b80                uxTaskPriorityGetFromISR
                0x0000000008000bc0                vTaskPrioritySet
                0x0000000008000d2c                vTaskSuspend
                0x0000000008000eb0                vTaskResume
                0x0000000008000f5c                xTaskResumeFromISR
                0x0000000008001024                vTaskStartScheduler
                0x0000000008001090                vTaskEndScheduler
                0x00000000080010ac                vTaskSuspendAll
                0x00000000080010d0                xTaskResumeAll
                0x0000000008001224                xTaskGetTickCount
                0x0000000008001244                xTaskGetTickCountFromISR
                0x0000000008001268                uxTaskGetNumberOfTasks
                0x0000000008001280                uxTaskGetSystemState
                0x0000000008001384                xTaskIncrementTick
                0x000000000800155c                vTaskSwitchContext
                0x0000000008001614                vTaskPlaceOnEventList
                0x00000000080016c0                vTaskPlaceOnUnorderedEventList
                0x0000000008001794                xTaskRemoveFromEventList
                0x000000000800185c                xTaskRemoveFromUnorderedEventList
                0x000000000800191c                vTaskSetTimeOutState
                0x0000000008001954                xTaskCheckForTimeOut
                0x00000000080019f8                vTaskMissedYield
                0x0000000008001a10                uxTaskGetTaskNumber
                0x0000000008001a3c                vTaskSetTaskNumber
                0x0000000008001f10                xTaskGetCurrentTaskHandle
                0x0000000008001f30                xTaskGetSchedulerState
                0x0000000008001f70                vTaskPriorityInherit
                0x0000000008002094                xTaskPriorityDisinherit
                0x000000000800219c                uxTaskResetEventItemValue
                0x00000000080021dc                pvTaskIncrementMutexHeldCount
                0x0000000008002214                ulTaskNotifyTake
                0x0000000008002328                xTaskNotifyWait
                0x0000000008002468                xTaskGenericNotify
                0x000000000800258c                xTaskNotifyFromISR
                0x00000000080026d4                vTaskNotifyGiveFromISR
 .text          0x00000000080027c0      0x4f8 /tmp/ccDnmrKr.o
                0x00000000080027c0                xEventGroupCreate
                0x00000000080027f0                xEventGroupSync
                0x000000000800290c                xEventGroupWaitBits
                0x0000000008002a58                xEventGroupClearBits
                0x0000000008002aa8                xEventGroupGetBitsFromISR
                0x0000000008002ad0                xEventGroupSetBits
                0x0000000008002bc8                vEventGroupDelete
                0x0000000008002c18                vEventGroupSetBitsCallback
                0x0000000008002c30                vEventGroupClearBitsCallback
                0x0000000008002c8c                uxEventGroupGetNumber
 .text          0x0000000008002cb8      0xd28 /tmp/ccoW0uT4.o
                0x0000000008002cb8                xQueueGenericReset
                0x0000000008002d68                xQueueGenericCreate
                0x0000000008002e04                xQueueCreateMutex
                0x0000000008002e94                xQueueGiveMutexRecursive
                0x0000000008002eec                xQueueTakeMutexRecursive
                0x0000000008002f4c                xQueueCreateCountingSemaphore
                0x0000000008002fa0                xQueueGenericSend
                0x000000000800312c                xQueueGenericSendFromISR
                0x0000000008003200                xQueueGiveFromISR
                0x00000000080032bc                xQueueGenericReceive
                0x0000000008003478                xQueueReceiveFromISR
                0x000000000800352c                xQueuePeekFromISR
                0x00000000080035b4                uxQueueMessagesWaiting
                0x00000000080035e0                uxQueueSpacesAvailable
                0x0000000008003618                uxQueueMessagesWaitingFromISR
                0x000000000800363c                vQueueDelete
                0x0000000008003668                uxQueueGetQueueNumber
                0x0000000008003680                vQueueSetQueueNumber
                0x000000000800369c                ucQueueGetQueueType
                0x00000000080038a4                xQueueIsQueueEmptyFromISR
                0x0000000008003904                xQueueIsQueueFullFromISR
                0x0000000008003938                vQueueAddToRegistry
                0x0000000008003994                vQueueUnregisterQueue
 .text          0x00000000080039e0        0x0 /tmp/cc4cHi5H.o
 .text          0x00000000080039e0        0x0 /tmp/ccqtOOjl.o
 .text          0x00000000080039e0      0x3ac /tmp/ccLyPZBY.o
                0x00000000080039e0                pxPortInitialiseStack
                0x0000000008003a58                SVC_Handler
                0x0000000008003a98                xPortStartScheduler
                0x0000000008003b94                vPortEndScheduler
                0x0000000008003bb0                vPortYield
                0x0000000008003bd4                vPortEnterCritical
                0x0000000008003c20                vPortExitCritical
                0x0000000008003c64                ulPortSetInterruptMask
                0x0000000008003c78                vPortClearInterruptMask
                0x0000000008003c80                PendSV_Handler
                0x0000000008003cc4                xPortSysTickHandler
                0x0000000008003cec                vPortSetupTimerInterrupt
                0x0000000008003d28                vPortValidateInterruptPriority
 .text          0x0000000008003d8c      0x660 /tmp/ccb6JH1B.o
                0x0000000008003d8c                HAL_GPIO_Init
                0x00000000080040d0                HAL_GPIO_DeInit
                0x00000000080042cc                HAL_GPIO_ReadPin
                0x00000000080042fc                HAL_GPIO_WritePin
                0x000000000800432c                HAL_GPIO_TogglePin
                0x0000000008004350                HAL_GPIO_LockPin
                0x00000000080043a0                HAL_GPIO_EXTI_IRQHandler
                0x00000000080043d8                HAL_GPIO_EXTI_Callback
 .text          0x00000000080043ec      0xdc0 /tmp/ccEcYSzf.o
                0x00000000080043ec                HAL_DMA_Init
                0x0000000008004484                HAL_DMA_DeInit
                0x00000000080046c8                HAL_DMA_Start
                0x000000000800472c                HAL_DMA_Start_IT
                0x00000000080047c0                HAL_DMA_Abort
                0x000000000800483c                HAL_DMA_PollForTransfer
                0x0000000008004c8c                HAL_DMA_IRQHandler
                0x000000000800512c                HAL_DMA_GetState
                0x0000000008005148                HAL_DMA_GetError
 .text          0x00000000080051ac     0x20e0 /tmp/ccJtAAkT.o
                0x00000000080051ac                HAL_RCC_DeInit
                0x0000000008005284                HAL_RCC_OscConfig
                0x0000000008006500                HAL_RCC_ClockConfig
                0x0000000008006c24                HAL_RCC_MCOConfig
                0x0000000008006cc8                HAL_RCC_EnableCSS
                0x0000000008006cfc                HAL_RCC_DisableCSS
                0x0000000008006d30                HAL_RCC_GetSysClockFreq
                0x0000000008006e60                HAL_RCC_GetHCLKFreq
                0x0000000008006eb8                HAL_RCC_GetPCLK1Freq
                0x0000000008006f00                HAL_RCC_GetPCLK2Freq
                0x0000000008006f48                HAL_RCC_GetOscConfig
                0x00000000080070ec                HAL_RCC_GetClockConfig
                0x0000000008007164                HAL_RCC_NMI_IRQHandler
                0x000000000800718c                HAL_RCC_CSSCallback
 .text          0x000000000800728c      0x384 /tmp/ccUcHQcx.o
                0x000000000800728c                HAL_RCCEx_PeriphCLKConfig
                0x00000000080074bc                HAL_RCCEx_GetPeriphCLKConfig
                0x0000000008007524                HAL_RCCEx_GetPeriphCLKFreq
 .text          0x0000000008007610      0x61c /tmp/cchlSRcb.o
                0x0000000008007610                HAL_FLASH_Program
                0x0000000008007688                HAL_FLASH_Program_IT
                0x0000000008007710                HAL_FLASH_IRQHandler
                0x000000000800791c                HAL_FLASH_EndOfOperationCallback
                0x0000000008007930                HAL_FLASH_OperationErrorCallback
                0x0000000008007944                HAL_FLASH_Unlock
                0x00000000080079c4                HAL_FLASH_Lock
                0x00000000080079ec                HAL_FLASH_OB_Unlock
                0x0000000008007a6c                HAL_FLASH_OB_Lock
                0x0000000008007a94                HAL_FLASH_OB_Launch
                0x0000000008007ac0                HAL_FLASH_GetError
                0x0000000008007ad8                FLASH_WaitForLastOperation
 .text          0x0000000008007c2c      0xc38 /tmp/ccxvpPmP.o
                0x0000000008007c2c                HAL_FLASHEx_Erase
                0x0000000008007d00                HAL_FLASHEx_Erase_IT
                0x0000000008007d94                HAL_FLASHEx_OBProgram
                0x0000000008007ec8                HAL_FLASHEx_OBGetConfig
                0x0000000008007f10                HAL_FLASHEx_DATAEEPROM_Unlock
                0x0000000008007f5c                HAL_FLASHEx_DATAEEPROM_Lock
                0x0000000008007f84                HAL_FLASHEx_DATAEEPROM_Erase
                0x0000000008007fe0                HAL_FLASHEx_DATAEEPROM_Program
                0x00000000080080b4                HAL_FLASHEx_DATAEEPROM_EnableFixedTimeProgram
                0x00000000080080d8                HAL_FLASHEx_DATAEEPROM_DisableFixedTimeProgram
                0x000000000800880c                FLASH_PageErase
 .text          0x0000000008008864      0x2d0 /tmp/ccqGXtDt.o
                0x0000000008008864                HAL_Init
                0x00000000080088b0                HAL_DeInit
                0x0000000008008918                HAL_MspDeInit
                0x0000000008008924                HAL_InitTick
                0x000000000800895c                HAL_IncTick
                0x0000000008008980                HAL_GetTick
                0x0000000008008998                HAL_Delay
                0x00000000080089c4                HAL_SuspendTick
                0x00000000080089e8                HAL_ResumeTick
                0x0000000008008a0c                HAL_GetHalVersion
                0x0000000008008a24                HAL_GetREVID
                0x0000000008008a40                HAL_GetDEVID
                0x0000000008008a5c                HAL_DBGMCU_EnableDBGSleepMode
                0x0000000008008a80                HAL_DBGMCU_DisableDBGSleepMode
                0x0000000008008aa4                HAL_DBGMCU_EnableDBGStopMode
                0x0000000008008ac8                HAL_DBGMCU_DisableDBGStopMode
                0x0000000008008aec                HAL_DBGMCU_EnableDBGStandbyMode
                0x0000000008008b10                HAL_DBGMCU_DisableDBGStandbyMode
 .text          0x0000000008008b34      0x60c /tmp/ccwkXC17.o
                0x0000000008008edc                HAL_NVIC_SetPriorityGrouping
                0x0000000008008ef0                HAL_NVIC_SetPriority
                0x0000000008008f28                HAL_NVIC_EnableIRQ
                0x0000000008008f44                HAL_NVIC_DisableIRQ
                0x0000000008008f60                HAL_NVIC_SystemReset
                0x0000000008008f6c                HAL_SYSTICK_Config
                0x0000000008008f84                HAL_MPU_ConfigRegion
                0x0000000008009024                HAL_NVIC_GetPriorityGrouping
                0x0000000008009034                HAL_NVIC_GetPriority
                0x0000000008009064                HAL_NVIC_SetPendingIRQ
                0x0000000008009080                HAL_NVIC_GetPendingIRQ
                0x00000000080090a0                HAL_NVIC_ClearPendingIRQ
                0x00000000080090bc                HAL_NVIC_GetActive
                0x00000000080090dc                HAL_SYSTICK_CLKSourceConfig
                0x0000000008009128                HAL_SYSTICK_IRQHandler
                0x0000000008009134                HAL_SYSTICK_Callback
 .text          0x0000000008009140      0x464 /tmp/ccUEoxwM.o
                0x0000000008009140                HAL_PWR_DeInit
                0x000000000800917c                HAL_PWR_EnableBkUpAccess
                0x00000000080091b0                HAL_PWR_DisableBkUpAccess
                0x00000000080091e4                HAL_PWR_ConfigPVD
                0x0000000008009304                HAL_PWR_EnablePVD
                0x0000000008009334                HAL_PWR_DisablePVD
                0x0000000008009364                HAL_PWR_EnableWakeUpPin
                0x0000000008009398                HAL_PWR_DisableWakeUpPin
                0x00000000080093cc                HAL_PWR_EnterSLEEPMode
                0x0000000008009428                HAL_PWR_EnterSTOPMode
                0x000000000800949c                HAL_PWR_EnterSTANDBYMode
                0x00000000080094dc                HAL_PWR_EnableSleepOnExit
                0x0000000008009500                HAL_PWR_DisableSleepOnExit
                0x0000000008009524                HAL_PWR_EnableSEVOnPend
                0x0000000008009548                HAL_PWR_DisableSEVOnPend
                0x000000000800956c                HAL_PWR_PVD_IRQHandler
                0x0000000008009598                HAL_PWR_PVDCallback
 .text          0x00000000080095a4      0x194 /tmp/cckqdp7q.o
                0x00000000080095a4                HAL_PWREx_GetVoltageRange
                0x00000000080095c0                HAL_PWREx_EnableFastWakeUp
                0x00000000080095f4                HAL_PWREx_DisableFastWakeUp
                0x0000000008009628                HAL_PWREx_EnableUltraLowPower
                0x000000000800965c                HAL_PWREx_DisableUltraLowPower
                0x0000000008009690                HAL_PWREx_EnableLowPowerRunMode
                0x00000000080096e4                HAL_PWREx_DisableLowPowerRunMode
 .text          0x0000000008009738        0x0 /tmp/cceTu4O5.o
 .text          0x0000000008009738      0x480 /tmp/ccqGMbEK.o
                0x0000000008009738                HAL_LCD_DeInit
                0x00000000080097b0                HAL_LCD_Init
                0x0000000008009928                HAL_LCD_MspDeInit
                0x000000000800993c                HAL_LCD_MspInit
                0x0000000008009950                HAL_LCD_Write
                0x0000000008009a10                HAL_LCD_Clear
                0x0000000008009ac4                HAL_LCD_UpdateDisplayRequest
                0x0000000008009b3c                HAL_LCD_GetState
                0x0000000008009b58                HAL_LCD_GetError
                0x0000000008009b70                LCD_WaitForSynchro
 .text          0x0000000008009bb8     0x1258 /tmp/ccwkKcEp.o
                0x0000000008009bb8                HAL_ADC_Init
                0x0000000008009e44                HAL_ADC_DeInit
                0x000000000800a020                HAL_ADC_Start
                0x000000000800a0e0                HAL_ADC_Stop
                0x000000000800a138                HAL_ADC_PollForConversion
                0x000000000800a244                HAL_ADC_PollForEvent
                0x000000000800a2f0                HAL_ADC_Start_IT
                0x000000000800a3c4                HAL_ADC_Stop_IT
                0x000000000800a42c                HAL_ADC_Start_DMA
                0x000000000800a554                HAL_ADC_Stop_DMA
                0x000000000800a5f0                HAL_ADC_GetValue
                0x000000000800a60c                HAL_ADC_IRQHandler
                0x000000000800a82c                HAL_ADC_LevelOutOfWindowCallback
                0x000000000800a840                HAL_ADC_ErrorCallback
                0x000000000800a854                HAL_ADC_ConfigChannel
                0x000000000800ab08                HAL_ADC_AnalogWDGConfig
                0x000000000800abc8                HAL_ADC_GetState
                0x000000000800abe0                HAL_ADC_GetError
                0x000000000800abf8                ADC_Enable
                0x000000000800aca8                ADC_ConversionStop_Disable
 .text          0x000000000800ae10      0x80c /tmp/ccOX3eM4.o
                0x000000000800ae10                HAL_ADCEx_InjectedStart
                0x000000000800aeb0                HAL_ADCEx_InjectedStop
                0x000000000800af38                HAL_ADCEx_InjectedPollForConversion
                0x000000000800b10c                HAL_ADCEx_InjectedStart_IT
                0x000000000800b1bc                HAL_ADCEx_InjectedStop_IT
                0x000000000800b254                HAL_ADCEx_InjectedGetValue
                0x000000000800b2a8                HAL_ADCEx_InjectedConvCpltCallback
                0x000000000800b2bc                HAL_ADCEx_InjectedConfigChannel
 .text          0x000000000800b61c      0x5f0 /tmp/ccxb3Q1J.o
                0x000000000800b61c                HAL_DAC_Init
                0x000000000800b660                HAL_DAC_DeInit
                0x000000000800b6c4                HAL_DAC_Start
                0x000000000800b75c                HAL_DAC_Stop
                0x000000000800b794                HAL_DAC_Start_DMA
                0x000000000800b908                HAL_DAC_Stop_DMA
                0x000000000800b98c                HAL_DAC_GetValue
                0x000000000800b9b8                HAL_DAC_IRQHandler
                0x000000000800ba48                HAL_DAC_ConvCpltCallbackCh1
                0x000000000800ba5c                HAL_DAC_ConvHalfCpltCallbackCh1
                0x000000000800ba70                HAL_DAC_ErrorCallbackCh1
                0x000000000800ba84                HAL_DAC_DMAUnderrunCallbackCh1
                0x000000000800ba98                HAL_DAC_ConfigChannel
                0x000000000800bb28                HAL_DAC_SetValue
                0x000000000800bb70                HAL_DAC_GetState
                0x000000000800bb8c                HAL_DAC_GetError
 .text          0x000000000800bc0c      0x214 /tmp/ccizYJnp.o
                0x000000000800bc0c                HAL_DACEx_DualGetValue
                0x000000000800bc40                HAL_DACEx_TriangleWaveGenerate
                0x000000000800bca8                HAL_DACEx_NoiseWaveGenerate
                0x000000000800bd10                HAL_DACEx_DualSetValue
                0x000000000800bd68                HAL_DACEx_ConvCpltCallbackCh2
                0x000000000800bd7c                HAL_DACEx_ConvHalfCpltCallbackCh2
                0x000000000800bd90                HAL_DACEx_ErrorCallbackCh2
                0x000000000800bda4                HAL_DACEx_DMAUnderrunCallbackCh2
                0x000000000800bdb8                DAC_DMAConvCpltCh2
                0x000000000800bdd8                DAC_DMAHalfConvCpltCh2
                0x000000000800bdf4                DAC_DMAErrorCh2
 .text          0x000000000800be20     0x3760 /tmp/cc7YSD54.o
                0x000000000800be20                HAL_TIM_Base_Init
                0x000000000800be78                HAL_TIM_Base_DeInit
                0x000000000800bef0                HAL_TIM_Base_Start
                0x000000000800bf28                HAL_TIM_Base_Stop
                0x000000000800bf70                HAL_TIM_Base_Start_IT
                0x000000000800bfa8                HAL_TIM_Base_Stop_IT
                0x000000000800bff0                HAL_TIM_Base_Start_DMA
                0x000000000800c090                HAL_TIM_Base_Stop_DMA
                0x000000000800c0e0                HAL_TIM_OC_Init
                0x000000000800c138                HAL_TIM_OC_DeInit
                0x000000000800c188                HAL_TIM_OC_MspInit
                0x000000000800c19c                HAL_TIM_OC_MspDeInit
                0x000000000800c1b0                HAL_TIM_OC_Start
                0x000000000800c1e4                HAL_TIM_OC_Stop
                0x000000000800c228                HAL_TIM_OC_Start_IT
                0x000000000800c2e8                HAL_TIM_OC_Stop_IT
                0x000000000800c3b8                HAL_TIM_OC_Start_DMA
                0x000000000800c574                HAL_TIM_OC_Stop_DMA
                0x000000000800c64c                HAL_TIM_PWM_Init
                0x000000000800c6a4                HAL_TIM_PWM_DeInit
                0x000000000800c6f4                HAL_TIM_PWM_MspInit
                0x000000000800c708                HAL_TIM_PWM_MspDeInit
                0x000000000800c71c                HAL_TIM_PWM_Start
                0x000000000800c750                HAL_TIM_PWM_Stop
                0x000000000800c79c                HAL_TIM_PWM_Start_IT
                0x000000000800c85c                HAL_TIM_PWM_Stop_IT
                0x000000000800c92c                HAL_TIM_PWM_Start_DMA
                0x000000000800cae8                HAL_TIM_PWM_Stop_DMA
                0x000000000800cbc0                HAL_TIM_IC_Init
                0x000000000800cc18                HAL_TIM_IC_DeInit
                0x000000000800cc68                HAL_TIM_IC_MspInit
                0x000000000800cc7c                HAL_TIM_IC_MspDeInit
                0x000000000800cc90                HAL_TIM_IC_Start
                0x000000000800ccc4                HAL_TIM_IC_Stop
                0x000000000800cd08                HAL_TIM_IC_Start_IT
                0x000000000800cdc8                HAL_TIM_IC_Stop_IT
                0x000000000800ce98                HAL_TIM_IC_Start_DMA
                0x000000000800d054                HAL_TIM_IC_Stop_DMA
                0x000000000800d12c                HAL_TIM_OnePulse_Init
                0x000000000800d1a4                HAL_TIM_OnePulse_DeInit
                0x000000000800d1f4                HAL_TIM_OnePulse_MspInit
                0x000000000800d208                HAL_TIM_OnePulse_MspDeInit
                0x000000000800d21c                HAL_TIM_OnePulse_Start
                0x000000000800d24c                HAL_TIM_OnePulse_Stop
                0x000000000800d29c                HAL_TIM_OnePulse_Start_IT
                0x000000000800d2ec                HAL_TIM_OnePulse_Stop_IT
                0x000000000800d35c                HAL_TIM_Encoder_Init
                0x000000000800d488                HAL_TIM_Encoder_DeInit
                0x000000000800d4d8                HAL_TIM_Encoder_MspInit
                0x000000000800d4ec                HAL_TIM_Encoder_MspDeInit
                0x000000000800d500                HAL_TIM_Encoder_Start
                0x000000000800d570                HAL_TIM_Encoder_Stop
                0x000000000800d5f0                HAL_TIM_Encoder_Start_IT
                0x000000000800d6a0                HAL_TIM_Encoder_Stop_IT
                0x000000000800d764                HAL_TIM_Encoder_Start_DMA
                0x000000000800d93c                HAL_TIM_Encoder_Stop_DMA
                0x000000000800da00                HAL_TIM_IRQHandler
                0x000000000800dbb8                HAL_TIM_OC_ConfigChannel
                0x000000000800dc78                HAL_TIM_IC_ConfigChannel
                0x000000000800ddb0                HAL_TIM_PWM_ConfigChannel
                0x000000000800df3c                HAL_TIM_OnePulse_ConfigChannel
                0x000000000800e0b0                HAL_TIM_DMABurst_WriteStart
                0x000000000800e29c                HAL_TIM_DMABurst_WriteStop
                0x000000000800e33c                HAL_TIM_DMABurst_ReadStart
                0x000000000800e528                HAL_TIM_DMABurst_ReadStop
                0x000000000800e5c8                HAL_TIM_GenerateEvent
                0x000000000800e618                HAL_TIM_ConfigOCrefClear
                0x000000000800e7bc                HAL_TIM_ConfigClockSource
                0x000000000800e980                HAL_TIM_ConfigTI1Input
                0x000000000800e9bc                HAL_TIM_SlaveConfigSynchronization
                0x000000000800ea28                HAL_TIM_SlaveConfigSynchronization_IT
                0x000000000800ea94                HAL_TIM_ReadCapturedValue
                0x000000000800eb38                HAL_TIM_PeriodElapsedCallback
                0x000000000800eb4c                HAL_TIM_OC_DelayElapsedCallback
                0x000000000800eb60                HAL_TIM_IC_CaptureCallback
                0x000000000800eb74                HAL_TIM_PWM_PulseFinishedCallback
                0x000000000800eb88                HAL_TIM_TriggerCallback
                0x000000000800eb9c                HAL_TIM_ErrorCallback
                0x000000000800ebb0                HAL_TIM_Base_GetState
                0x000000000800ebcc                HAL_TIM_OC_GetState
                0x000000000800ebe8                HAL_TIM_PWM_GetState
                0x000000000800ec04                HAL_TIM_IC_GetState
                0x000000000800ec20                HAL_TIM_OnePulse_GetState
                0x000000000800ec3c                HAL_TIM_Encoder_GetState
                0x000000000800ec58                TIM_DMAError
                0x000000000800ec7c                TIM_DMADelayPulseCplt
                0x000000000800ecec                TIM_DMACaptureCplt
 .text          0x000000000800f580       0xd4 /tmp/ccL7GMUK.o
                0x000000000800f580                HAL_TIMEx_MasterConfigSynchronization
                0x000000000800f60c                HAL_TIMEx_RemapConfig
 .text          0x000000000800f654     0x1670 /tmp/ccoMY9Vq.o
                0x000000000800f654                HAL_UART_Init
                0x000000000800f6e8                HAL_HalfDuplex_Init
                0x000000000800f78c                HAL_LIN_Init
                0x000000000800f844                HAL_MultiProcessor_Init
                0x000000000800f904                HAL_UART_DeInit
                0x000000000800f994                HAL_UART_Transmit
                0x000000000800fae4                HAL_UART_Receive
                0x000000000800fc54                HAL_UART_Transmit_IT
                0x000000000800fd04                HAL_UART_Receive_IT
                0x000000000800fdd4                HAL_UART_Transmit_DMA
                0x000000000800fed0                HAL_UART_Receive_DMA
                0x000000000800ffbc                HAL_UART_DMAPause
                0x0000000008010058                HAL_UART_DMAResume
                0x0000000008010118                HAL_UART_DMAStop
                0x0000000008010168                HAL_UART_IRQHandler
                0x0000000008010314                HAL_UART_TxCpltCallback
                0x0000000008010328                HAL_UART_TxHalfCpltCallback
                0x000000000801033c                HAL_UART_RxCpltCallback
                0x0000000008010350                HAL_UART_RxHalfCpltCallback
                0x0000000008010364                HAL_UART_ErrorCallback
                0x0000000008010378                HAL_LIN_SendBreak
                0x00000000080103cc                HAL_MultiProcessor_EnterMuteMode
                0x0000000008010420                HAL_MultiProcessor_ExitMuteMode
                0x0000000008010474                HAL_HalfDuplex_EnableTransmitter
                0x00000000080104cc                HAL_HalfDuplex_EnableReceiver
                0x0000000008010524                HAL_UART_GetState
                0x0000000008010540                HAL_UART_GetError
 .text          0x0000000008010cc4      0x2b4 /tmp/ccygPq56.o
                0x0000000008010cc4                BSP_GetVersion
                0x0000000008010cdc                BSP_LED_Init
                0x0000000008010dc8                BSP_LED_On
                0x0000000008010e00                BSP_LED_Off
                0x0000000008010e38                BSP_LED_Toggle
                0x0000000008010e6c                BSP_PB_Init
                0x0000000008010f4c                BSP_PB_GetState
 .text          0x0000000008010f78     0x1554 /tmp/cccSnFoN.o
                0x0000000008010f78                BSP_LCD_GLASS_Init
                0x0000000008011038                BSP_LCD_GLASS_DeInit
                0x0000000008011058                BSP_LCD_GLASS_BlinkConfig
                0x0000000008011098                BSP_LCD_GLASS_Contrast
                0x00000000080110d4                BSP_LCD_GLASS_DisplayBar
                0x00000000080111a4                BSP_LCD_GLASS_ClearBar
                0x000000000801126c                BSP_LCD_GLASS_BarLevelConfig
                0x00000000080113c8                BSP_LCD_GLASS_WriteChar
                0x00000000080113f8                BSP_LCD_GLASS_DisplayChar
                0x0000000008011e1c                BSP_LCD_GLASS_DisplayString
                0x0000000008011e6c                BSP_LCD_GLASS_DisplayStrDeci
                0x0000000008011f04                BSP_LCD_GLASS_Clear
                0x0000000008011f18                BSP_LCD_GLASS_ScrollSentence
 .text          0x00000000080124cc        0x0 /tmp/ccDt9vKt.o
 .text          0x00000000080124cc       0x40 /tmp/ccyHOKba.o
                0x00000000080124cc                SysTick_Handler
                0x00000000080124e4                DMA1_Channel1_IRQHandler
                0x00000000080124f8                DMA1_Channel4_IRQHandler
 .text          0x000000000801250c      0x408 /tmp/ccN3ihJQ.o
                0x000000000801250c                HAL_MspInit
                0x0000000008012554                HAL_ADC_MspInit
                0x000000000801264c                HAL_ADC_MspDeInit
                0x000000000801269c                HAL_DAC_MspInit
                0x0000000008012700                HAL_DAC_MspDeInit
                0x0000000008012744                HAL_TIM_Base_MspInit
                0x0000000008012790                HAL_TIM_Base_MspDeInit
                0x00000000080127cc                HAL_UART_MspInit
                0x00000000080128c4                HAL_UART_MspDeInit
 .text          0x0000000008012914      0x660 /tmp/cc5f2sox.o
                0x0000000008012940                HAL_ADC_ConvCpltCallback
                0x0000000008012954                HAL_ADC_ConvHalfCpltCallback
                0x000000000801298c                main
                0x0000000008012ab0                SystemClock_Config
                0x0000000008012f44                vMainTask
                0x0000000008012f54                vTestTask
                0x0000000008012f64                vSensorTuneTask
 .text          0x0000000008012f74      0x264 /tmp/ccoRrbae.o
                0x0000000008012f74                SystemInit
                0x000000000801301c                SystemCoreClockUpdate
 .text          0x00000000080131d8      0x11c /tmp/ccX40J1U.o
                0x00000000080131d8                cmp
                0x0000000008013218                flt_median
                0x00000000080132c4                init_median
 .text          0x00000000080132f4       0x14 /tmp/cc0PkWTB.o
 .text          0x0000000008013308        0x0 /usr/lib/gcc/arm-none-eabi/4.8.2/../../../arm-none-eabi/lib/armv7-m/libg.a(lib_a-atexit.o)
 .text          0x0000000008013308        0x0 /usr/lib/gcc/arm-none-eabi/4.8.2/../../../arm-none-eabi/lib/armv7-m/libg.a(lib_a-exit.o)
 .text          0x0000000008013308        0x0 /usr/lib/gcc/arm-none-eabi/4.8.2/../../../arm-none-eabi/lib/armv7-m/libg.a(lib_a-fini.o)
 .text          0x0000000008013308        0x0 /usr/lib/gcc/arm-none-eabi/4.8.2/../../../arm-none-eabi/lib/armv7-m/libg.a(lib_a-impure.o)
 .text          0x0000000008013308        0x0 /usr/lib/gcc/arm-none-eabi/4.8.2/../../../arm-none-eabi/lib/armv7-m/libg.a(lib_a-init.o)
 .text          0x0000000008013308       0xec /usr/lib/gcc/arm-none-eabi/4.8.2/../../../arm-none-eabi/lib/armv7-m/libg.a(lib_a-memcpy.o)
                0x0000000008013308                memcpy
 .text          0x00000000080133f4        0x0 /usr/lib/gcc/arm-none-eabi/4.8.2/../../../arm-none-eabi/lib/armv7-m/libg.a(lib_a-memset.o)
 .text          0x00000000080133f4        0x0 /usr/lib/gcc/arm-none-eabi/4.8.2/../../../arm-none-eabi/lib/armv7-m/libg.a(lib_a-qsort.o)
 .text          0x00000000080133f4        0x0 /usr/lib/gcc/arm-none-eabi/4.8.2/../../../arm-none-eabi/lib/armv7-m/libg.a(lib_a-__atexit.o)
 .text          0x00000000080133f4        0x0 /usr/lib/gcc/arm-none-eabi/4.8.2/../../../arm-none-eabi/lib/armv7-m/libg.a(lib_a-__call_atexit.o)
 .text          0x00000000080133f4        0x0 /usr/lib/gcc/arm-none-eabi/4.8.2/../../../arm-none-eabi/lib/armv7-m/libnosys.a(_exit.o)
 .text          0x00000000080133f4        0x0 /usr/lib/gcc/arm-none-eabi/4.8.2/armv7-m/crtend.o
 .text          0x00000000080133f4        0x0 /usr/lib/gcc/arm-none-eabi/4.8.2/armv7-m/crtn.o
 *(.text*)
 .text.Reset_Handler
                0x00000000080133f4       0x48 /tmp/cc0PkWTB.o
                0x00000000080133f4                Reset_Handler
 .text.Default_Handler
                0x000000000801343c        0x2 /tmp/cc0PkWTB.o
                0x000000000801343c                RTC_Alarm_IRQHandler
                0x000000000801343c                EXTI2_IRQHandler
                0x000000000801343c                DebugMon_Handler
                0x000000000801343c                HardFault_Handler
                0x000000000801343c                TIM10_IRQHandler
                0x000000000801343c                USB_HP_IRQHandler
                0x000000000801343c                TIM6_IRQHandler
                0x000000000801343c                PVD_IRQHandler
                0x000000000801343c                NMI_Handler
                0x000000000801343c                EXTI3_IRQHandler
                0x000000000801343c                EXTI0_IRQHandler
                0x000000000801343c                I2C2_EV_IRQHandler
                0x000000000801343c                UsageFault_Handler
                0x000000000801343c                SPI1_IRQHandler
                0x000000000801343c                USB_FS_WKUP_IRQHandler
                0x000000000801343c                ADC1_IRQHandler
                0x000000000801343c                USART3_IRQHandler
                0x000000000801343c                DMA1_Channel7_IRQHandler
                0x000000000801343c                LCD_IRQHandler
                0x000000000801343c                TIM4_IRQHandler
                0x000000000801343c                I2C1_EV_IRQHandler
                0x000000000801343c                DMA1_Channel6_IRQHandler
                0x000000000801343c                TIM3_IRQHandler
                0x000000000801343c                RCC_IRQHandler
                0x000000000801343c                Default_Handler
                0x000000000801343c                EXTI15_10_IRQHandler
                0x000000000801343c                TIM7_IRQHandler
                0x000000000801343c                EXTI9_5_IRQHandler
                0x000000000801343c                TIM9_IRQHandler
                0x000000000801343c                TAMPER_STAMP_IRQHandler
                0x000000000801343c                RTC_WKUP_IRQHandler
                0x000000000801343c                SPI2_IRQHandler
                0x000000000801343c                MemManage_Handler
                0x000000000801343c                DMA1_Channel5_IRQHandler
                0x000000000801343c                USB_LP_IRQHandler
                0x000000000801343c                EXTI4_IRQHandler
                0x000000000801343c                DMA1_Channel3_IRQHandler
                0x000000000801343c                COMP_IRQHandler
                0x000000000801343c                WWDG_IRQHandler
                0x000000000801343c                TIM2_IRQHandler
                0x000000000801343c                DAC_IRQHandler
                0x000000000801343c                EXTI1_IRQHandler
                0x000000000801343c                TIM11_IRQHandler
                0x000000000801343c                USART2_IRQHandler
                0x000000000801343c                I2C2_ER_IRQHandler
                0x000000000801343c                DMA1_Channel2_IRQHandler
                0x000000000801343c                FLASH_IRQHandler
                0x000000000801343c                BusFault_Handler
                0x000000000801343c                USART1_IRQHandler
                0x000000000801343c                I2C1_ER_IRQHandler
 *fill*         0x000000000801343e        0x2 
 .text.atexit   0x0000000008013440        0xc /usr/lib/gcc/arm-none-eabi/4.8.2/../../../arm-none-eabi/lib/armv7-m/libg.a(lib_a-atexit.o)
                0x0000000008013440                atexit
 .text.exit     0x000000000801344c       0x20 /usr/lib/gcc/arm-none-eabi/4.8.2/../../../arm-none-eabi/lib/armv7-m/libg.a(lib_a-exit.o)
                0x000000000801344c                exit
 .text.__libc_fini_array
                0x000000000801346c       0x34 /usr/lib/gcc/arm-none-eabi/4.8.2/../../../arm-none-eabi/lib/armv7-m/libg.a(lib_a-fini.o)
                0x000000000801346c                __libc_fini_array
 .text.__libc_init_array
                0x00000000080134a0       0x5c /usr/lib/gcc/arm-none-eabi/4.8.2/../../../arm-none-eabi/lib/armv7-m/libg.a(lib_a-init.o)
                0x00000000080134a0                __libc_init_array
 .text.memset   0x00000000080134fc       0x94 /usr/lib/gcc/arm-none-eabi/4.8.2/../../../arm-none-eabi/lib/armv7-m/libg.a(lib_a-memset.o)
                0x00000000080134fc                memset
 .text.qsort    0x0000000008013590      0x578 /usr/lib/gcc/arm-none-eabi/4.8.2/../../../arm-none-eabi/lib/armv7-m/libg.a(lib_a-qsort.o)
                0x0000000008013590                qsort
 .text.__register_exitproc
                0x0000000008013b08       0xac /usr/lib/gcc/arm-none-eabi/4.8.2/../../../arm-none-eabi/lib/armv7-m/libg.a(lib_a-__atexit.o)
                0x0000000008013b08                __register_exitproc
 .text.startup.register_fini
                0x0000000008013bb4       0x18 /usr/lib/gcc/arm-none-eabi/4.8.2/../../../arm-none-eabi/lib/armv7-m/libg.a(lib_a-__call_atexit.o)
 .text.__call_exitprocs
                0x0000000008013bcc       0xf8 /usr/lib/gcc/arm-none-eabi/4.8.2/../../../arm-none-eabi/lib/armv7-m/libg.a(lib_a-__call_atexit.o)
                0x0000000008013bcc                __call_exitprocs
 .text._exit    0x0000000008013cc4        0x4 /usr/lib/gcc/arm-none-eabi/4.8.2/../../../arm-none-eabi/lib/armv7-m/libnosys.a(_exit.o)
                0x0000000008013cc4                _exit
 *(.glue_7)
 .glue_7        0x0000000000000000        0x0 linker stubs
 *(.glue_7t)
 .glue_7t       0x0000000000000000        0x0 linker stubs
 *(.eh_frame)
 .eh_frame      0x0000000008013cc8        0x0 /usr/lib/gcc/arm-none-eabi/4.8.2/armv7-m/crtbegin.o
 .eh_frame      0x0000000008013cc8        0x4 /usr/lib/gcc/arm-none-eabi/4.8.2/armv7-m/crtend.o
 *(.init)
 .init          0x0000000008013ccc        0x4 /usr/lib/gcc/arm-none-eabi/4.8.2/armv7-m/crti.o
                0x0000000008013ccc                _init
 .init          0x0000000008013cd0        0x8 /usr/lib/gcc/arm-none-eabi/4.8.2/armv7-m/crtn.o
 *(.fini)
 .fini          0x0000000008013cd8        0x4 /usr/lib/gcc/arm-none-eabi/4.8.2/armv7-m/crti.o
                0x0000000008013cd8                _fini
 .fini          0x0000000008013cdc        0x8 /usr/lib/gcc/arm-none-eabi/4.8.2/armv7-m/crtn.o
                0x0000000008013ce4                . = ALIGN (0x4)
                0x0000000008013ce4                _etext = .

.vfp11_veneer   0x0000000008013ce4        0x0
 .vfp11_veneer  0x0000000000000000        0x0 linker stubs

.v4_bx          0x0000000008013ce4        0x0
 .v4_bx         0x0000000000000000        0x0 linker stubs

.iplt           0x0000000008013ce4        0x0
 .iplt          0x0000000000000000        0x0 /usr/lib/gcc/arm-none-eabi/4.8.2/armv7-m/crtbegin.o

.RamFunc        0x0000000008013ce4      0x3bc
 .RamFunc       0x0000000008013ce4      0x3bc /tmp/cceTu4O5.o
                0x0000000008013ce4                HAL_FLASHEx_EnableRunPowerDown
                0x0000000008013d30                HAL_FLASHEx_DisableRunPowerDown
                0x0000000008013d7c                HAL_FLASHEx_HalfPageProgram
                0x0000000008013e58                HAL_FLASHEx_DATAEEPROM_EraseDoubleWord
                0x0000000008013f20                HAL_FLASHEx_DATAEEPROM_ProgramDoubleWord

.rodata         0x00000000080140a0       0xa4
                0x00000000080140a0                . = ALIGN (0x4)
 *(.rodata)
 .rodata        0x00000000080140a0        0x4 /tmp/ccXUqj5y.o
 .rodata        0x00000000080140a4        0x8 /tmp/ccEtxuJO.o
 .rodata        0x00000000080140ac        0x4 /tmp/ccLyPZBY.o
 .rodata        0x00000000080140b0       0x20 /tmp/ccJtAAkT.o
                0x00000000080140b0                aAPBAHBPrescTable
                0x00000000080140c0                aPLLDivisionFactorTable
                0x00000000080140c4                aPLLMULFactorTable
 .rodata        0x00000000080140d0        0xc /tmp/ccygPq56.o
                0x00000000080140d0                GPIO_PIN
                0x00000000080140d4                BUTTON_PIN
                0x00000000080140d8                BUTTON_IRQn
 .rodata        0x00000000080140dc       0x48 /tmp/cccSnFoN.o
                0x00000000080140dc                CapLetterMap
                0x0000000008014110                NumberMap
 .rodata        0x0000000008014124       0x18 /tmp/cc5f2sox.o
 *(.rodata*)
 .rodata.str1.4
                0x000000000801413c        0x4 /usr/lib/gcc/arm-none-eabi/4.8.2/../../../arm-none-eabi/lib/armv7-m/libg.a(lib_a-impure.o)
 .rodata._global_impure_ptr
                0x0000000008014140        0x4 /usr/lib/gcc/arm-none-eabi/4.8.2/../../../arm-none-eabi/lib/armv7-m/libg.a(lib_a-impure.o)
                0x0000000008014140                _global_impure_ptr
                0x0000000008014144                . = ALIGN (0x4)

.ARM.extab      0x0000000008014144        0x0
 *(.ARM.extab* .gnu.linkonce.armextab.*)
 .ARM.extab     0x0000000008014144        0x0 /usr/lib/gcc/arm-none-eabi/4.8.2/../../../arm-none-eabi/lib/armv7-m/crt0.o

.ARM            0x0000000008014144        0x8
                0x0000000008014144                __exidx_start = .
 *(.ARM.exidx*)
 .ARM.exidx     0x0000000008014144        0x8 /usr/lib/gcc/arm-none-eabi/4.8.2/../../../arm-none-eabi/lib/armv7-m/crt0.o
                0x000000000801414c                __exidx_end = .

.rel.dyn        0x000000000801414c        0x0
 .rel.iplt      0x0000000000000000        0x0 /usr/lib/gcc/arm-none-eabi/4.8.2/armv7-m/crtbegin.o

.preinit_array  0x000000000801414c        0x0
                0x000000000801414c                PROVIDE (__preinit_array_start, .)
 *(.preinit_array*)
                0x000000000801414c                PROVIDE (__preinit_array_end, .)

.init_array     0x000000000801414c        0x8
                0x000000000801414c                PROVIDE (__init_array_start, .)
 *(SORT(.init_array.*))
 .init_array.00000
                0x000000000801414c        0x4 /usr/lib/gcc/arm-none-eabi/4.8.2/../../../arm-none-eabi/lib/armv7-m/libg.a(lib_a-__call_atexit.o)
 *(.init_array*)
 .init_array    0x0000000008014150        0x4 /usr/lib/gcc/arm-none-eabi/4.8.2/armv7-m/crtbegin.o
                0x0000000008014154                PROVIDE (__init_array_end, .)

.fini_array     0x0000000008014154        0x4
                0x0000000008014154                PROVIDE (__fini_array_start, .)
 *(SORT(.fini_array.*))
 *(.fini_array*)
 .fini_array    0x0000000008014154        0x4 /usr/lib/gcc/arm-none-eabi/4.8.2/armv7-m/crtbegin.o
                0x0000000008014158                PROVIDE (__fini_array_end, .)
                0x0000000008014158                _sidata = LOADADDR (.data)

.data           0x0000000020000000      0x46c load address 0x0000000008014158
                0x0000000020000000                . = ALIGN (0x4)
                0x0000000020000000                _sdata = .
 *(.data)
 .data          0x0000000020000000        0x0 /usr/lib/gcc/arm-none-eabi/4.8.2/armv7-m/crti.o
 .data          0x0000000020000000        0x4 /usr/lib/gcc/arm-none-eabi/4.8.2/armv7-m/crtbegin.o
                0x0000000020000000                __dso_handle
 .data          0x0000000020000004        0x0 /usr/lib/gcc/arm-none-eabi/4.8.2/../../../arm-none-eabi/lib/armv7-m/crt0.o
 .data          0x0000000020000004        0x0 /tmp/ccXUqj5y.o
 .data          0x0000000020000004        0x0 /tmp/ccMsG9Nb.o
 .data          0x0000000020000004        0x4 /tmp/ccEtxuJO.o
 .data          0x0000000020000008        0x0 /tmp/ccDnmrKr.o
 .data          0x0000000020000008        0x0 /tmp/ccoW0uT4.o
 .data          0x0000000020000008        0x0 /tmp/cc4cHi5H.o
 .data          0x0000000020000008        0x0 /tmp/ccqtOOjl.o
 .data          0x0000000020000008        0x4 /tmp/ccLyPZBY.o
 .data          0x000000002000000c        0x0 /tmp/ccb6JH1B.o
 .data          0x000000002000000c        0x0 /tmp/ccEcYSzf.o
 .data          0x000000002000000c        0x0 /tmp/ccJtAAkT.o
 .data          0x000000002000000c        0x0 /tmp/ccUcHQcx.o
 .data          0x000000002000000c        0x0 /tmp/cchlSRcb.o
 .data          0x000000002000000c        0x0 /tmp/ccxvpPmP.o
 .data          0x000000002000000c        0x0 /tmp/ccqGXtDt.o
 .data          0x000000002000000c        0x0 /tmp/ccwkXC17.o
 .data          0x000000002000000c        0x0 /tmp/ccUEoxwM.o
 .data          0x000000002000000c        0x0 /tmp/cckqdp7q.o
 .data          0x000000002000000c        0x0 /tmp/cceTu4O5.o
 .data          0x000000002000000c        0x0 /tmp/ccqGMbEK.o
 .data          0x000000002000000c        0x0 /tmp/ccwkKcEp.o
 .data          0x000000002000000c        0x0 /tmp/ccOX3eM4.o
 .data          0x000000002000000c        0x0 /tmp/ccxb3Q1J.o
 .data          0x000000002000000c        0x0 /tmp/ccizYJnp.o
 .data          0x000000002000000c        0x0 /tmp/cc7YSD54.o
 .data          0x000000002000000c        0x0 /tmp/ccL7GMUK.o
 .data          0x000000002000000c        0x0 /tmp/ccoMY9Vq.o
 .data          0x000000002000000c        0xc /tmp/ccygPq56.o
                0x000000002000000c                GPIO_PORT
                0x0000000020000014                BUTTON_PORT
 .data          0x0000000020000018        0x1 /tmp/cccSnFoN.o
                0x0000000020000018                LCDBar
 .data          0x0000000020000019        0x0 /tmp/ccDt9vKt.o
 .data          0x0000000020000019        0x0 /tmp/ccyHOKba.o
 .data          0x0000000020000019        0x0 /tmp/ccN3ihJQ.o
 .data          0x0000000020000019        0x0 /tmp/cc5f2sox.o
 *fill*         0x0000000020000019        0x3 
 .data          0x000000002000001c       0x20 /tmp/ccoRrbae.o
                0x000000002000001c                SystemCoreClock
                0x0000000020000020                PLLMulTable
                0x000000002000002c                AHBPrescTable
 .data          0x000000002000003c        0x0 /tmp/ccX40J1U.o
 .data          0x000000002000003c        0x0 /tmp/cc0PkWTB.o
 .data          0x000000002000003c        0x0 /usr/lib/gcc/arm-none-eabi/4.8.2/../../../arm-none-eabi/lib/armv7-m/libg.a(lib_a-atexit.o)
 .data          0x000000002000003c        0x0 /usr/lib/gcc/arm-none-eabi/4.8.2/../../../arm-none-eabi/lib/armv7-m/libg.a(lib_a-exit.o)
 .data          0x000000002000003c        0x0 /usr/lib/gcc/arm-none-eabi/4.8.2/../../../arm-none-eabi/lib/armv7-m/libg.a(lib_a-fini.o)
 .data          0x000000002000003c        0x0 /usr/lib/gcc/arm-none-eabi/4.8.2/../../../arm-none-eabi/lib/armv7-m/libg.a(lib_a-impure.o)
 .data          0x000000002000003c        0x0 /usr/lib/gcc/arm-none-eabi/4.8.2/../../../arm-none-eabi/lib/armv7-m/libg.a(lib_a-init.o)
 .data          0x000000002000003c        0x0 /usr/lib/gcc/arm-none-eabi/4.8.2/../../../arm-none-eabi/lib/armv7-m/libg.a(lib_a-memcpy.o)
 .data          0x000000002000003c        0x0 /usr/lib/gcc/arm-none-eabi/4.8.2/../../../arm-none-eabi/lib/armv7-m/libg.a(lib_a-memset.o)
 .data          0x000000002000003c        0x0 /usr/lib/gcc/arm-none-eabi/4.8.2/../../../arm-none-eabi/lib/armv7-m/libg.a(lib_a-qsort.o)
 .data          0x000000002000003c        0x0 /usr/lib/gcc/arm-none-eabi/4.8.2/../../../arm-none-eabi/lib/armv7-m/libg.a(lib_a-__atexit.o)
 .data          0x000000002000003c        0x0 /usr/lib/gcc/arm-none-eabi/4.8.2/../../../arm-none-eabi/lib/armv7-m/libg.a(lib_a-__call_atexit.o)
 .data          0x000000002000003c        0x0 /usr/lib/gcc/arm-none-eabi/4.8.2/../../../arm-none-eabi/lib/armv7-m/libnosys.a(_exit.o)
 .data          0x000000002000003c        0x0 /usr/lib/gcc/arm-none-eabi/4.8.2/armv7-m/crtend.o
 .data          0x000000002000003c        0x0 /usr/lib/gcc/arm-none-eabi/4.8.2/armv7-m/crtn.o
 *(.data*)
 *fill*         0x000000002000003c        0x4 
 .data.impure_data
                0x0000000020000040      0x428 /usr/lib/gcc/arm-none-eabi/4.8.2/../../../arm-none-eabi/lib/armv7-m/libg.a(lib_a-impure.o)
 .data._impure_ptr
                0x0000000020000468        0x4 /usr/lib/gcc/arm-none-eabi/4.8.2/../../../arm-none-eabi/lib/armv7-m/libg.a(lib_a-impure.o)
                0x0000000020000468                _impure_ptr
                0x000000002000046c                . = ALIGN (0x4)
                0x000000002000046c                _edata = .

.jcr            0x000000002000046c        0x4 load address 0x00000000080145c4
 .jcr           0x000000002000046c        0x0 /usr/lib/gcc/arm-none-eabi/4.8.2/armv7-m/crtbegin.o
 .jcr           0x000000002000046c        0x4 /usr/lib/gcc/arm-none-eabi/4.8.2/armv7-m/crtend.o

.tm_clone_table
                0x0000000020000470        0x0 load address 0x00000000080145c8
 .tm_clone_table
                0x0000000020000470        0x0 /usr/lib/gcc/arm-none-eabi/4.8.2/armv7-m/crtbegin.o
 .tm_clone_table
                0x0000000020000470        0x0 /usr/lib/gcc/arm-none-eabi/4.8.2/armv7-m/crtend.o

.igot.plt       0x0000000020000470        0x0 load address 0x00000000080145c8
 .igot.plt      0x0000000000000000        0x0 /usr/lib/gcc/arm-none-eabi/4.8.2/armv7-m/crtbegin.o
                0x0000000020000470                . = ALIGN (0x4)

.bss            0x0000000020000470      0xb58 load address 0x00000000080145c8
                0x0000000020000470                _sbss = .
                0x0000000020000470                __bss_start__ = _sbss
 *(.bss)
 .bss           0x0000000020000470        0x0 /usr/lib/gcc/arm-none-eabi/4.8.2/armv7-m/crti.o
 .bss           0x0000000020000470       0x1c /usr/lib/gcc/arm-none-eabi/4.8.2/armv7-m/crtbegin.o
 .bss           0x000000002000048c        0x0 /usr/lib/gcc/arm-none-eabi/4.8.2/../../../arm-none-eabi/lib/armv7-m/crt0.o
 .bss           0x000000002000048c      0x7e8 /tmp/ccXUqj5y.o
 .bss           0x0000000020000c74        0x0 /tmp/ccMsG9Nb.o
 .bss           0x0000000020000c74      0x124 /tmp/ccEtxuJO.o
                0x0000000020000c74                pxCurrentTCB
 .bss           0x0000000020000d98        0x0 /tmp/ccDnmrKr.o
 .bss           0x0000000020000d98        0x0 /tmp/ccoW0uT4.o
 .bss           0x0000000020000d98        0x0 /tmp/cc4cHi5H.o
 .bss           0x0000000020000d98        0x0 /tmp/ccqtOOjl.o
 .bss           0x0000000020000d98        0x8 /tmp/ccLyPZBY.o
 .bss           0x0000000020000da0        0x0 /tmp/ccb6JH1B.o
 .bss           0x0000000020000da0        0x0 /tmp/ccEcYSzf.o
 .bss           0x0000000020000da0        0x0 /tmp/ccJtAAkT.o
 .bss           0x0000000020000da0        0x0 /tmp/ccUcHQcx.o
 .bss           0x0000000020000da0        0x0 /tmp/cchlSRcb.o
 .bss           0x0000000020000da0        0x0 /tmp/ccxvpPmP.o
 .bss           0x0000000020000da0        0x4 /tmp/ccqGXtDt.o
 .bss           0x0000000020000da4        0x0 /tmp/ccwkXC17.o
 .bss           0x0000000020000da4        0x0 /tmp/ccUEoxwM.o
 .bss           0x0000000020000da4        0x0 /tmp/cckqdp7q.o
 .bss           0x0000000020000da4        0x0 /tmp/cceTu4O5.o
 .bss           0x0000000020000da4        0x0 /tmp/ccqGMbEK.o
 .bss           0x0000000020000da4        0x0 /tmp/ccwkKcEp.o
 .bss           0x0000000020000da4        0x0 /tmp/ccOX3eM4.o
 .bss           0x0000000020000da4        0x0 /tmp/ccxb3Q1J.o
 .bss           0x0000000020000da4        0x0 /tmp/ccizYJnp.o
 .bss           0x0000000020000da4        0x0 /tmp/cc7YSD54.o
 .bss           0x0000000020000da4        0x0 /tmp/ccL7GMUK.o
 .bss           0x0000000020000da4        0x0 /tmp/ccoMY9Vq.o
 .bss           0x0000000020000da4        0x0 /tmp/ccygPq56.o
 .bss           0x0000000020000da4        0x1 /tmp/cccSnFoN.o
                0x0000000020000da4                bLCDGlass_KeyPressed
 .bss           0x0000000020000da5        0x0 /tmp/ccDt9vKt.o
 .bss           0x0000000020000da5        0x0 /tmp/ccyHOKba.o
 .bss           0x0000000020000da5        0x0 /tmp/ccN3ihJQ.o
 *fill*         0x0000000020000da5        0x3 
 .bss           0x0000000020000da8       0x18 /tmp/cc5f2sox.o
 .bss           0x0000000020000dc0        0x0 /tmp/ccoRrbae.o
 .bss           0x0000000020000dc0       0x14 /tmp/ccX40J1U.o
 .bss           0x0000000020000dd4        0x0 /tmp/cc0PkWTB.o
 .bss           0x0000000020000dd4        0x0 /usr/lib/gcc/arm-none-eabi/4.8.2/../../../arm-none-eabi/lib/armv7-m/libg.a(lib_a-atexit.o)
 .bss           0x0000000020000dd4        0x0 /usr/lib/gcc/arm-none-eabi/4.8.2/../../../arm-none-eabi/lib/armv7-m/libg.a(lib_a-exit.o)
 .bss           0x0000000020000dd4        0x0 /usr/lib/gcc/arm-none-eabi/4.8.2/../../../arm-none-eabi/lib/armv7-m/libg.a(lib_a-fini.o)
 .bss           0x0000000020000dd4        0x0 /usr/lib/gcc/arm-none-eabi/4.8.2/../../../arm-none-eabi/lib/armv7-m/libg.a(lib_a-impure.o)
 .bss           0x0000000020000dd4        0x0 /usr/lib/gcc/arm-none-eabi/4.8.2/../../../arm-none-eabi/lib/armv7-m/libg.a(lib_a-init.o)
 .bss           0x0000000020000dd4        0x0 /usr/lib/gcc/arm-none-eabi/4.8.2/../../../arm-none-eabi/lib/armv7-m/libg.a(lib_a-memcpy.o)
 .bss           0x0000000020000dd4        0x0 /usr/lib/gcc/arm-none-eabi/4.8.2/../../../arm-none-eabi/lib/armv7-m/libg.a(lib_a-memset.o)
 .bss           0x0000000020000dd4        0x0 /usr/lib/gcc/arm-none-eabi/4.8.2/../../../arm-none-eabi/lib/armv7-m/libg.a(lib_a-qsort.o)
 .bss           0x0000000020000dd4        0x0 /usr/lib/gcc/arm-none-eabi/4.8.2/../../../arm-none-eabi/lib/armv7-m/libg.a(lib_a-__atexit.o)
 .bss           0x0000000020000dd4        0x0 /usr/lib/gcc/arm-none-eabi/4.8.2/../../../arm-none-eabi/lib/armv7-m/libg.a(lib_a-__call_atexit.o)
 .bss           0x0000000020000dd4        0x0 /usr/lib/gcc/arm-none-eabi/4.8.2/../../../arm-none-eabi/lib/armv7-m/libnosys.a(_exit.o)
 .bss           0x0000000020000dd4        0x0 /usr/lib/gcc/arm-none-eabi/4.8.2/armv7-m/crtend.o
 .bss           0x0000000020000dd4        0x0 /usr/lib/gcc/arm-none-eabi/4.8.2/armv7-m/crtn.o
 *(.bss*)
 *(COMMON)
 COMMON         0x0000000020000dd4       0x40 /tmp/ccoW0uT4.o
                0x0000000020000dd4                xQueueRegistry
 COMMON         0x0000000020000e14       0x18 /tmp/cchlSRcb.o
                0x0000000020000e14                pFlash
 COMMON         0x0000000020000e2c       0x4c /tmp/cccSnFoN.o
                0x0000000020000e2c                Digit
                0x0000000020000e3c                LCDHandle
 COMMON         0x0000000020000e78      0x150 /tmp/cc5f2sox.o
                0x0000000020000e78                htim3
                0x0000000020000eb0                hdma_usart1_tx
                0x0000000020000ee8                huart1
                0x0000000020000f28                hdac
                0x0000000020000f3c                hdma_adc
                0x0000000020000f74                hadc
                0x0000000020000fc8                . = ALIGN (0x4)
                0x0000000020000fc8                _ebss = .
                0x0000000020000fc8                __bss_end__ = _ebss

._user_heap_stack
                0x0000000020000fc8      0x600 load address 0x00000000080145c8
                0x0000000020000fc8                . = ALIGN (0x4)
                0x0000000020000fc8                PROVIDE (end, .)
                0x0000000020000fc8                PROVIDE (_end, .)
                0x00000000200011c8                . = (. + _Min_Heap_Size)
 *fill*         0x0000000020000fc8      0x200 
                0x00000000200015c8                . = (. + _Min_Stack_Size)
 *fill*         0x00000000200011c8      0x400 
                0x00000000200015c8                . = ALIGN (0x4)

/DISCARD/
 libc.a(*)
 libm.a(*)
 libgcc.a(*)

.ARM.attributes
                0x0000000000000000       0x29
 *(.ARM.attributes)
 .ARM.attributes
                0x0000000000000000       0x1d /usr/lib/gcc/arm-none-eabi/4.8.2/armv7-m/crti.o
 .ARM.attributes
                0x000000000000001d       0x2d /usr/lib/gcc/arm-none-eabi/4.8.2/armv7-m/crtbegin.o
 .ARM.attributes
                0x000000000000004a       0x1b /usr/lib/gcc/arm-none-eabi/4.8.2/../../../arm-none-eabi/lib/armv7-m/crt0.o
 .ARM.attributes
                0x0000000000000065       0x33 /tmp/ccXUqj5y.o
 .ARM.attributes
                0x0000000000000098       0x33 /tmp/ccMsG9Nb.o
 .ARM.attributes
                0x00000000000000cb       0x33 /tmp/ccEtxuJO.o
 .ARM.attributes
                0x00000000000000fe       0x33 /tmp/ccDnmrKr.o
 .ARM.attributes
                0x0000000000000131       0x33 /tmp/ccoW0uT4.o
 .ARM.attributes
                0x0000000000000164       0x33 /tmp/cc4cHi5H.o
 .ARM.attributes
                0x0000000000000197       0x33 /tmp/ccqtOOjl.o
 .ARM.attributes
                0x00000000000001ca       0x33 /tmp/ccLyPZBY.o
 .ARM.attributes
                0x00000000000001fd       0x33 /tmp/ccb6JH1B.o
 .ARM.attributes
                0x0000000000000230       0x33 /tmp/ccEcYSzf.o
 .ARM.attributes
                0x0000000000000263       0x33 /tmp/ccJtAAkT.o
 .ARM.attributes
                0x0000000000000296       0x33 /tmp/ccUcHQcx.o
 .ARM.attributes
                0x00000000000002c9       0x33 /tmp/cchlSRcb.o
 .ARM.attributes
                0x00000000000002fc       0x33 /tmp/ccxvpPmP.o
 .ARM.attributes
                0x000000000000032f       0x33 /tmp/ccqGXtDt.o
 .ARM.attributes
                0x0000000000000362       0x33 /tmp/ccwkXC17.o
 .ARM.attributes
                0x0000000000000395       0x33 /tmp/ccUEoxwM.o
 .ARM.attributes
                0x00000000000003c8       0x33 /tmp/cckqdp7q.o
 .ARM.attributes
                0x00000000000003fb       0x33 /tmp/cceTu4O5.o
 .ARM.attributes
                0x000000000000042e       0x33 /tmp/ccqGMbEK.o
 .ARM.attributes
                0x0000000000000461       0x33 /tmp/ccwkKcEp.o
 .ARM.attributes
                0x0000000000000494       0x33 /tmp/ccOX3eM4.o
 .ARM.attributes
                0x00000000000004c7       0x33 /tmp/ccxb3Q1J.o
 .ARM.attributes
                0x00000000000004fa       0x33 /tmp/ccizYJnp.o
 .ARM.attributes
                0x000000000000052d       0x33 /tmp/cc7YSD54.o
 .ARM.attributes
                0x0000000000000560       0x33 /tmp/ccL7GMUK.o
 .ARM.attributes
                0x0000000000000593       0x33 /tmp/ccoMY9Vq.o
 .ARM.attributes
                0x00000000000005c6       0x33 /tmp/ccygPq56.o
 .ARM.attributes
                0x00000000000005f9       0x33 /tmp/cccSnFoN.o
 .ARM.attributes
                0x000000000000062c       0x33 /tmp/ccDt9vKt.o
 .ARM.attributes
                0x000000000000065f       0x33 /tmp/ccyHOKba.o
 .ARM.attributes
                0x0000000000000692       0x33 /tmp/ccN3ihJQ.o
 .ARM.attributes
                0x00000000000006c5       0x33 /tmp/cc5f2sox.o
 .ARM.attributes
                0x00000000000006f8       0x33 /tmp/ccoRrbae.o
 .ARM.attributes
                0x000000000000072b       0x33 /tmp/ccX40J1U.o
 .ARM.attributes
                0x000000000000075e       0x21 /tmp/cc0PkWTB.o
 .ARM.attributes
                0x000000000000077f       0x2d /usr/lib/gcc/arm-none-eabi/4.8.2/../../../arm-none-eabi/lib/armv7-m/libg.a(lib_a-atexit.o)
 .ARM.attributes
                0x00000000000007ac       0x2d /usr/lib/gcc/arm-none-eabi/4.8.2/../../../arm-none-eabi/lib/armv7-m/libg.a(lib_a-exit.o)
 .ARM.attributes
                0x00000000000007d9       0x2d /usr/lib/gcc/arm-none-eabi/4.8.2/../../../arm-none-eabi/lib/armv7-m/libg.a(lib_a-fini.o)
 .ARM.attributes
                0x0000000000000806       0x2d /usr/lib/gcc/arm-none-eabi/4.8.2/../../../arm-none-eabi/lib/armv7-m/libg.a(lib_a-impure.o)
 .ARM.attributes
                0x0000000000000833       0x2d /usr/lib/gcc/arm-none-eabi/4.8.2/../../../arm-none-eabi/lib/armv7-m/libg.a(lib_a-init.o)
 .ARM.attributes
                0x0000000000000860       0x1b /usr/lib/gcc/arm-none-eabi/4.8.2/../../../arm-none-eabi/lib/armv7-m/libg.a(lib_a-memcpy.o)
 .ARM.attributes
                0x000000000000087b       0x2d /usr/lib/gcc/arm-none-eabi/4.8.2/../../../arm-none-eabi/lib/armv7-m/libg.a(lib_a-memset.o)
 .ARM.attributes
                0x00000000000008a8       0x2d /usr/lib/gcc/arm-none-eabi/4.8.2/../../../arm-none-eabi/lib/armv7-m/libg.a(lib_a-qsort.o)
 .ARM.attributes
                0x00000000000008d5       0x2d /usr/lib/gcc/arm-none-eabi/4.8.2/../../../arm-none-eabi/lib/armv7-m/libg.a(lib_a-__atexit.o)
 .ARM.attributes
                0x0000000000000902       0x2d /usr/lib/gcc/arm-none-eabi/4.8.2/../../../arm-none-eabi/lib/armv7-m/libg.a(lib_a-__call_atexit.o)
 .ARM.attributes
                0x000000000000092f       0x2d /usr/lib/gcc/arm-none-eabi/4.8.2/../../../arm-none-eabi/lib/armv7-m/libnosys.a(_exit.o)
 .ARM.attributes
                0x000000000000095c       0x2d /usr/lib/gcc/arm-none-eabi/4.8.2/armv7-m/crtend.o
 .ARM.attributes
                0x0000000000000989       0x1d /usr/lib/gcc/arm-none-eabi/4.8.2/armv7-m/crtn.o
OUTPUT(chrono.elf elf32-littlearm)

.comment        0x0000000000000000       0x1f
 .comment       0x0000000000000000       0x1f /usr/lib/gcc/arm-none-eabi/4.8.2/armv7-m/crtbegin.o
                                         0x20 (size before relaxing)
 .comment       0x0000000000000000       0x20 /tmp/ccXUqj5y.o
 .comment       0x0000000000000000       0x20 /tmp/ccMsG9Nb.o
 .comment       0x0000000000000000       0x20 /tmp/ccEtxuJO.o
 .comment       0x0000000000000000       0x20 /tmp/ccDnmrKr.o
 .comment       0x0000000000000000       0x20 /tmp/ccoW0uT4.o
 .comment       0x0000000000000000       0x20 /tmp/cc4cHi5H.o
 .comment       0x0000000000000000       0x20 /tmp/ccqtOOjl.o
 .comment       0x0000000000000000       0x20 /tmp/ccLyPZBY.o
 .comment       0x0000000000000000       0x20 /tmp/ccb6JH1B.o
 .comment       0x0000000000000000       0x20 /tmp/ccEcYSzf.o
 .comment       0x0000000000000000       0x20 /tmp/ccJtAAkT.o
 .comment       0x0000000000000000       0x20 /tmp/ccUcHQcx.o
 .comment       0x0000000000000000       0x20 /tmp/cchlSRcb.o
 .comment       0x0000000000000000       0x20 /tmp/ccxvpPmP.o
 .comment       0x0000000000000000       0x20 /tmp/ccqGXtDt.o
 .comment       0x0000000000000000       0x20 /tmp/ccwkXC17.o
 .comment       0x0000000000000000       0x20 /tmp/ccUEoxwM.o
 .comment       0x0000000000000000       0x20 /tmp/cckqdp7q.o
 .comment       0x0000000000000000       0x20 /tmp/cceTu4O5.o
 .comment       0x0000000000000000       0x20 /tmp/ccqGMbEK.o
 .comment       0x0000000000000000       0x20 /tmp/ccwkKcEp.o
 .comment       0x0000000000000000       0x20 /tmp/ccOX3eM4.o
 .comment       0x0000000000000000       0x20 /tmp/ccxb3Q1J.o
 .comment       0x0000000000000000       0x20 /tmp/ccizYJnp.o
 .comment       0x0000000000000000       0x20 /tmp/cc7YSD54.o
 .comment       0x0000000000000000       0x20 /tmp/ccL7GMUK.o
 .comment       0x0000000000000000       0x20 /tmp/ccoMY9Vq.o
 .comment       0x0000000000000000       0x20 /tmp/ccygPq56.o
 .comment       0x0000000000000000       0x20 /tmp/cccSnFoN.o
 .comment       0x0000000000000000       0x20 /tmp/ccDt9vKt.o
 .comment       0x0000000000000000       0x20 /tmp/ccyHOKba.o
 .comment       0x0000000000000000       0x20 /tmp/ccN3ihJQ.o
 .comment       0x0000000000000000       0x20 /tmp/cc5f2sox.o
 .comment       0x0000000000000000       0x20 /tmp/ccoRrbae.o
 .comment       0x0000000000000000       0x20 /tmp/ccX40J1U.o
 .comment       0x0000000000000000       0x20 /usr/lib/gcc/arm-none-eabi/4.8.2/../../../arm-none-eabi/lib/armv7-m/libg.a(lib_a-atexit.o)
 .comment       0x0000000000000000       0x20 /usr/lib/gcc/arm-none-eabi/4.8.2/../../../arm-none-eabi/lib/armv7-m/libg.a(lib_a-exit.o)
 .comment       0x0000000000000000       0x20 /usr/lib/gcc/arm-none-eabi/4.8.2/../../../arm-none-eabi/lib/armv7-m/libg.a(lib_a-fini.o)
 .comment       0x0000000000000000       0x20 /usr/lib/gcc/arm-none-eabi/4.8.2/../../../arm-none-eabi/lib/armv7-m/libg.a(lib_a-impure.o)
 .comment       0x0000000000000000       0x20 /usr/lib/gcc/arm-none-eabi/4.8.2/../../../arm-none-eabi/lib/armv7-m/libg.a(lib_a-init.o)
 .comment       0x0000000000000000       0x20 /usr/lib/gcc/arm-none-eabi/4.8.2/../../../arm-none-eabi/lib/armv7-m/libg.a(lib_a-memset.o)
 .comment       0x0000000000000000       0x20 /usr/lib/gcc/arm-none-eabi/4.8.2/../../../arm-none-eabi/lib/armv7-m/libg.a(lib_a-qsort.o)
 .comment       0x0000000000000000       0x20 /usr/lib/gcc/arm-none-eabi/4.8.2/../../../arm-none-eabi/lib/armv7-m/libg.a(lib_a-__atexit.o)
 .comment       0x0000000000000000       0x20 /usr/lib/gcc/arm-none-eabi/4.8.2/../../../arm-none-eabi/lib/armv7-m/libg.a(lib_a-__call_atexit.o)
 .comment       0x0000000000000000       0x20 /usr/lib/gcc/arm-none-eabi/4.8.2/../../../arm-none-eabi/lib/armv7-m/libnosys.a(_exit.o)
 .comment       0x0000000000000000       0x20 /usr/lib/gcc/arm-none-eabi/4.8.2/armv7-m/crtend.o

.debug_line     0x0000000000000000     0x8bcc
 .debug_line    0x0000000000000000       0x7b /usr/lib/gcc/arm-none-eabi/4.8.2/../../../arm-none-eabi/lib/armv7-m/crt0.o
 .debug_line    0x000000000000007b      0x1b2 /tmp/ccXUqj5y.o
 .debug_line    0x000000000000022d      0x178 /tmp/ccMsG9Nb.o
 .debug_line    0x00000000000003a5      0x7c8 /tmp/ccEtxuJO.o
 .debug_line    0x0000000000000b6d      0x2a2 /tmp/ccDnmrKr.o
 .debug_line    0x0000000000000e0f      0x594 /tmp/ccoW0uT4.o
 .debug_line    0x00000000000013a3       0x1d /tmp/cc4cHi5H.o
 .debug_line    0x00000000000013c0       0x1d /tmp/ccqtOOjl.o
 .debug_line    0x00000000000013dd      0x1d8 /tmp/ccLyPZBY.o
 .debug_line    0x00000000000015b5      0x333 /tmp/ccb6JH1B.o
 .debug_line    0x00000000000018e8      0x4d1 /tmp/ccEcYSzf.o
 .debug_line    0x0000000000001db9      0xc63 /tmp/ccJtAAkT.o
 .debug_line    0x0000000000002a1c      0x330 /tmp/ccUcHQcx.o
 .debug_line    0x0000000000002d4c      0x33f /tmp/cchlSRcb.o
 .debug_line    0x000000000000308b      0x47a /tmp/ccxvpPmP.o
 .debug_line    0x0000000000003505      0x283 /tmp/ccqGXtDt.o
 .debug_line    0x0000000000003788      0x380 /tmp/ccwkXC17.o
 .debug_line    0x0000000000003b08      0x32d /tmp/ccUEoxwM.o
 .debug_line    0x0000000000003e35      0x26a /tmp/cckqdp7q.o
 .debug_line    0x000000000000409f      0x2b8 /tmp/cceTu4O5.o
 .debug_line    0x0000000000004357      0x363 /tmp/ccqGMbEK.o
 .debug_line    0x00000000000046ba      0x5d6 /tmp/ccwkKcEp.o
 .debug_line    0x0000000000004c90      0x475 /tmp/ccOX3eM4.o
 .debug_line    0x0000000000005105      0x37f /tmp/ccxb3Q1J.o
 .debug_line    0x0000000000005484      0x2e9 /tmp/ccizYJnp.o
 .debug_line    0x000000000000576d      0xaf0 /tmp/cc7YSD54.o
 .debug_line    0x000000000000625d      0x2d2 /tmp/ccL7GMUK.o
 .debug_line    0x000000000000652f      0x6e1 /tmp/ccoMY9Vq.o
 .debug_line    0x0000000000006c10      0x295 /tmp/ccygPq56.o
 .debug_line    0x0000000000006ea5      0x4c5 /tmp/cccSnFoN.o
 .debug_line    0x000000000000736a       0x1d /tmp/ccDt9vKt.o
 .debug_line    0x0000000000007387      0x243 /tmp/ccyHOKba.o
 .debug_line    0x00000000000075ca      0x2b2 /tmp/ccN3ihJQ.o
 .debug_line    0x000000000000787c      0x3fb /tmp/cc5f2sox.o
 .debug_line    0x0000000000007c77      0x18e /tmp/ccoRrbae.o
 .debug_line    0x0000000000007e05      0x151 /tmp/ccX40J1U.o
 .debug_line    0x0000000000007f56       0x76 /tmp/cc0PkWTB.o
 .debug_line    0x0000000000007fcc       0xa6 /usr/lib/gcc/arm-none-eabi/4.8.2/../../../arm-none-eabi/lib/armv7-m/libg.a(lib_a-atexit.o)
 .debug_line    0x0000000000008072      0x13f /usr/lib/gcc/arm-none-eabi/4.8.2/../../../arm-none-eabi/lib/armv7-m/libg.a(lib_a-exit.o)
 .debug_line    0x00000000000081b1       0x9c /usr/lib/gcc/arm-none-eabi/4.8.2/../../../arm-none-eabi/lib/armv7-m/libg.a(lib_a-fini.o)
 .debug_line    0x000000000000824d       0xd6 /usr/lib/gcc/arm-none-eabi/4.8.2/../../../arm-none-eabi/lib/armv7-m/libg.a(lib_a-impure.o)
 .debug_line    0x0000000000008323       0xb5 /usr/lib/gcc/arm-none-eabi/4.8.2/../../../arm-none-eabi/lib/armv7-m/libg.a(lib_a-init.o)
 .debug_line    0x00000000000083d8       0xbb /usr/lib/gcc/arm-none-eabi/4.8.2/../../../arm-none-eabi/lib/armv7-m/libg.a(lib_a-memcpy.o)
 .debug_line    0x0000000000008493       0xff /usr/lib/gcc/arm-none-eabi/4.8.2/../../../arm-none-eabi/lib/armv7-m/libg.a(lib_a-memset.o)
 .debug_line    0x0000000000008592      0x2e8 /usr/lib/gcc/arm-none-eabi/4.8.2/../../../arm-none-eabi/lib/armv7-m/libg.a(lib_a-qsort.o)
 .debug_line    0x000000000000887a      0x160 /usr/lib/gcc/arm-none-eabi/4.8.2/../../../arm-none-eabi/lib/armv7-m/libg.a(lib_a-__atexit.o)
 .debug_line    0x00000000000089da      0x19a /usr/lib/gcc/arm-none-eabi/4.8.2/../../../arm-none-eabi/lib/armv7-m/libg.a(lib_a-__call_atexit.o)
 .debug_line    0x0000000000008b74       0x58 /usr/lib/gcc/arm-none-eabi/4.8.2/../../../arm-none-eabi/lib/armv7-m/libnosys.a(_exit.o)

.debug_info     0x0000000000000000    0x1591b
 .debug_info    0x0000000000000000       0x8d /usr/lib/gcc/arm-none-eabi/4.8.2/../../../arm-none-eabi/lib/armv7-m/crt0.o
 .debug_info    0x000000000000008d      0x2f6 /tmp/ccXUqj5y.o
 .debug_info    0x0000000000000383      0x299 /tmp/ccMsG9Nb.o
 .debug_info    0x000000000000061c     0x14ba /tmp/ccEtxuJO.o
 .debug_info    0x0000000000001ad6      0x65a /tmp/ccDnmrKr.o
 .debug_info    0x0000000000002130      0xbfd /tmp/ccoW0uT4.o
 .debug_info    0x0000000000002d2d       0x6e /tmp/cc4cHi5H.o
 .debug_info    0x0000000000002d9b       0x6e /tmp/ccqtOOjl.o
 .debug_info    0x0000000000002e09      0x322 /tmp/ccLyPZBY.o
 .debug_info    0x000000000000312b      0x5db /tmp/ccb6JH1B.o
 .debug_info    0x0000000000003706      0x56d /tmp/ccEcYSzf.o
 .debug_info    0x0000000000003c73     0x172e /tmp/ccJtAAkT.o
 .debug_info    0x00000000000053a1      0x427 /tmp/ccUcHQcx.o
 .debug_info    0x00000000000057c8      0x43f /tmp/cchlSRcb.o
 .debug_info    0x0000000000005c07      0xa58 /tmp/ccxvpPmP.o
 .debug_info    0x000000000000665f      0x5ca /tmp/ccqGXtDt.o
 .debug_info    0x0000000000006c29      0xc1e /tmp/ccwkXC17.o
 .debug_info    0x0000000000007847      0x7b9 /tmp/ccUEoxwM.o
 .debug_info    0x0000000000008000      0x31b /tmp/cckqdp7q.o
 .debug_info    0x000000000000831b      0x321 /tmp/cceTu4O5.o
 .debug_info    0x000000000000863c      0x50d /tmp/ccqGMbEK.o
 .debug_info    0x0000000000008b49      0xdf4 /tmp/ccwkKcEp.o
 .debug_info    0x000000000000993d      0x864 /tmp/ccOX3eM4.o
 .debug_info    0x000000000000a1a1      0x8a2 /tmp/ccxb3Q1J.o
 .debug_info    0x000000000000aa43      0x657 /tmp/ccizYJnp.o
 .debug_info    0x000000000000b09a     0x2097 /tmp/cc7YSD54.o
 .debug_info    0x000000000000d131      0x58b /tmp/ccL7GMUK.o
 .debug_info    0x000000000000d6bc      0xdd5 /tmp/ccoMY9Vq.o
 .debug_info    0x000000000000e491      0x691 /tmp/ccygPq56.o
 .debug_info    0x000000000000eb22      0xbec /tmp/cccSnFoN.o
 .debug_info    0x000000000000f70e       0x72 /tmp/ccDt9vKt.o
 .debug_info    0x000000000000f780      0x2bd /tmp/ccyHOKba.o
 .debug_info    0x000000000000fa3d      0xf88 /tmp/ccN3ihJQ.o
 .debug_info    0x00000000000109c5     0x1367 /tmp/cc5f2sox.o
 .debug_info    0x0000000000011d2c      0x400 /tmp/ccoRrbae.o
 .debug_info    0x000000000001212c      0x1b5 /tmp/ccX40J1U.o
 .debug_info    0x00000000000122e1       0x63 /tmp/cc0PkWTB.o
 .debug_info    0x0000000000012344      0x10a /usr/lib/gcc/arm-none-eabi/4.8.2/../../../arm-none-eabi/lib/armv7-m/libg.a(lib_a-atexit.o)
[...]
 .debug_abbrev  0x000000000000170d      0x28a /tmp/ccwkXC17.o
 .debug_abbrev  0x0000000000001997      0x1f3 /tmp/ccUEoxwM.o
 .debug_abbrev  0x0000000000001b8a      0x12a /tmp/cckqdp7q.o
 .debug_abbrev  0x0000000000001cb4      0x136 /tmp/cceTu4O5.o
 .debug_abbrev  0x0000000000001dea      0x187 /tmp/ccqGMbEK.o
 .debug_abbrev  0x0000000000001f71      0x244 /tmp/ccwkKcEp.o
 .debug_abbrev  0x00000000000021b5      0x230 /tmp/ccOX3eM4.o
 .debug_abbrev  0x00000000000023e5      0x1a8 /tmp/ccxb3Q1J.o
 .debug_abbrev  0x000000000000258d      0x192 /tmp/ccizYJnp.o
 .debug_abbrev  0x000000000000271f      0x1f7 /tmp/cc7YSD54.o
 .debug_abbrev  0x0000000000002916      0x125 /tmp/ccL7GMUK.o
 .debug_abbrev  0x0000000000002a3b      0x215 /tmp/ccoMY9Vq.o
 .debug_abbrev  0x0000000000002c50      0x18c /tmp/ccygPq56.o
 .debug_abbrev  0x0000000000002ddc      0x1ee /tmp/cccSnFoN.o
 .debug_abbrev  0x0000000000002fca       0x26 /tmp/ccDt9vKt.o
 .debug_abbrev  0x0000000000002ff0      0x111 /tmp/ccyHOKba.o
 .debug_abbrev  0x0000000000003101      0x19e /tmp/ccN3ihJQ.o
 .debug_abbrev  0x000000000000329f      0x22e /tmp/cc5f2sox.o
 .debug_abbrev  0x00000000000034cd      0x101 /tmp/ccoRrbae.o
 .debug_abbrev  0x00000000000035ce       0xf3 /tmp/ccX40J1U.o
 .debug_abbrev  0x00000000000036c1       0x12 /tmp/cc0PkWTB.o
 .debug_abbrev  0x00000000000036d3       0xb8 /usr/lib/gcc/arm-none-eabi/4.8.2/../../../arm-none-eabi/lib/armv7-m/libg.a(lib_a-atexit.o)
 .debug_abbrev  0x000000000000378b      0x1e6 /usr/lib/gcc/arm-none-eabi/4.8.2/../../../arm-none-eabi/lib/armv7-m/libg.a(lib_a-exit.o)
 .debug_abbrev  0x0000000000003971       0xbd /usr/lib/gcc/arm-none-eabi/4.8.2/../../../arm-none-eabi/lib/armv7-m/libg.a(lib_a-fini.o)
 .debug_abbrev  0x0000000000003a2e      0x180 /usr/lib/gcc/arm-none-eabi/4.8.2/../../../arm-none-eabi/lib/armv7-m/libg.a(lib_a-impure.o)
 .debug_abbrev  0x0000000000003bae       0xba /usr/lib/gcc/arm-none-eabi/4.8.2/../../../arm-none-eabi/lib/armv7-m/libg.a(lib_a-init.o)
 .debug_abbrev  0x0000000000003c68       0x14 /usr/lib/gcc/arm-none-eabi/4.8.2/../../../arm-none-eabi/lib/armv7-m/libg.a(lib_a-memcpy.o)
 .debug_abbrev  0x0000000000003c7c       0x9f /usr/lib/gcc/arm-none-eabi/4.8.2/../../../arm-none-eabi/lib/armv7-m/libg.a(lib_a-memset.o)
 .debug_abbrev  0x0000000000003d1b      0x1b8 /usr/lib/gcc/arm-none-eabi/4.8.2/../../../arm-none-eabi/lib/armv7-m/libg.a(lib_a-qsort.o)
 .debug_abbrev  0x0000000000003ed3      0x20f /usr/lib/gcc/arm-none-eabi/4.8.2/../../../arm-none-eabi/lib/armv7-m/libg.a(lib_a-__atexit.o)
 .debug_abbrev  0x00000000000040e2      0x285 /usr/lib/gcc/arm-none-eabi/4.8.2/../../../arm-none-eabi/lib/armv7-m/libg.a(lib_a-__call_atexit.o)
 .debug_abbrev  0x0000000000004367       0x55 /usr/lib/gcc/arm-none-eabi/4.8.2/../../../arm-none-eabi/lib/armv7-m/libnosys.a(_exit.o)

.debug_aranges  0x0000000000000000      0x618
 .debug_aranges
                0x0000000000000000       0x20 /usr/lib/gcc/arm-none-eabi/4.8.2/../../../arm-none-eabi/lib/armv7-m/crt0.o
 .debug_aranges
                0x0000000000000020       0x20 /tmp/ccXUqj5y.o
 .debug_aranges
                0x0000000000000040       0x20 /tmp/ccMsG9Nb.o
 .debug_aranges
                0x0000000000000060       0x20 /tmp/ccEtxuJO.o
 .debug_aranges
                0x0000000000000080       0x20 /tmp/ccDnmrKr.o
 .debug_aranges
                0x00000000000000a0       0x20 /tmp/ccoW0uT4.o
 .debug_aranges
                0x00000000000000c0       0x18 /tmp/cc4cHi5H.o
 .debug_aranges
                0x00000000000000d8       0x18 /tmp/ccqtOOjl.o
 .debug_aranges
                0x00000000000000f0       0x20 /tmp/ccLyPZBY.o
 .debug_aranges
                0x0000000000000110       0x20 /tmp/ccb6JH1B.o
 .debug_aranges
                0x0000000000000130       0x20 /tmp/ccEcYSzf.o
 .debug_aranges
                0x0000000000000150       0x20 /tmp/ccJtAAkT.o
 .debug_aranges
                0x0000000000000170       0x20 /tmp/ccUcHQcx.o
 .debug_aranges
                0x0000000000000190       0x20 /tmp/cchlSRcb.o
 .debug_aranges
                0x00000000000001b0       0x20 /tmp/ccxvpPmP.o
 .debug_aranges
                0x00000000000001d0       0x20 /tmp/ccqGXtDt.o
 .debug_aranges
                0x00000000000001f0       0x20 /tmp/ccwkXC17.o
 .debug_aranges
                0x0000000000000210       0x20 /tmp/ccUEoxwM.o
 .debug_aranges
                0x0000000000000230       0x20 /tmp/cckqdp7q.o
 .debug_aranges
                0x0000000000000250       0x48 /tmp/cceTu4O5.o
 .debug_aranges
                0x0000000000000298       0x20 /tmp/ccqGMbEK.o
 .debug_aranges
                0x00000000000002b8       0x20 /tmp/ccwkKcEp.o
 .debug_aranges
                0x00000000000002d8       0x20 /tmp/ccOX3eM4.o
 .debug_aranges
                0x00000000000002f8       0x20 /tmp/ccxb3Q1J.o
 .debug_aranges
                0x0000000000000318       0x20 /tmp/ccizYJnp.o
 .debug_aranges
                0x0000000000000338       0x20 /tmp/cc7YSD54.o
 .debug_aranges
                0x0000000000000358       0x20 /tmp/ccL7GMUK.o
 .debug_aranges
                0x0000000000000378       0x20 /tmp/ccoMY9Vq.o
 .debug_aranges
                0x0000000000000398       0x20 /tmp/ccygPq56.o
 .debug_aranges
                0x00000000000003b8       0x20 /tmp/cccSnFoN.o
 .debug_aranges
                0x00000000000003d8       0x18 /tmp/ccDt9vKt.o
 .debug_aranges
                0x00000000000003f0       0x20 /tmp/ccyHOKba.o
 .debug_aranges
                0x0000000000000410       0x20 /tmp/ccN3ihJQ.o
 .debug_aranges
                0x0000000000000430       0x20 /tmp/cc5f2sox.o
 .debug_aranges
                0x0000000000000450       0x20 /tmp/ccoRrbae.o
 .debug_aranges
                0x0000000000000470       0x20 /tmp/ccX40J1U.o
 .debug_aranges
                0x0000000000000490       0x28 /tmp/cc0PkWTB.o
 .debug_aranges
                0x00000000000004b8       0x20 /usr/lib/gcc/arm-none-eabi/4.8.2/../../../arm-none-eabi/lib/armv7-m/libg.a(lib_a-atexit.o)
 .debug_aranges
                0x00000000000004d8       0x20 /usr/lib/gcc/arm-none-eabi/4.8.2/../../../arm-none-eabi/lib/armv7-m/libg.a(lib_a-exit.o)
 .debug_aranges
                0x00000000000004f8       0x20 /usr/lib/gcc/arm-none-eabi/4.8.2/../../../arm-none-eabi/lib/armv7-m/libg.a(lib_a-fini.o)
 .debug_aranges
                0x0000000000000518       0x18 /usr/lib/gcc/arm-none-eabi/4.8.2/../../../arm-none-eabi/lib/armv7-m/libg.a(lib_a-impure.o)
 .debug_aranges
                0x0000000000000530       0x20 /usr/lib/gcc/arm-none-eabi/4.8.2/../../../arm-none-eabi/lib/armv7-m/libg.a(lib_a-init.o)
 .debug_aranges
                0x0000000000000550       0x20 /usr/lib/gcc/arm-none-eabi/4.8.2/../../../arm-none-eabi/lib/armv7-m/libg.a(lib_a-memcpy.o)
 .debug_aranges
                0x0000000000000570       0x20 /usr/lib/gcc/arm-none-eabi/4.8.2/../../../arm-none-eabi/lib/armv7-m/libg.a(lib_a-memset.o)
 .debug_aranges
                0x0000000000000590       0x20 /usr/lib/gcc/arm-none-eabi/4.8.2/../../../arm-none-eabi/lib/armv7-m/libg.a(lib_a-qsort.o)
 .debug_aranges
                0x00000000000005b0       0x20 /usr/lib/gcc/arm-none-eabi/4.8.2/../../../arm-none-eabi/lib/armv7-m/libg.a(lib_a-__atexit.o)
 .debug_aranges
                0x00000000000005d0       0x28 /usr/lib/gcc/arm-none-eabi/4.8.2/../../../arm-none-eabi/lib/armv7-m/libg.a(lib_a-__call_atexit.o)
 .debug_aranges
                0x00000000000005f8       0x20 /usr/lib/gcc/arm-none-eabi/4.8.2/../../../arm-none-eabi/lib/armv7-m/libnosys.a(_exit.o)

.debug_str      0x0000000000000000     0x6dd6
 .debug_str     0x0000000000000000      0x2c7 /tmp/ccXUqj5y.o
                                        0x311 (size before relaxing)
 .debug_str     0x00000000000002c7      0x152 /tmp/ccMsG9Nb.o
                                        0x266 (size before relaxing)
 .debug_str     0x0000000000000419      0xb80 /tmp/ccEtxuJO.o
                                        0xd99 (size before relaxing)
 .debug_str     0x0000000000000f99      0x2ac /tmp/ccDnmrKr.o
                                        0x4b8 (size before relaxing)
 .debug_str     0x0000000000001245      0x487 /tmp/ccoW0uT4.o
                                        0x70c (size before relaxing)
 .debug_str     0x00000000000016cc       0x36 /tmp/cc4cHi5H.o
                                        0x117 (size before relaxing)
 .debug_str     0x0000000000001702       0x34 /tmp/ccqtOOjl.o
                                        0x115 (size before relaxing)
 .debug_str     0x0000000000001736      0x27c /tmp/ccLyPZBY.o
                                        0x3da (size before relaxing)
 .debug_str     0x00000000000019b2      0x2a5 /tmp/ccb6JH1B.o
                                        0x401 (size before relaxing)
 .debug_str     0x0000000000001c57      0x317 /tmp/ccEcYSzf.o
                                        0x4d7 (size before relaxing)
 .debug_str     0x0000000000001f6e      0x3db /tmp/ccJtAAkT.o
                                        0x673 (size before relaxing)
 .debug_str     0x0000000000002349      0x146 /tmp/ccUcHQcx.o
                                        0x376 (size before relaxing)
 .debug_str     0x000000000000248f      0x246 /tmp/cchlSRcb.o
                                        0x45c (size before relaxing)
 .debug_str     0x00000000000026d5      0x442 /tmp/ccxvpPmP.o
                                        0x734 (size before relaxing)
 .debug_str     0x0000000000002b17      0x4d6 /tmp/ccqGXtDt.o
                                        0x6f5 (size before relaxing)
 .debug_str     0x0000000000002fed      0x42f /tmp/ccwkXC17.o
                                        0x980 (size before relaxing)
 .debug_str     0x000000000000341c      0x24d /tmp/ccUEoxwM.o
                                        0x4b4 (size before relaxing)
 .debug_str     0x0000000000003669      0x13f /tmp/cckqdp7q.o
                                        0x2a9 (size before relaxing)
 .debug_str     0x00000000000037a8      0x15f /tmp/cceTu4O5.o
                                        0x34f (size before relaxing)
 .debug_str     0x0000000000003907      0x257 /tmp/ccqGMbEK.o
                                        0x457 (size before relaxing)
 .debug_str     0x0000000000003b5e      0x4bb /tmp/ccwkKcEp.o
                                        0x927 (size before relaxing)
 .debug_str     0x0000000000004019      0x27f /tmp/ccOX3eM4.o
                                        0x7eb (size before relaxing)
 .debug_str     0x0000000000004298      0x34c /tmp/ccxb3Q1J.o
                                        0x6c3 (size before relaxing)
 .debug_str     0x00000000000045e4      0x199 /tmp/ccizYJnp.o
                                        0x605 (size before relaxing)
 .debug_str     0x000000000000477d      0xec9 /tmp/cc7YSD54.o
                                       0x1293 (size before relaxing)
 .debug_str     0x0000000000005646       0xfc /tmp/ccL7GMUK.o
                                        0x601 (size before relaxing)
 .debug_str     0x0000000000005742      0x55d /tmp/ccoMY9Vq.o
                                        0x91a (size before relaxing)
 .debug_str     0x0000000000005c9f      0x193 /tmp/ccygPq56.o
                                        0x69a (size before relaxing)
 .debug_str     0x0000000000005e32      0x3f7 /tmp/cccSnFoN.o
                                        0x93f (size before relaxing)
 .debug_str     0x0000000000006229        0xf /tmp/ccDt9vKt.o
                                        0x117 (size before relaxing)
 .debug_str     0x0000000000006238       0x6d /tmp/ccyHOKba.o
                                        0x378 (size before relaxing)
 .debug_str     0x00000000000062a5       0x32 /tmp/ccN3ihJQ.o
                                        0xda2 (size before relaxing)
 .debug_str     0x00000000000062d7       0xe7 /tmp/cc5f2sox.o
                                       0x1087 (size before relaxing)
 .debug_str     0x00000000000063be       0x5c /tmp/ccoRrbae.o
                                        0x293 (size before relaxing)
 .debug_str     0x000000000000641a       0x32 /tmp/ccX40J1U.o
                                        0x174 (size before relaxing)
 .debug_str     0x000000000000644c      0x140 /usr/lib/gcc/arm-none-eabi/4.8.2/../../../arm-none-eabi/lib/armv7-m/libg.a(lib_a-atexit.o)
                                        0x1d9 (size before relaxing)
 .debug_str     0x000000000000658c      0x3ea /usr/lib/gcc/arm-none-eabi/4.8.2/../../../arm-none-eabi/lib/armv7-m/libg.a(lib_a-exit.o)
                                        0x576 (size before relaxing)
 .debug_str     0x0000000000006976       0xa8 /usr/lib/gcc/arm-none-eabi/4.8.2/../../../arm-none-eabi/lib/armv7-m/libg.a(lib_a-fini.o)
                                        0x1d1 (size before relaxing)
 .debug_str     0x0000000000006a1e       0x82 /usr/lib/gcc/arm-none-eabi/4.8.2/../../../arm-none-eabi/lib/armv7-m/libg.a(lib_a-impure.o)
                                        0x56d (size before relaxing)
 .debug_str     0x0000000000006aa0       0x90 /usr/lib/gcc/arm-none-eabi/4.8.2/../../../arm-none-eabi/lib/armv7-m/libg.a(lib_a-init.o)
                                        0x1fb (size before relaxing)
 .debug_str     0x0000000000006b30       0x8c /usr/lib/gcc/arm-none-eabi/4.8.2/../../../arm-none-eabi/lib/armv7-m/libg.a(lib_a-memset.o)
                                        0x1b0 (size before relaxing)
 .debug_str     0x0000000000006bbc       0x9d /usr/lib/gcc/arm-none-eabi/4.8.2/../../../arm-none-eabi/lib/armv7-m/libg.a(lib_a-qsort.o)
                                        0x1bf (size before relaxing)
 .debug_str     0x0000000000006c59       0x30 /usr/lib/gcc/arm-none-eabi/4.8.2/../../../arm-none-eabi/lib/armv7-m/libg.a(lib_a-__atexit.o)
                                        0x5b5 (size before relaxing)
 .debug_str     0x0000000000006c89       0x70 /usr/lib/gcc/arm-none-eabi/4.8.2/../../../arm-none-eabi/lib/armv7-m/libg.a(lib_a-__call_atexit.o)
                                        0x5cd (size before relaxing)
 .debug_str     0x0000000000006cf9       0xdd /usr/lib/gcc/arm-none-eabi/4.8.2/../../../arm-none-eabi/lib/armv7-m/libnosys.a(_exit.o)
                                         0xe3 (size before relaxing)

.debug_frame    0x0000000000000000     0x42e8
 .debug_frame   0x0000000000000000       0xd0 /tmp/ccXUqj5y.o
 .debug_frame   0x00000000000000d0       0x9c /tmp/ccMsG9Nb.o
 .debug_frame   0x000000000000016c      0x60c /tmp/ccEtxuJO.o
 .debug_frame   0x0000000000000778      0x168 /tmp/ccDnmrKr.o
 .debug_frame   0x00000000000008e0      0x37c /tmp/ccoW0uT4.o
 .debug_frame   0x0000000000000c5c      0x178 /tmp/ccLyPZBY.o
 .debug_frame   0x0000000000000dd4       0xf4 /tmp/ccb6JH1B.o
 .debug_frame   0x0000000000000ec8      0x13c /tmp/ccEcYSzf.o
 .debug_frame   0x0000000000001004      0x1cc /tmp/ccJtAAkT.o
 .debug_frame   0x00000000000011d0       0x68 /tmp/ccUcHQcx.o
 .debug_frame   0x0000000000001238      0x170 /tmp/cchlSRcb.o
 .debug_frame   0x00000000000013a8      0x2f8 /tmp/ccxvpPmP.o
 .debug_frame   0x00000000000016a0      0x1f0 /tmp/ccqGXtDt.o
 .debug_frame   0x0000000000001890      0x378 /tmp/ccwkXC17.o
 .debug_frame   0x0000000000001c08      0x1d0 /tmp/ccUEoxwM.o
 .debug_frame   0x0000000000001dd8       0xd0 /tmp/cckqdp7q.o
 .debug_frame   0x0000000000001ea8       0xc0 /tmp/cceTu4O5.o
 .debug_frame   0x0000000000001f68      0x140 /tmp/ccqGMbEK.o
 .debug_frame   0x00000000000020a8      0x348 /tmp/ccwkKcEp.o
 .debug_frame   0x00000000000023f0      0x108 /tmp/ccOX3eM4.o
 .debug_frame   0x00000000000024f8      0x27c /tmp/ccxb3Q1J.o
 .debug_frame   0x0000000000002774      0x150 /tmp/ccizYJnp.o
 .debug_frame   0x00000000000028c4      0xc98 /tmp/cc7YSD54.o
 .debug_frame   0x000000000000355c       0x48 /tmp/ccL7GMUK.o
 .debug_frame   0x00000000000035a4      0x4a8 /tmp/ccoMY9Vq.o
 .debug_frame   0x0000000000003a4c       0xe8 /tmp/ccygPq56.o
 .debug_frame   0x0000000000003b34      0x200 /tmp/cccSnFoN.o
 .debug_frame   0x0000000000003d34       0x64 /tmp/ccyHOKba.o
 .debug_frame   0x0000000000003d98      0x128 /tmp/ccN3ihJQ.o
 .debug_frame   0x0000000000003ec0      0x1e0 /tmp/cc5f2sox.o
 .debug_frame   0x00000000000040a0       0x44 /tmp/ccoRrbae.o
 .debug_frame   0x00000000000040e4       0x68 /tmp/ccX40J1U.o
 .debug_frame   0x000000000000414c       0x20 /usr/lib/gcc/arm-none-eabi/4.8.2/../../../arm-none-eabi/lib/armv7-m/libg.a(lib_a-atexit.o)
 .debug_frame   0x000000000000416c       0x28 /usr/lib/gcc/arm-none-eabi/4.8.2/../../../arm-none-eabi/lib/armv7-m/libg.a(lib_a-exit.o)
 .debug_frame   0x0000000000004194       0x2c /usr/lib/gcc/arm-none-eabi/4.8.2/../../../arm-none-eabi/lib/armv7-m/libg.a(lib_a-fini.o)
 .debug_frame   0x00000000000041c0       0x2c /usr/lib/gcc/arm-none-eabi/4.8.2/../../../arm-none-eabi/lib/armv7-m/libg.a(lib_a-init.o)
 .debug_frame   0x00000000000041ec       0x2c /usr/lib/gcc/arm-none-eabi/4.8.2/../../../arm-none-eabi/lib/armv7-m/libg.a(lib_a-memset.o)
 .debug_frame   0x0000000000004218       0x38 /usr/lib/gcc/arm-none-eabi/4.8.2/../../../arm-none-eabi/lib/armv7-m/libg.a(lib_a-qsort.o)
 .debug_frame   0x0000000000004250       0x30 /usr/lib/gcc/arm-none-eabi/4.8.2/../../../arm-none-eabi/lib/armv7-m/libg.a(lib_a-__atexit.o)
 .debug_frame   0x0000000000004280       0x48 /usr/lib/gcc/arm-none-eabi/4.8.2/../../../arm-none-eabi/lib/armv7-m/libg.a(lib_a-__call_atexit.o)
 .debug_frame   0x00000000000042c8       0x20 /usr/lib/gcc/arm-none-eabi/4.8.2/../../../arm-none-eabi/lib/armv7-m/libnosys.a(_exit.o)

.debug_ranges   0x0000000000000000      0x500
 .debug_ranges  0x0000000000000000       0x38 /tmp/cceTu4O5.o
 .debug_ranges  0x0000000000000038       0x20 /tmp/cc0PkWTB.o
 .debug_ranges  0x0000000000000058       0x10 /usr/lib/gcc/arm-none-eabi/4.8.2/../../../arm-none-eabi/lib/armv7-m/libg.a(lib_a-atexit.o)
 .debug_ranges  0x0000000000000068       0x10 /usr/lib/gcc/arm-none-eabi/4.8.2/../../../arm-none-eabi/lib/armv7-m/libg.a(lib_a-exit.o)
 .debug_ranges  0x0000000000000078       0x10 /usr/lib/gcc/arm-none-eabi/4.8.2/../../../arm-none-eabi/lib/armv7-m/libg.a(lib_a-fini.o)
 .debug_ranges  0x0000000000000088       0x10 /usr/lib/gcc/arm-none-eabi/4.8.2/../../../arm-none-eabi/lib/armv7-m/libg.a(lib_a-init.o)
 .debug_ranges  0x0000000000000098       0x10 /usr/lib/gcc/arm-none-eabi/4.8.2/../../../arm-none-eabi/lib/armv7-m/libg.a(lib_a-memset.o)
 .debug_ranges  0x00000000000000a8      0x400 /usr/lib/gcc/arm-none-eabi/4.8.2/../../../arm-none-eabi/lib/armv7-m/libg.a(lib_a-qsort.o)
 .debug_ranges  0x00000000000004a8       0x10 /usr/lib/gcc/arm-none-eabi/4.8.2/../../../arm-none-eabi/lib/armv7-m/libg.a(lib_a-__atexit.o)
 .debug_ranges  0x00000000000004b8       0x38 /usr/lib/gcc/arm-none-eabi/4.8.2/../../../arm-none-eabi/lib/armv7-m/libg.a(lib_a-__call_atexit.o)
 .debug_ranges  0x00000000000004f0       0x10 /usr/lib/gcc/arm-none-eabi/4.8.2/../../../arm-none-eabi/lib/armv7-m/libnosys.a(_exit.o)

.debug_loc      0x0000000000000000     0x228a
 .debug_loc     0x0000000000000000       0x2c /usr/lib/gcc/arm-none-eabi/4.8.2/../../../arm-none-eabi/lib/armv7-m/libg.a(lib_a-atexit.o)
 .debug_loc     0x000000000000002c       0x1e /usr/lib/gcc/arm-none-eabi/4.8.2/../../../arm-none-eabi/lib/armv7-m/libg.a(lib_a-exit.o)
 .debug_loc     0x000000000000004a       0x5c /usr/lib/gcc/arm-none-eabi/4.8.2/../../../arm-none-eabi/lib/armv7-m/libg.a(lib_a-fini.o)
 .debug_loc     0x00000000000000a6       0xae /usr/lib/gcc/arm-none-eabi/4.8.2/../../../arm-none-eabi/lib/armv7-m/libg.a(lib_a-init.o)
 .debug_loc     0x0000000000000154      0x18b /usr/lib/gcc/arm-none-eabi/4.8.2/../../../arm-none-eabi/lib/armv7-m/libg.a(lib_a-memset.o)
 .debug_loc     0x00000000000002df     0x1d09 /usr/lib/gcc/arm-none-eabi/4.8.2/../../../arm-none-eabi/lib/armv7-m/libg.a(lib_a-qsort.o)
 .debug_loc     0x0000000000001fe8      0x14d /usr/lib/gcc/arm-none-eabi/4.8.2/../../../arm-none-eabi/lib/armv7-m/libg.a(lib_a-__atexit.o)
 .debug_loc     0x0000000000002135      0x155 /usr/lib/gcc/arm-none-eabi/4.8.2/../../../arm-none-eabi/lib/armv7-m/libg.a(lib_a-__call_atexit.o)
