Archive member included because of file (symbol)

/usr/lib/gcc/arm-none-eabi/4.8.2/../../../arm-none-eabi/lib/armv7-m/libg.a(lib_a-atexit.o)
                              /usr/lib/gcc/arm-none-eabi/4.8.2/../../../arm-none-eabi/lib/armv7-m/crt0.o (atexit)
/usr/lib/gcc/arm-none-eabi/4.8.2/../../../arm-none-eabi/lib/armv7-m/libg.a(lib_a-exit.o)
                              /usr/lib/gcc/arm-none-eabi/4.8.2/../../../arm-none-eabi/lib/armv7-m/crt0.o (exit)
/usr/lib/gcc/arm-none-eabi/4.8.2/../../../arm-none-eabi/lib/armv7-m/libg.a(lib_a-fini.o)
                              /usr/lib/gcc/arm-none-eabi/4.8.2/../../../arm-none-eabi/lib/armv7-m/crt0.o (__libc_fini_array)
/usr/lib/gcc/arm-none-eabi/4.8.2/../../../arm-none-eabi/lib/armv7-m/libg.a(lib_a-impure.o)
                              /usr/lib/gcc/arm-none-eabi/4.8.2/../../../arm-none-eabi/lib/armv7-m/libg.a(lib_a-exit.o) (_global_impure_ptr)
/usr/lib/gcc/arm-none-eabi/4.8.2/../../../arm-none-eabi/lib/armv7-m/libg.a(lib_a-init.o)
                              /usr/lib/gcc/arm-none-eabi/4.8.2/../../../arm-none-eabi/lib/armv7-m/crt0.o (__libc_init_array)
/usr/lib/gcc/arm-none-eabi/4.8.2/../../../arm-none-eabi/lib/armv7-m/libg.a(lib_a-memcpy.o)
                              /tmp/ccFDHYOd.o (memcpy)
/usr/lib/gcc/arm-none-eabi/4.8.2/../../../arm-none-eabi/lib/armv7-m/libg.a(lib_a-memset.o)
                              /usr/lib/gcc/arm-none-eabi/4.8.2/../../../arm-none-eabi/lib/armv7-m/crt0.o (memset)
/usr/lib/gcc/arm-none-eabi/4.8.2/../../../arm-none-eabi/lib/armv7-m/libg.a(lib_a-__atexit.o)
                              /usr/lib/gcc/arm-none-eabi/4.8.2/../../../arm-none-eabi/lib/armv7-m/libg.a(lib_a-atexit.o) (__register_exitproc)
/usr/lib/gcc/arm-none-eabi/4.8.2/../../../arm-none-eabi/lib/armv7-m/libg.a(lib_a-__call_atexit.o)
                              /usr/lib/gcc/arm-none-eabi/4.8.2/../../../arm-none-eabi/lib/armv7-m/libg.a(lib_a-exit.o) (__call_exitprocs)
/usr/lib/gcc/arm-none-eabi/4.8.2/../../../arm-none-eabi/lib/armv7-m/libnosys.a(_exit.o)
                              /usr/lib/gcc/arm-none-eabi/4.8.2/../../../arm-none-eabi/lib/armv7-m/libg.a(lib_a-exit.o) (_exit)

Allocating common symbols
Common symbol       size              file

Digit               0x10              /tmp/ccD6mmJr.o
xQueueRegistry      0x40              /tmp/ccFDHYOd.o
pFlash              0x18              /tmp/ccZL95KQ.o
LCDHandle           0x3c              /tmp/ccD6mmJr.o

Memory Configuration

Name             Origin             Length             Attributes
FLASH            0x0000000008000000 0x0000000000020000 xr
RAM              0x0000000020000000 0x0000000000004000 xrw
*default*        0x0000000000000000 0xffffffffffffffff

Linker script and memory map

LOAD /usr/lib/gcc/arm-none-eabi/4.8.2/armv7-m/crti.o
LOAD /usr/lib/gcc/arm-none-eabi/4.8.2/armv7-m/crtbegin.o
LOAD /usr/lib/gcc/arm-none-eabi/4.8.2/../../../arm-none-eabi/lib/armv7-m/crt0.o
LOAD /tmp/ccOG1lUW.o
LOAD /tmp/ccGmSzoL.o
LOAD /tmp/cc5wGu5z.o
LOAD /tmp/ccXb0nSo.o
LOAD /tmp/ccFDHYOd.o
LOAD /tmp/ccDYidP2.o
LOAD /tmp/ccQYZWTR.o
LOAD /tmp/cc5aFU2G.o
LOAD /tmp/ccFZYajw.o
LOAD /tmp/ccgh1wHl.o
LOAD /tmp/cc5KEMhb.o
LOAD /tmp/ccluTkY0.o
LOAD /tmp/ccZL95KQ.o
LOAD /tmp/ccPiJsGG.o
LOAD /tmp/cc2k04Hw.o
LOAD /tmp/ccV2yQQm.o
LOAD /tmp/cclzyV5c.o
LOAD /tmp/cc1Udlq3.o
LOAD /tmp/ccQHLlQT.o
LOAD /tmp/ccn1GxmK.o
LOAD /tmp/cccN7rYA.o
LOAD /tmp/ccD6mmJr.o
LOAD /tmp/cc1uWOwi.o
LOAD /tmp/ccT5k8o9.o
LOAD /tmp/ccC4lfm0.o
LOAD /tmp/ccDZl6oR.o
LOAD /tmp/ccwaZXwI.o
LOAD /tmp/ccKLytFz.o
START GROUP
LOAD /usr/lib/gcc/arm-none-eabi/4.8.2/armv7-m/libgcc.a
START GROUP
LOAD /usr/lib/gcc/arm-none-eabi/4.8.2/../../../arm-none-eabi/lib/armv7-m/libg.a
LOAD /usr/lib/gcc/arm-none-eabi/4.8.2/../../../arm-none-eabi/lib/armv7-m/libc.a
LOAD /usr/lib/gcc/arm-none-eabi/4.8.2/../../../arm-none-eabi/lib/armv7-m/libnosys.a
END GROUP
END GROUP
LOAD /usr/lib/gcc/arm-none-eabi/4.8.2/armv7-m/crtend.o
LOAD /usr/lib/gcc/arm-none-eabi/4.8.2/armv7-m/crtn.o
                0x0000000020003fff                _estack = 0x20003fff
                0x0000000000000200                _Min_Heap_Size = 0x200
                0x0000000000000400                _Min_Stack_Size = 0x400

.isr_vector     0x0000000008000000      0x13c
                0x0000000008000000                . = ALIGN (0x4)
 *(.isr_vector)
 .isr_vector    0x0000000008000000      0x13c /tmp/ccKLytFz.o
                0x0000000008000000                g_pfnVectors
                0x000000000800013c                . = ALIGN (0x4)

.text           0x000000000800013c     0xbc1c
                0x000000000800013c                . = ALIGN (0x4)
 *(.text)
 .text          0x000000000800013c        0x0 /usr/lib/gcc/arm-none-eabi/4.8.2/armv7-m/crti.o
 .text          0x000000000800013c       0xc8 /usr/lib/gcc/arm-none-eabi/4.8.2/armv7-m/crtbegin.o
 .text          0x0000000008000204       0x68 /usr/lib/gcc/arm-none-eabi/4.8.2/../../../arm-none-eabi/lib/armv7-m/crt0.o
                0x0000000008000204                _mainCRTStartup
                0x0000000008000204                _start
 .text          0x000000000800026c      0x420 /tmp/ccOG1lUW.o
                0x000000000800026c                pvPortMalloc
                0x0000000008000400                vPortFree
                0x00000000080004a8                xPortGetFreeHeapSize
                0x00000000080004c0                xPortGetMinimumEverFreeHeapSize
                0x00000000080004d8                vPortInitialiseBlocks
 .text          0x000000000800068c      0x164 /tmp/ccGmSzoL.o
                0x000000000800068c                vListInitialise
                0x00000000080006cc                vListInitialiseItem
                0x00000000080006e4                vListInsertEnd
                0x000000000800072c                vListInsert
                0x000000000800079c                uxListRemove
 .text          0x00000000080007f0     0x1f30 /tmp/cc5wGu5z.o
                0x00000000080007f0                xTaskGenericCreate
                0x0000000008000994                vTaskDelete
                0x0000000008000aa4                vTaskDelay
                0x0000000008000b3c                uxTaskPriorityGet
                0x0000000008000b74                uxTaskPriorityGetFromISR
                0x0000000008000bb4                vTaskPrioritySet
                0x0000000008000d18                vTaskSuspend
                0x0000000008000e9c                vTaskResume
                0x0000000008000f38                xTaskResumeFromISR
                0x0000000008001000                vTaskStartScheduler
                0x000000000800106c                vTaskEndScheduler
                0x0000000008001088                vTaskSuspendAll
                0x00000000080010ac                xTaskResumeAll
                0x00000000080011f4                xTaskGetTickCount
                0x0000000008001214                xTaskGetTickCountFromISR
                0x0000000008001238                uxTaskGetNumberOfTasks
                0x0000000008001250                uxTaskGetSystemState
                0x0000000008001354                xTaskIncrementTick
                0x00000000080014d8                vTaskSwitchContext
                0x0000000008001590                vTaskPlaceOnEventList
                0x000000000800163c                vTaskPlaceOnUnorderedEventList
                0x0000000008001710                xTaskRemoveFromEventList
                0x00000000080017d8                xTaskRemoveFromUnorderedEventList
                0x0000000008001898                vTaskSetTimeOutState
                0x00000000080018d0                xTaskCheckForTimeOut
                0x0000000008001974                vTaskMissedYield
                0x000000000800198c                uxTaskGetTaskNumber
                0x00000000080019b8                vTaskSetTaskNumber
                0x0000000008001e80                xTaskGetCurrentTaskHandle
                0x0000000008001ea0                xTaskGetSchedulerState
                0x0000000008001ee0                vTaskPriorityInherit
                0x0000000008002004                xTaskPriorityDisinherit
                0x000000000800210c                uxTaskResetEventItemValue
                0x000000000800214c                pvTaskIncrementMutexHeldCount
                0x0000000008002184                ulTaskNotifyTake
                0x0000000008002298                xTaskNotifyWait
                0x00000000080023d8                xTaskGenericNotify
                0x00000000080024ec                xTaskNotifyFromISR
                0x0000000008002634                vTaskNotifyGiveFromISR
 .text          0x0000000008002720      0x4f8 /tmp/ccXb0nSo.o
                0x0000000008002720                xEventGroupCreate
                0x0000000008002750                xEventGroupSync
                0x000000000800286c                xEventGroupWaitBits
                0x00000000080029b8                xEventGroupClearBits
                0x0000000008002a08                xEventGroupGetBitsFromISR
                0x0000000008002a30                xEventGroupSetBits
                0x0000000008002b28                vEventGroupDelete
                0x0000000008002b78                vEventGroupSetBitsCallback
                0x0000000008002b90                vEventGroupClearBitsCallback
                0x0000000008002bec                uxEventGroupGetNumber
 .text          0x0000000008002c18      0xcf8 /tmp/ccFDHYOd.o
                0x0000000008002c18                xQueueGenericReset
                0x0000000008002cc0                xQueueGenericCreate
                0x0000000008002d5c                xQueueCreateMutex
                0x0000000008002dec                xQueueGiveMutexRecursive
                0x0000000008002e44                xQueueTakeMutexRecursive
                0x0000000008002ea4                xQueueCreateCountingSemaphore
                0x0000000008002ef8                xQueueGenericSend
                0x0000000008003070                xQueueGenericSendFromISR
                0x0000000008003144                xQueueGiveFromISR
                0x0000000008003200                xQueueGenericReceive
                0x00000000080033a8                xQueueReceiveFromISR
                0x000000000800345c                xQueuePeekFromISR
                0x00000000080034e4                uxQueueMessagesWaiting
                0x0000000008003510                uxQueueSpacesAvailable
                0x0000000008003548                uxQueueMessagesWaitingFromISR
                0x000000000800356c                vQueueDelete
                0x0000000008003598                uxQueueGetQueueNumber
                0x00000000080035b0                vQueueSetQueueNumber
                0x00000000080035cc                ucQueueGetQueueType
                0x00000000080037d4                xQueueIsQueueEmptyFromISR
                0x0000000008003834                xQueueIsQueueFullFromISR
                0x0000000008003868                vQueueAddToRegistry
                0x00000000080038c4                vQueueUnregisterQueue
 .text          0x0000000008003910        0x0 /tmp/ccDYidP2.o
 .text          0x0000000008003910        0x0 /tmp/ccQYZWTR.o
 .text          0x0000000008003910      0x3ac /tmp/cc5aFU2G.o
                0x0000000008003910                pxPortInitialiseStack
                0x0000000008003988                SVC_Handler
                0x00000000080039c8                xPortStartScheduler
                0x0000000008003ac4                vPortEndScheduler
                0x0000000008003ae0                vPortYield
                0x0000000008003b04                vPortEnterCritical
                0x0000000008003b50                vPortExitCritical
                0x0000000008003b94                ulPortSetInterruptMask
                0x0000000008003ba8                vPortClearInterruptMask
                0x0000000008003bb0                PendSV_Handler
                0x0000000008003bf4                xPortSysTickHandler
                0x0000000008003c1c                vPortSetupTimerInterrupt
                0x0000000008003c58                vPortValidateInterruptPriority
 .text          0x0000000008003cbc      0x660 /tmp/ccFZYajw.o
                0x0000000008003cbc                HAL_GPIO_Init
                0x0000000008004000                HAL_GPIO_DeInit
                0x00000000080041fc                HAL_GPIO_ReadPin
                0x000000000800422c                HAL_GPIO_WritePin
                0x000000000800425c                HAL_GPIO_TogglePin
                0x0000000008004280                HAL_GPIO_LockPin
                0x00000000080042d0                HAL_GPIO_EXTI_IRQHandler
                0x0000000008004308                HAL_GPIO_EXTI_Callback
 .text          0x000000000800431c      0xdc0 /tmp/ccgh1wHl.o
                0x000000000800431c                HAL_DMA_Init
                0x00000000080043b4                HAL_DMA_DeInit
                0x00000000080045f8                HAL_DMA_Start
                0x000000000800465c                HAL_DMA_Start_IT
                0x00000000080046f0                HAL_DMA_Abort
                0x000000000800476c                HAL_DMA_PollForTransfer
                0x0000000008004bbc                HAL_DMA_IRQHandler
                0x000000000800505c                HAL_DMA_GetState
                0x0000000008005078                HAL_DMA_GetError
 .text          0x00000000080050dc     0x20e0 /tmp/cc5KEMhb.o
                0x00000000080050dc                HAL_RCC_DeInit
                0x00000000080051b4                HAL_RCC_OscConfig
                0x0000000008006430                HAL_RCC_ClockConfig
                0x0000000008006b54                HAL_RCC_MCOConfig
                0x0000000008006bf8                HAL_RCC_EnableCSS
                0x0000000008006c2c                HAL_RCC_DisableCSS
                0x0000000008006c60                HAL_RCC_GetSysClockFreq
                0x0000000008006d90                HAL_RCC_GetHCLKFreq
                0x0000000008006de8                HAL_RCC_GetPCLK1Freq
                0x0000000008006e30                HAL_RCC_GetPCLK2Freq
                0x0000000008006e78                HAL_RCC_GetOscConfig
                0x000000000800701c                HAL_RCC_GetClockConfig
                0x0000000008007094                HAL_RCC_NMI_IRQHandler
                0x00000000080070bc                HAL_RCC_CSSCallback
 .text          0x00000000080071bc      0x384 /tmp/ccluTkY0.o
                0x00000000080071bc                HAL_RCCEx_PeriphCLKConfig
                0x00000000080073ec                HAL_RCCEx_GetPeriphCLKConfig
                0x0000000008007454                HAL_RCCEx_GetPeriphCLKFreq
 .text          0x0000000008007540      0x61c /tmp/ccZL95KQ.o
                0x0000000008007540                HAL_FLASH_Program
                0x00000000080075b8                HAL_FLASH_Program_IT
                0x0000000008007640                HAL_FLASH_IRQHandler
                0x000000000800784c                HAL_FLASH_EndOfOperationCallback
                0x0000000008007860                HAL_FLASH_OperationErrorCallback
                0x0000000008007874                HAL_FLASH_Unlock
                0x00000000080078f4                HAL_FLASH_Lock
                0x000000000800791c                HAL_FLASH_OB_Unlock
                0x000000000800799c                HAL_FLASH_OB_Lock
                0x00000000080079c4                HAL_FLASH_OB_Launch
                0x00000000080079f0                HAL_FLASH_GetError
                0x0000000008007a08                FLASH_WaitForLastOperation
 .text          0x0000000008007b5c      0xc38 /tmp/ccPiJsGG.o
                0x0000000008007b5c                HAL_FLASHEx_Erase
                0x0000000008007c30                HAL_FLASHEx_Erase_IT
                0x0000000008007cc4                HAL_FLASHEx_OBProgram
                0x0000000008007df8                HAL_FLASHEx_OBGetConfig
                0x0000000008007e40                HAL_FLASHEx_DATAEEPROM_Unlock
                0x0000000008007e8c                HAL_FLASHEx_DATAEEPROM_Lock
                0x0000000008007eb4                HAL_FLASHEx_DATAEEPROM_Erase
                0x0000000008007f10                HAL_FLASHEx_DATAEEPROM_Program
                0x0000000008007fe4                HAL_FLASHEx_DATAEEPROM_EnableFixedTimeProgram
                0x0000000008008008                HAL_FLASHEx_DATAEEPROM_DisableFixedTimeProgram
                0x000000000800873c                FLASH_PageErase
 .text          0x0000000008008794      0x2d0 /tmp/cc2k04Hw.o
                0x0000000008008794                HAL_Init
                0x00000000080087e0                HAL_DeInit
                0x0000000008008848                HAL_MspDeInit
                0x0000000008008854                HAL_InitTick
                0x000000000800888c                HAL_IncTick
                0x00000000080088b0                HAL_GetTick
                0x00000000080088c8                HAL_Delay
                0x00000000080088f4                HAL_SuspendTick
                0x0000000008008918                HAL_ResumeTick
                0x000000000800893c                HAL_GetHalVersion
                0x0000000008008954                HAL_GetREVID
                0x0000000008008970                HAL_GetDEVID
                0x000000000800898c                HAL_DBGMCU_EnableDBGSleepMode
                0x00000000080089b0                HAL_DBGMCU_DisableDBGSleepMode
                0x00000000080089d4                HAL_DBGMCU_EnableDBGStopMode
                0x00000000080089f8                HAL_DBGMCU_DisableDBGStopMode
                0x0000000008008a1c                HAL_DBGMCU_EnableDBGStandbyMode
                0x0000000008008a40                HAL_DBGMCU_DisableDBGStandbyMode
 .text          0x0000000008008a64      0x60c /tmp/ccV2yQQm.o
                0x0000000008008e0c                HAL_NVIC_SetPriorityGrouping
                0x0000000008008e20                HAL_NVIC_SetPriority
                0x0000000008008e58                HAL_NVIC_EnableIRQ
                0x0000000008008e74                HAL_NVIC_DisableIRQ
                0x0000000008008e90                HAL_NVIC_SystemReset
                0x0000000008008e9c                HAL_SYSTICK_Config
                0x0000000008008eb4                HAL_MPU_ConfigRegion
                0x0000000008008f54                HAL_NVIC_GetPriorityGrouping
                0x0000000008008f64                HAL_NVIC_GetPriority
                0x0000000008008f94                HAL_NVIC_SetPendingIRQ
                0x0000000008008fb0                HAL_NVIC_GetPendingIRQ
                0x0000000008008fd0                HAL_NVIC_ClearPendingIRQ
                0x0000000008008fec                HAL_NVIC_GetActive
                0x000000000800900c                HAL_SYSTICK_CLKSourceConfig
                0x0000000008009058                HAL_SYSTICK_IRQHandler
                0x0000000008009064                HAL_SYSTICK_Callback
 .text          0x0000000008009070      0x464 /tmp/cclzyV5c.o
                0x0000000008009070                HAL_PWR_DeInit
                0x00000000080090ac                HAL_PWR_EnableBkUpAccess
                0x00000000080090e0                HAL_PWR_DisableBkUpAccess
                0x0000000008009114                HAL_PWR_ConfigPVD
                0x0000000008009234                HAL_PWR_EnablePVD
                0x0000000008009264                HAL_PWR_DisablePVD
                0x0000000008009294                HAL_PWR_EnableWakeUpPin
                0x00000000080092c8                HAL_PWR_DisableWakeUpPin
                0x00000000080092fc                HAL_PWR_EnterSLEEPMode
                0x0000000008009358                HAL_PWR_EnterSTOPMode
                0x00000000080093cc                HAL_PWR_EnterSTANDBYMode
                0x000000000800940c                HAL_PWR_EnableSleepOnExit
                0x0000000008009430                HAL_PWR_DisableSleepOnExit
                0x0000000008009454                HAL_PWR_EnableSEVOnPend
                0x0000000008009478                HAL_PWR_DisableSEVOnPend
                0x000000000800949c                HAL_PWR_PVD_IRQHandler
                0x00000000080094c8                HAL_PWR_PVDCallback
 .text          0x00000000080094d4      0x194 /tmp/cc1Udlq3.o
                0x00000000080094d4                HAL_PWREx_GetVoltageRange
                0x00000000080094f0                HAL_PWREx_EnableFastWakeUp
                0x0000000008009524                HAL_PWREx_DisableFastWakeUp
                0x0000000008009558                HAL_PWREx_EnableUltraLowPower
                0x000000000800958c                HAL_PWREx_DisableUltraLowPower
                0x00000000080095c0                HAL_PWREx_EnableLowPowerRunMode
                0x0000000008009614                HAL_PWREx_DisableLowPowerRunMode
 .text          0x0000000008009668        0x0 /tmp/ccQHLlQT.o
 .text          0x0000000008009668      0x480 /tmp/ccn1GxmK.o
                0x0000000008009668                HAL_LCD_DeInit
                0x00000000080096e0                HAL_LCD_Init
                0x0000000008009858                HAL_LCD_MspDeInit
                0x000000000800986c                HAL_LCD_MspInit
                0x0000000008009880                HAL_LCD_Write
                0x0000000008009940                HAL_LCD_Clear
                0x00000000080099f4                HAL_LCD_UpdateDisplayRequest
                0x0000000008009a6c                HAL_LCD_GetState
                0x0000000008009a88                HAL_LCD_GetError
                0x0000000008009aa0                LCD_WaitForSynchro
 .text          0x0000000008009ae8      0x2b4 /tmp/cccN7rYA.o
                0x0000000008009ae8                BSP_GetVersion
                0x0000000008009b00                BSP_LED_Init
                0x0000000008009bec                BSP_LED_On
                0x0000000008009c24                BSP_LED_Off
                0x0000000008009c5c                BSP_LED_Toggle
                0x0000000008009c90                BSP_PB_Init
                0x0000000008009d70                BSP_PB_GetState
 .text          0x0000000008009d9c     0x1554 /tmp/ccD6mmJr.o
                0x0000000008009d9c                BSP_LCD_GLASS_Init
                0x0000000008009e5c                BSP_LCD_GLASS_DeInit
                0x0000000008009e7c                BSP_LCD_GLASS_BlinkConfig
                0x0000000008009ebc                BSP_LCD_GLASS_Contrast
                0x0000000008009ef8                BSP_LCD_GLASS_DisplayBar
                0x0000000008009fc8                BSP_LCD_GLASS_ClearBar
                0x000000000800a090                BSP_LCD_GLASS_BarLevelConfig
                0x000000000800a1ec                BSP_LCD_GLASS_WriteChar
                0x000000000800a21c                BSP_LCD_GLASS_DisplayChar
                0x000000000800ac40                BSP_LCD_GLASS_DisplayString
                0x000000000800ac90                BSP_LCD_GLASS_DisplayStrDeci
                0x000000000800ad28                BSP_LCD_GLASS_Clear
                0x000000000800ad3c                BSP_LCD_GLASS_ScrollSentence
 .text          0x000000000800b2f0        0x0 /tmp/cc1uWOwi.o
 .text          0x000000000800b2f0       0x18 /tmp/ccT5k8o9.o
                0x000000000800b2f0                SysTick_Handler
 .text          0x000000000800b308       0x48 /tmp/ccC4lfm0.o
                0x000000000800b308                HAL_MspInit
 .text          0x000000000800b350      0x330 /tmp/ccDZl6oR.o
                0x000000000800b350                main
                0x000000000800b3d4                SystemClock_Config
                0x000000000800b670                vMainTask
 .text          0x000000000800b680      0x260 /tmp/ccwaZXwI.o
                0x000000000800b680                SystemInit
                0x000000000800b728                SystemCoreClockUpdate
 .text          0x000000000800b8e0       0x14 /tmp/ccKLytFz.o
 .text          0x000000000800b8f4        0x0 /usr/lib/gcc/arm-none-eabi/4.8.2/../../../arm-none-eabi/lib/armv7-m/libg.a(lib_a-atexit.o)
 .text          0x000000000800b8f4        0x0 /usr/lib/gcc/arm-none-eabi/4.8.2/../../../arm-none-eabi/lib/armv7-m/libg.a(lib_a-exit.o)
 .text          0x000000000800b8f4        0x0 /usr/lib/gcc/arm-none-eabi/4.8.2/../../../arm-none-eabi/lib/armv7-m/libg.a(lib_a-fini.o)
 .text          0x000000000800b8f4        0x0 /usr/lib/gcc/arm-none-eabi/4.8.2/../../../arm-none-eabi/lib/armv7-m/libg.a(lib_a-impure.o)
 .text          0x000000000800b8f4        0x0 /usr/lib/gcc/arm-none-eabi/4.8.2/../../../arm-none-eabi/lib/armv7-m/libg.a(lib_a-init.o)
 .text          0x000000000800b8f4       0xec /usr/lib/gcc/arm-none-eabi/4.8.2/../../../arm-none-eabi/lib/armv7-m/libg.a(lib_a-memcpy.o)
                0x000000000800b8f4                memcpy
 .text          0x000000000800b9e0        0x0 /usr/lib/gcc/arm-none-eabi/4.8.2/../../../arm-none-eabi/lib/armv7-m/libg.a(lib_a-memset.o)
 .text          0x000000000800b9e0        0x0 /usr/lib/gcc/arm-none-eabi/4.8.2/../../../arm-none-eabi/lib/armv7-m/libg.a(lib_a-__atexit.o)
 .text          0x000000000800b9e0        0x0 /usr/lib/gcc/arm-none-eabi/4.8.2/../../../arm-none-eabi/lib/armv7-m/libg.a(lib_a-__call_atexit.o)
 .text          0x000000000800b9e0        0x0 /usr/lib/gcc/arm-none-eabi/4.8.2/../../../arm-none-eabi/lib/armv7-m/libnosys.a(_exit.o)
 .text          0x000000000800b9e0        0x0 /usr/lib/gcc/arm-none-eabi/4.8.2/armv7-m/crtend.o
 .text          0x000000000800b9e0        0x0 /usr/lib/gcc/arm-none-eabi/4.8.2/armv7-m/crtn.o
 *(.text*)
 .text.Reset_Handler
                0x000000000800b9e0       0x48 /tmp/ccKLytFz.o
                0x000000000800b9e0                Reset_Handler
 .text.Default_Handler
                0x000000000800ba28        0x2 /tmp/ccKLytFz.o
                0x000000000800ba28                RTC_Alarm_IRQHandler
                0x000000000800ba28                EXTI2_IRQHandler
                0x000000000800ba28                DebugMon_Handler
                0x000000000800ba28                HardFault_Handler
                0x000000000800ba28                TIM10_IRQHandler
                0x000000000800ba28                USB_HP_IRQHandler
                0x000000000800ba28                TIM6_IRQHandler
                0x000000000800ba28                PVD_IRQHandler
                0x000000000800ba28                NMI_Handler
                0x000000000800ba28                EXTI3_IRQHandler
                0x000000000800ba28                EXTI0_IRQHandler
                0x000000000800ba28                I2C2_EV_IRQHandler
                0x000000000800ba28                UsageFault_Handler
                0x000000000800ba28                SPI1_IRQHandler
                0x000000000800ba28                USB_FS_WKUP_IRQHandler
                0x000000000800ba28                DMA1_Channel4_IRQHandler
                0x000000000800ba28                ADC1_IRQHandler
                0x000000000800ba28                USART3_IRQHandler
                0x000000000800ba28                DMA1_Channel7_IRQHandler
                0x000000000800ba28                LCD_IRQHandler
                0x000000000800ba28                TIM4_IRQHandler
                0x000000000800ba28                I2C1_EV_IRQHandler
                0x000000000800ba28                DMA1_Channel6_IRQHandler
                0x000000000800ba28                TIM3_IRQHandler
                0x000000000800ba28                RCC_IRQHandler
                0x000000000800ba28                DMA1_Channel1_IRQHandler
                0x000000000800ba28                Default_Handler
                0x000000000800ba28                EXTI15_10_IRQHandler
                0x000000000800ba28                TIM7_IRQHandler
                0x000000000800ba28                EXTI9_5_IRQHandler
                0x000000000800ba28                TIM9_IRQHandler
                0x000000000800ba28                TAMPER_STAMP_IRQHandler
                0x000000000800ba28                RTC_WKUP_IRQHandler
                0x000000000800ba28                SPI2_IRQHandler
                0x000000000800ba28                MemManage_Handler
                0x000000000800ba28                DMA1_Channel5_IRQHandler
                0x000000000800ba28                USB_LP_IRQHandler
                0x000000000800ba28                EXTI4_IRQHandler
                0x000000000800ba28                DMA1_Channel3_IRQHandler
                0x000000000800ba28                COMP_IRQHandler
                0x000000000800ba28                WWDG_IRQHandler
                0x000000000800ba28                TIM2_IRQHandler
                0x000000000800ba28                DAC_IRQHandler
                0x000000000800ba28                EXTI1_IRQHandler
                0x000000000800ba28                TIM11_IRQHandler
                0x000000000800ba28                USART2_IRQHandler
                0x000000000800ba28                I2C2_ER_IRQHandler
                0x000000000800ba28                DMA1_Channel2_IRQHandler
                0x000000000800ba28                FLASH_IRQHandler
                0x000000000800ba28                BusFault_Handler
                0x000000000800ba28                USART1_IRQHandler
                0x000000000800ba28                I2C1_ER_IRQHandler
 *fill*         0x000000000800ba2a        0x2 
 .text.atexit   0x000000000800ba2c        0xc /usr/lib/gcc/arm-none-eabi/4.8.2/../../../arm-none-eabi/lib/armv7-m/libg.a(lib_a-atexit.o)
                0x000000000800ba2c                atexit
 .text.exit     0x000000000800ba38       0x20 /usr/lib/gcc/arm-none-eabi/4.8.2/../../../arm-none-eabi/lib/armv7-m/libg.a(lib_a-exit.o)
                0x000000000800ba38                exit
 .text.__libc_fini_array
                0x000000000800ba58       0x34 /usr/lib/gcc/arm-none-eabi/4.8.2/../../../arm-none-eabi/lib/armv7-m/libg.a(lib_a-fini.o)
                0x000000000800ba58                __libc_fini_array
 .text.__libc_init_array
                0x000000000800ba8c       0x5c /usr/lib/gcc/arm-none-eabi/4.8.2/../../../arm-none-eabi/lib/armv7-m/libg.a(lib_a-init.o)
                0x000000000800ba8c                __libc_init_array
 .text.memset   0x000000000800bae8       0x94 /usr/lib/gcc/arm-none-eabi/4.8.2/../../../arm-none-eabi/lib/armv7-m/libg.a(lib_a-memset.o)
                0x000000000800bae8                memset
 .text.__register_exitproc
                0x000000000800bb7c       0xac /usr/lib/gcc/arm-none-eabi/4.8.2/../../../arm-none-eabi/lib/armv7-m/libg.a(lib_a-__atexit.o)
                0x000000000800bb7c                __register_exitproc
 .text.startup.register_fini
                0x000000000800bc28       0x18 /usr/lib/gcc/arm-none-eabi/4.8.2/../../../arm-none-eabi/lib/armv7-m/libg.a(lib_a-__call_atexit.o)
 .text.__call_exitprocs
                0x000000000800bc40       0xf8 /usr/lib/gcc/arm-none-eabi/4.8.2/../../../arm-none-eabi/lib/armv7-m/libg.a(lib_a-__call_atexit.o)
                0x000000000800bc40                __call_exitprocs
 .text._exit    0x000000000800bd38        0x4 /usr/lib/gcc/arm-none-eabi/4.8.2/../../../arm-none-eabi/lib/armv7-m/libnosys.a(_exit.o)
                0x000000000800bd38                _exit
 *(.glue_7)
 .glue_7        0x0000000000000000        0x0 linker stubs
 *(.glue_7t)
 .glue_7t       0x0000000000000000        0x0 linker stubs
 *(.eh_frame)
 .eh_frame      0x000000000800bd3c        0x0 /usr/lib/gcc/arm-none-eabi/4.8.2/armv7-m/crtbegin.o
 .eh_frame      0x000000000800bd3c        0x4 /usr/lib/gcc/arm-none-eabi/4.8.2/armv7-m/crtend.o
 *(.init)
 .init          0x000000000800bd40        0x4 /usr/lib/gcc/arm-none-eabi/4.8.2/armv7-m/crti.o
                0x000000000800bd40                _init
 .init          0x000000000800bd44        0x8 /usr/lib/gcc/arm-none-eabi/4.8.2/armv7-m/crtn.o
 *(.fini)
 .fini          0x000000000800bd4c        0x4 /usr/lib/gcc/arm-none-eabi/4.8.2/armv7-m/crti.o
                0x000000000800bd4c                _fini
 .fini          0x000000000800bd50        0x8 /usr/lib/gcc/arm-none-eabi/4.8.2/armv7-m/crtn.o
                0x000000000800bd58                . = ALIGN (0x4)
                0x000000000800bd58                _etext = .

.vfp11_veneer   0x000000000800bd58        0x0
 .vfp11_veneer  0x0000000000000000        0x0 linker stubs

.v4_bx          0x000000000800bd58        0x0
 .v4_bx         0x0000000000000000        0x0 linker stubs

.iplt           0x000000000800bd58        0x0
 .iplt          0x0000000000000000        0x0 /usr/lib/gcc/arm-none-eabi/4.8.2/armv7-m/crtbegin.o

.RamFunc        0x000000000800bd58      0x3bc
 .RamFunc       0x000000000800bd58      0x3bc /tmp/ccQHLlQT.o
                0x000000000800bd58                HAL_FLASHEx_EnableRunPowerDown
                0x000000000800bda4                HAL_FLASHEx_DisableRunPowerDown
                0x000000000800bdf0                HAL_FLASHEx_HalfPageProgram
                0x000000000800becc                HAL_FLASHEx_DATAEEPROM_EraseDoubleWord
                0x000000000800bf94                HAL_FLASHEx_DATAEEPROM_ProgramDoubleWord

.rodata         0x000000000800c114       0xbc
                0x000000000800c114                . = ALIGN (0x4)
 *(.rodata)
 .rodata        0x000000000800c114        0x4 /tmp/ccOG1lUW.o
 .rodata        0x000000000800c118        0x8 /tmp/cc5wGu5z.o
 .rodata        0x000000000800c120        0x4 /tmp/cc5aFU2G.o
 .rodata        0x000000000800c124       0x20 /tmp/cc5KEMhb.o
                0x000000000800c124                aAPBAHBPrescTable
                0x000000000800c134                aPLLDivisionFactorTable
                0x000000000800c138                aPLLMULFactorTable
 .rodata        0x000000000800c144        0xc /tmp/cccN7rYA.o
                0x000000000800c144                GPIO_PIN
                0x000000000800c148                BUTTON_PIN
                0x000000000800c14c                BUTTON_IRQn
 .rodata        0x000000000800c150       0x48 /tmp/ccD6mmJr.o
                0x000000000800c150                CapLetterMap
                0x000000000800c184                NumberMap
 .rodata        0x000000000800c198       0x14 /tmp/ccDZl6oR.o
 .rodata        0x000000000800c1ac       0x1c /tmp/ccwaZXwI.o
                0x000000000800c1ac                PLLMulTable
                0x000000000800c1b8                AHBPrescTable
 *(.rodata*)
 .rodata.str1.4
                0x000000000800c1c8        0x4 /usr/lib/gcc/arm-none-eabi/4.8.2/../../../arm-none-eabi/lib/armv7-m/libg.a(lib_a-impure.o)
 .rodata._global_impure_ptr
                0x000000000800c1cc        0x4 /usr/lib/gcc/arm-none-eabi/4.8.2/../../../arm-none-eabi/lib/armv7-m/libg.a(lib_a-impure.o)
                0x000000000800c1cc                _global_impure_ptr
                0x000000000800c1d0                . = ALIGN (0x4)

.ARM.extab      0x000000000800c1d0        0x0
 *(.ARM.extab* .gnu.linkonce.armextab.*)
 .ARM.extab     0x000000000800c1d0        0x0 /usr/lib/gcc/arm-none-eabi/4.8.2/../../../arm-none-eabi/lib/armv7-m/crt0.o

.ARM            0x000000000800c1d0        0x8
                0x000000000800c1d0                __exidx_start = .
 *(.ARM.exidx*)
 .ARM.exidx     0x000000000800c1d0        0x8 /usr/lib/gcc/arm-none-eabi/4.8.2/../../../arm-none-eabi/lib/armv7-m/crt0.o
                0x000000000800c1d8                __exidx_end = .

.rel.dyn        0x000000000800c1d8        0x0
 .rel.iplt      0x0000000000000000        0x0 /usr/lib/gcc/arm-none-eabi/4.8.2/armv7-m/crtbegin.o

.preinit_array  0x000000000800c1d8        0x0
                0x000000000800c1d8                PROVIDE (__preinit_array_start, .)
 *(.preinit_array*)
                0x000000000800c1d8                PROVIDE (__preinit_array_end, .)

.init_array     0x000000000800c1d8        0x8
                0x000000000800c1d8                PROVIDE (__init_array_start, .)
 *(SORT(.init_array.*))
 .init_array.00000
                0x000000000800c1d8        0x4 /usr/lib/gcc/arm-none-eabi/4.8.2/../../../arm-none-eabi/lib/armv7-m/libg.a(lib_a-__call_atexit.o)
 *(.init_array*)
 .init_array    0x000000000800c1dc        0x4 /usr/lib/gcc/arm-none-eabi/4.8.2/armv7-m/crtbegin.o
                0x000000000800c1e0                PROVIDE (__init_array_end, .)

.fini_array     0x000000000800c1e0        0x4
                0x000000000800c1e0                PROVIDE (__fini_array_start, .)
 *(SORT(.fini_array.*))
 *(.fini_array*)
 .fini_array    0x000000000800c1e0        0x4 /usr/lib/gcc/arm-none-eabi/4.8.2/armv7-m/crtbegin.o
                0x000000000800c1e4                PROVIDE (__fini_array_end, .)
                0x000000000800c1e4                _sidata = LOADADDR (.data)

.data           0x0000000020000000      0x44c load address 0x000000000800c1e4
                0x0000000020000000                . = ALIGN (0x4)
                0x0000000020000000                _sdata = .
 *(.data)
 .data          0x0000000020000000        0x0 /usr/lib/gcc/arm-none-eabi/4.8.2/armv7-m/crti.o
 .data          0x0000000020000000        0x4 /usr/lib/gcc/arm-none-eabi/4.8.2/armv7-m/crtbegin.o
                0x0000000020000000                __dso_handle
 .data          0x0000000020000004        0x0 /usr/lib/gcc/arm-none-eabi/4.8.2/../../../arm-none-eabi/lib/armv7-m/crt0.o
 .data          0x0000000020000004        0x0 /tmp/ccOG1lUW.o
 .data          0x0000000020000004        0x0 /tmp/ccGmSzoL.o
 .data          0x0000000020000004        0x4 /tmp/cc5wGu5z.o
 .data          0x0000000020000008        0x0 /tmp/ccXb0nSo.o
 .data          0x0000000020000008        0x0 /tmp/ccFDHYOd.o
 .data          0x0000000020000008        0x0 /tmp/ccDYidP2.o
 .data          0x0000000020000008        0x0 /tmp/ccQYZWTR.o
 .data          0x0000000020000008        0x4 /tmp/cc5aFU2G.o
 .data          0x000000002000000c        0x0 /tmp/ccFZYajw.o
 .data          0x000000002000000c        0x0 /tmp/ccgh1wHl.o
 .data          0x000000002000000c        0x0 /tmp/cc5KEMhb.o
 .data          0x000000002000000c        0x0 /tmp/ccluTkY0.o
 .data          0x000000002000000c        0x0 /tmp/ccZL95KQ.o
 .data          0x000000002000000c        0x0 /tmp/ccPiJsGG.o
 .data          0x000000002000000c        0x0 /tmp/cc2k04Hw.o
 .data          0x000000002000000c        0x0 /tmp/ccV2yQQm.o
 .data          0x000000002000000c        0x0 /tmp/cclzyV5c.o
 .data          0x000000002000000c        0x0 /tmp/cc1Udlq3.o
 .data          0x000000002000000c        0x0 /tmp/ccQHLlQT.o
 .data          0x000000002000000c        0x0 /tmp/ccn1GxmK.o
 .data          0x000000002000000c        0xc /tmp/cccN7rYA.o
                0x000000002000000c                GPIO_PORT
                0x0000000020000014                BUTTON_PORT
 .data          0x0000000020000018        0x1 /tmp/ccD6mmJr.o
                0x0000000020000018                LCDBar
 .data          0x0000000020000019        0x0 /tmp/cc1uWOwi.o
 .data          0x0000000020000019        0x0 /tmp/ccT5k8o9.o
 .data          0x0000000020000019        0x0 /tmp/ccC4lfm0.o
 .data          0x0000000020000019        0x0 /tmp/ccDZl6oR.o
 *fill*         0x0000000020000019        0x3 
 .data          0x000000002000001c        0x4 /tmp/ccwaZXwI.o
                0x000000002000001c                SystemCoreClock
 .data          0x0000000020000020        0x0 /tmp/ccKLytFz.o
 .data          0x0000000020000020        0x0 /usr/lib/gcc/arm-none-eabi/4.8.2/../../../arm-none-eabi/lib/armv7-m/libg.a(lib_a-atexit.o)
 .data          0x0000000020000020        0x0 /usr/lib/gcc/arm-none-eabi/4.8.2/../../../arm-none-eabi/lib/armv7-m/libg.a(lib_a-exit.o)
 .data          0x0000000020000020        0x0 /usr/lib/gcc/arm-none-eabi/4.8.2/../../../arm-none-eabi/lib/armv7-m/libg.a(lib_a-fini.o)
 .data          0x0000000020000020        0x0 /usr/lib/gcc/arm-none-eabi/4.8.2/../../../arm-none-eabi/lib/armv7-m/libg.a(lib_a-impure.o)
 .data          0x0000000020000020        0x0 /usr/lib/gcc/arm-none-eabi/4.8.2/../../../arm-none-eabi/lib/armv7-m/libg.a(lib_a-init.o)
 .data          0x0000000020000020        0x0 /usr/lib/gcc/arm-none-eabi/4.8.2/../../../arm-none-eabi/lib/armv7-m/libg.a(lib_a-memcpy.o)
 .data          0x0000000020000020        0x0 /usr/lib/gcc/arm-none-eabi/4.8.2/../../../arm-none-eabi/lib/armv7-m/libg.a(lib_a-memset.o)
 .data          0x0000000020000020        0x0 /usr/lib/gcc/arm-none-eabi/4.8.2/../../../arm-none-eabi/lib/armv7-m/libg.a(lib_a-__atexit.o)
 .data          0x0000000020000020        0x0 /usr/lib/gcc/arm-none-eabi/4.8.2/../../../arm-none-eabi/lib/armv7-m/libg.a(lib_a-__call_atexit.o)
 .data          0x0000000020000020        0x0 /usr/lib/gcc/arm-none-eabi/4.8.2/../../../arm-none-eabi/lib/armv7-m/libnosys.a(_exit.o)
 .data          0x0000000020000020        0x0 /usr/lib/gcc/arm-none-eabi/4.8.2/armv7-m/crtend.o
 .data          0x0000000020000020        0x0 /usr/lib/gcc/arm-none-eabi/4.8.2/armv7-m/crtn.o
 *(.data*)
 .data.impure_data
                0x0000000020000020      0x428 /usr/lib/gcc/arm-none-eabi/4.8.2/../../../arm-none-eabi/lib/armv7-m/libg.a(lib_a-impure.o)
 .data._impure_ptr
                0x0000000020000448        0x4 /usr/lib/gcc/arm-none-eabi/4.8.2/../../../arm-none-eabi/lib/armv7-m/libg.a(lib_a-impure.o)
                0x0000000020000448                _impure_ptr
                0x000000002000044c                . = ALIGN (0x4)
                0x000000002000044c                _edata = .

.jcr            0x000000002000044c        0x4 load address 0x000000000800c630
 .jcr           0x000000002000044c        0x0 /usr/lib/gcc/arm-none-eabi/4.8.2/armv7-m/crtbegin.o
 .jcr           0x000000002000044c        0x4 /usr/lib/gcc/arm-none-eabi/4.8.2/armv7-m/crtend.o

.tm_clone_table
                0x0000000020000450        0x0 load address 0x000000000800c634
 .tm_clone_table
                0x0000000020000450        0x0 /usr/lib/gcc/arm-none-eabi/4.8.2/armv7-m/crtbegin.o
 .tm_clone_table
                0x0000000020000450        0x0 /usr/lib/gcc/arm-none-eabi/4.8.2/armv7-m/crtend.o

.igot.plt       0x0000000020000450        0x0 load address 0x000000000800c634
 .igot.plt      0x0000000000000000        0x0 /usr/lib/gcc/arm-none-eabi/4.8.2/armv7-m/crtbegin.o
                0x0000000020000450                . = ALIGN (0x4)

.bss            0x0000000020000450      0x9e0 load address 0x000000000800c634
                0x0000000020000450                _sbss = .
                0x0000000020000450                __bss_start__ = _sbss
 *(.bss)
 .bss           0x0000000020000450        0x0 /usr/lib/gcc/arm-none-eabi/4.8.2/armv7-m/crti.o
 .bss           0x0000000020000450       0x1c /usr/lib/gcc/arm-none-eabi/4.8.2/armv7-m/crtbegin.o
 .bss           0x000000002000046c        0x0 /usr/lib/gcc/arm-none-eabi/4.8.2/../../../arm-none-eabi/lib/armv7-m/crt0.o
 .bss           0x000000002000046c      0x7e8 /tmp/ccOG1lUW.o
 .bss           0x0000000020000c54        0x0 /tmp/ccGmSzoL.o
 .bss           0x0000000020000c54      0x124 /tmp/cc5wGu5z.o
                0x0000000020000c54                pxCurrentTCB
 .bss           0x0000000020000d78        0x0 /tmp/ccXb0nSo.o
 .bss           0x0000000020000d78        0x0 /tmp/ccFDHYOd.o
 .bss           0x0000000020000d78        0x0 /tmp/ccDYidP2.o
 .bss           0x0000000020000d78        0x0 /tmp/ccQYZWTR.o
 .bss           0x0000000020000d78        0x8 /tmp/cc5aFU2G.o
 .bss           0x0000000020000d80        0x0 /tmp/ccFZYajw.o
 .bss           0x0000000020000d80        0x0 /tmp/ccgh1wHl.o
 .bss           0x0000000020000d80        0x0 /tmp/cc5KEMhb.o
 .bss           0x0000000020000d80        0x0 /tmp/ccluTkY0.o
 .bss           0x0000000020000d80        0x0 /tmp/ccZL95KQ.o
 .bss           0x0000000020000d80        0x0 /tmp/ccPiJsGG.o
 .bss           0x0000000020000d80        0x4 /tmp/cc2k04Hw.o
 .bss           0x0000000020000d84        0x0 /tmp/ccV2yQQm.o
 .bss           0x0000000020000d84        0x0 /tmp/cclzyV5c.o
 .bss           0x0000000020000d84        0x0 /tmp/cc1Udlq3.o
 .bss           0x0000000020000d84        0x0 /tmp/ccQHLlQT.o
 .bss           0x0000000020000d84        0x0 /tmp/ccn1GxmK.o
 .bss           0x0000000020000d84        0x0 /tmp/cccN7rYA.o
 .bss           0x0000000020000d84        0x1 /tmp/ccD6mmJr.o
                0x0000000020000d84                bLCDGlass_KeyPressed
 .bss           0x0000000020000d85        0x0 /tmp/cc1uWOwi.o
 .bss           0x0000000020000d85        0x0 /tmp/ccT5k8o9.o
 .bss           0x0000000020000d85        0x0 /tmp/ccC4lfm0.o
 *fill*         0x0000000020000d85        0x3 
 .bss           0x0000000020000d88        0x4 /tmp/ccDZl6oR.o
 .bss           0x0000000020000d8c        0x0 /tmp/ccwaZXwI.o
 .bss           0x0000000020000d8c        0x0 /tmp/ccKLytFz.o
 .bss           0x0000000020000d8c        0x0 /usr/lib/gcc/arm-none-eabi/4.8.2/../../../arm-none-eabi/lib/armv7-m/libg.a(lib_a-atexit.o)
 .bss           0x0000000020000d8c        0x0 /usr/lib/gcc/arm-none-eabi/4.8.2/../../../arm-none-eabi/lib/armv7-m/libg.a(lib_a-exit.o)
 .bss           0x0000000020000d8c        0x0 /usr/lib/gcc/arm-none-eabi/4.8.2/../../../arm-none-eabi/lib/armv7-m/libg.a(lib_a-fini.o)
 .bss           0x0000000020000d8c        0x0 /usr/lib/gcc/arm-none-eabi/4.8.2/../../../arm-none-eabi/lib/armv7-m/libg.a(lib_a-impure.o)
 .bss           0x0000000020000d8c        0x0 /usr/lib/gcc/arm-none-eabi/4.8.2/../../../arm-none-eabi/lib/armv7-m/libg.a(lib_a-init.o)
 .bss           0x0000000020000d8c        0x0 /usr/lib/gcc/arm-none-eabi/4.8.2/../../../arm-none-eabi/lib/armv7-m/libg.a(lib_a-memcpy.o)
 .bss           0x0000000020000d8c        0x0 /usr/lib/gcc/arm-none-eabi/4.8.2/../../../arm-none-eabi/lib/armv7-m/libg.a(lib_a-memset.o)
 .bss           0x0000000020000d8c        0x0 /usr/lib/gcc/arm-none-eabi/4.8.2/../../../arm-none-eabi/lib/armv7-m/libg.a(lib_a-__atexit.o)
 .bss           0x0000000020000d8c        0x0 /usr/lib/gcc/arm-none-eabi/4.8.2/../../../arm-none-eabi/lib/armv7-m/libg.a(lib_a-__call_atexit.o)
 .bss           0x0000000020000d8c        0x0 /usr/lib/gcc/arm-none-eabi/4.8.2/../../../arm-none-eabi/lib/armv7-m/libnosys.a(_exit.o)
 .bss           0x0000000020000d8c        0x0 /usr/lib/gcc/arm-none-eabi/4.8.2/armv7-m/crtend.o
 .bss           0x0000000020000d8c        0x0 /usr/lib/gcc/arm-none-eabi/4.8.2/armv7-m/crtn.o
 *(.bss*)
 *(COMMON)
 COMMON         0x0000000020000d8c       0x40 /tmp/ccFDHYOd.o
                0x0000000020000d8c                xQueueRegistry
 COMMON         0x0000000020000dcc       0x18 /tmp/ccZL95KQ.o
                0x0000000020000dcc                pFlash
 COMMON         0x0000000020000de4       0x4c /tmp/ccD6mmJr.o
                0x0000000020000de4                Digit
                0x0000000020000df4                LCDHandle
                0x0000000020000e30                . = ALIGN (0x4)
                0x0000000020000e30                _ebss = .
                0x0000000020000e30                __bss_end__ = _ebss

._user_heap_stack
                0x0000000020000e30      0x600 load address 0x000000000800c634
                0x0000000020000e30                . = ALIGN (0x4)
                0x0000000020000e30                PROVIDE (end, .)
                0x0000000020000e30                PROVIDE (_end, .)
                0x0000000020001030                . = (. + _Min_Heap_Size)
 *fill*         0x0000000020000e30      0x200 
                0x0000000020001430                . = (. + _Min_Stack_Size)
 *fill*         0x0000000020001030      0x400 
                0x0000000020001430                . = ALIGN (0x4)

/DISCARD/
 libc.a(*)
 libm.a(*)
 libgcc.a(*)

.ARM.attributes
                0x0000000000000000       0x29
 *(.ARM.attributes)
 .ARM.attributes
                0x0000000000000000       0x1d /usr/lib/gcc/arm-none-eabi/4.8.2/armv7-m/crti.o
 .ARM.attributes
                0x000000000000001d       0x2d /usr/lib/gcc/arm-none-eabi/4.8.2/armv7-m/crtbegin.o
 .ARM.attributes
                0x000000000000004a       0x1b /usr/lib/gcc/arm-none-eabi/4.8.2/../../../arm-none-eabi/lib/armv7-m/crt0.o
 .ARM.attributes
                0x0000000000000065       0x33 /tmp/ccOG1lUW.o
 .ARM.attributes
                0x0000000000000098       0x33 /tmp/ccGmSzoL.o
 .ARM.attributes
                0x00000000000000cb       0x33 /tmp/cc5wGu5z.o
 .ARM.attributes
                0x00000000000000fe       0x33 /tmp/ccXb0nSo.o
 .ARM.attributes
                0x0000000000000131       0x33 /tmp/ccFDHYOd.o
 .ARM.attributes
                0x0000000000000164       0x33 /tmp/ccDYidP2.o
 .ARM.attributes
                0x0000000000000197       0x33 /tmp/ccQYZWTR.o
 .ARM.attributes
                0x00000000000001ca       0x33 /tmp/cc5aFU2G.o
 .ARM.attributes
                0x00000000000001fd       0x33 /tmp/ccFZYajw.o
 .ARM.attributes
                0x0000000000000230       0x33 /tmp/ccgh1wHl.o
 .ARM.attributes
                0x0000000000000263       0x33 /tmp/cc5KEMhb.o
 .ARM.attributes
                0x0000000000000296       0x33 /tmp/ccluTkY0.o
 .ARM.attributes
                0x00000000000002c9       0x33 /tmp/ccZL95KQ.o
 .ARM.attributes
                0x00000000000002fc       0x33 /tmp/ccPiJsGG.o
 .ARM.attributes
                0x000000000000032f       0x33 /tmp/cc2k04Hw.o
 .ARM.attributes
                0x0000000000000362       0x33 /tmp/ccV2yQQm.o
 .ARM.attributes
                0x0000000000000395       0x33 /tmp/cclzyV5c.o
 .ARM.attributes
                0x00000000000003c8       0x33 /tmp/cc1Udlq3.o
 .ARM.attributes
                0x00000000000003fb       0x33 /tmp/ccQHLlQT.o
 .ARM.attributes
                0x000000000000042e       0x33 /tmp/ccn1GxmK.o
 .ARM.attributes
                0x0000000000000461       0x33 /tmp/cccN7rYA.o
 .ARM.attributes
                0x0000000000000494       0x33 /tmp/ccD6mmJr.o
 .ARM.attributes
                0x00000000000004c7       0x33 /tmp/cc1uWOwi.o
 .ARM.attributes
                0x00000000000004fa       0x33 /tmp/ccT5k8o9.o
 .ARM.attributes
                0x000000000000052d       0x33 /tmp/ccC4lfm0.o
 .ARM.attributes
                0x0000000000000560       0x33 /tmp/ccDZl6oR.o
 .ARM.attributes
                0x0000000000000593       0x33 /tmp/ccwaZXwI.o
 .ARM.attributes
                0x00000000000005c6       0x21 /tmp/ccKLytFz.o
 .ARM.attributes
                0x00000000000005e7       0x2d /usr/lib/gcc/arm-none-eabi/4.8.2/../../../arm-none-eabi/lib/armv7-m/libg.a(lib_a-atexit.o)
 .ARM.attributes
                0x0000000000000614       0x2d /usr/lib/gcc/arm-none-eabi/4.8.2/../../../arm-none-eabi/lib/armv7-m/libg.a(lib_a-exit.o)
 .ARM.attributes
                0x0000000000000641       0x2d /usr/lib/gcc/arm-none-eabi/4.8.2/../../../arm-none-eabi/lib/armv7-m/libg.a(lib_a-fini.o)
 .ARM.attributes
                0x000000000000066e       0x2d /usr/lib/gcc/arm-none-eabi/4.8.2/../../../arm-none-eabi/lib/armv7-m/libg.a(lib_a-impure.o)
 .ARM.attributes
                0x000000000000069b       0x2d /usr/lib/gcc/arm-none-eabi/4.8.2/../../../arm-none-eabi/lib/armv7-m/libg.a(lib_a-init.o)
 .ARM.attributes
                0x00000000000006c8       0x1b /usr/lib/gcc/arm-none-eabi/4.8.2/../../../arm-none-eabi/lib/armv7-m/libg.a(lib_a-memcpy.o)
 .ARM.attributes
                0x00000000000006e3       0x2d /usr/lib/gcc/arm-none-eabi/4.8.2/../../../arm-none-eabi/lib/armv7-m/libg.a(lib_a-memset.o)
 .ARM.attributes
                0x0000000000000710       0x2d /usr/lib/gcc/arm-none-eabi/4.8.2/../../../arm-none-eabi/lib/armv7-m/libg.a(lib_a-__atexit.o)
 .ARM.attributes
                0x000000000000073d       0x2d /usr/lib/gcc/arm-none-eabi/4.8.2/../../../arm-none-eabi/lib/armv7-m/libg.a(lib_a-__call_atexit.o)
 .ARM.attributes
                0x000000000000076a       0x2d /usr/lib/gcc/arm-none-eabi/4.8.2/../../../arm-none-eabi/lib/armv7-m/libnosys.a(_exit.o)
 .ARM.attributes
                0x0000000000000797       0x2d /usr/lib/gcc/arm-none-eabi/4.8.2/armv7-m/crtend.o
 .ARM.attributes
                0x00000000000007c4       0x1d /usr/lib/gcc/arm-none-eabi/4.8.2/armv7-m/crtn.o
OUTPUT(chrono.elf elf32-littlearm)

.comment        0x0000000000000000       0x1f
 .comment       0x0000000000000000       0x1f /usr/lib/gcc/arm-none-eabi/4.8.2/armv7-m/crtbegin.o
                                         0x20 (size before relaxing)
 .comment       0x0000000000000000       0x20 /tmp/ccOG1lUW.o
 .comment       0x0000000000000000       0x20 /tmp/ccGmSzoL.o
 .comment       0x0000000000000000       0x20 /tmp/cc5wGu5z.o
 .comment       0x0000000000000000       0x20 /tmp/ccXb0nSo.o
 .comment       0x0000000000000000       0x20 /tmp/ccFDHYOd.o
 .comment       0x0000000000000000       0x20 /tmp/ccDYidP2.o
 .comment       0x0000000000000000       0x20 /tmp/ccQYZWTR.o
 .comment       0x0000000000000000       0x20 /tmp/cc5aFU2G.o
 .comment       0x0000000000000000       0x20 /tmp/ccFZYajw.o
 .comment       0x0000000000000000       0x20 /tmp/ccgh1wHl.o
 .comment       0x0000000000000000       0x20 /tmp/cc5KEMhb.o
 .comment       0x0000000000000000       0x20 /tmp/ccluTkY0.o
 .comment       0x0000000000000000       0x20 /tmp/ccZL95KQ.o
 .comment       0x0000000000000000       0x20 /tmp/ccPiJsGG.o
 .comment       0x0000000000000000       0x20 /tmp/cc2k04Hw.o
 .comment       0x0000000000000000       0x20 /tmp/ccV2yQQm.o
 .comment       0x0000000000000000       0x20 /tmp/cclzyV5c.o
 .comment       0x0000000000000000       0x20 /tmp/cc1Udlq3.o
 .comment       0x0000000000000000       0x20 /tmp/ccQHLlQT.o
 .comment       0x0000000000000000       0x20 /tmp/ccn1GxmK.o
 .comment       0x0000000000000000       0x20 /tmp/cccN7rYA.o
 .comment       0x0000000000000000       0x20 /tmp/ccD6mmJr.o
 .comment       0x0000000000000000       0x20 /tmp/cc1uWOwi.o
 .comment       0x0000000000000000       0x20 /tmp/ccT5k8o9.o
 .comment       0x0000000000000000       0x20 /tmp/ccC4lfm0.o
 .comment       0x0000000000000000       0x20 /tmp/ccDZl6oR.o
 .comment       0x0000000000000000       0x20 /tmp/ccwaZXwI.o
 .comment       0x0000000000000000       0x20 /usr/lib/gcc/arm-none-eabi/4.8.2/../../../arm-none-eabi/lib/armv7-m/libg.a(lib_a-atexit.o)
 .comment       0x0000000000000000       0x20 /usr/lib/gcc/arm-none-eabi/4.8.2/../../../arm-none-eabi/lib/armv7-m/libg.a(lib_a-exit.o)
 .comment       0x0000000000000000       0x20 /usr/lib/gcc/arm-none-eabi/4.8.2/../../../arm-none-eabi/lib/armv7-m/libg.a(lib_a-fini.o)
 .comment       0x0000000000000000       0x20 /usr/lib/gcc/arm-none-eabi/4.8.2/../../../arm-none-eabi/lib/armv7-m/libg.a(lib_a-impure.o)
 .comment       0x0000000000000000       0x20 /usr/lib/gcc/arm-none-eabi/4.8.2/../../../arm-none-eabi/lib/armv7-m/libg.a(lib_a-init.o)
 .comment       0x0000000000000000       0x20 /usr/lib/gcc/arm-none-eabi/4.8.2/../../../arm-none-eabi/lib/armv7-m/libg.a(lib_a-memset.o)
 .comment       0x0000000000000000       0x20 /usr/lib/gcc/arm-none-eabi/4.8.2/../../../arm-none-eabi/lib/armv7-m/libg.a(lib_a-__atexit.o)
 .comment       0x0000000000000000       0x20 /usr/lib/gcc/arm-none-eabi/4.8.2/../../../arm-none-eabi/lib/armv7-m/libg.a(lib_a-__call_atexit.o)
 .comment       0x0000000000000000       0x20 /usr/lib/gcc/arm-none-eabi/4.8.2/../../../arm-none-eabi/lib/armv7-m/libnosys.a(_exit.o)
 .comment       0x0000000000000000       0x20 /usr/lib/gcc/arm-none-eabi/4.8.2/armv7-m/crtend.o

.debug_line     0x0000000000000000     0x5ecd
 .debug_line    0x0000000000000000       0x7b /usr/lib/gcc/arm-none-eabi/4.8.2/../../../arm-none-eabi/lib/armv7-m/crt0.o
 .debug_line    0x000000000000007b      0x1b2 /tmp/ccOG1lUW.o
 .debug_line    0x000000000000022d      0x178 /tmp/ccGmSzoL.o
 .debug_line    0x00000000000003a5      0x7bd /tmp/cc5wGu5z.o
 .debug_line    0x0000000000000b62      0x2a2 /tmp/ccXb0nSo.o
 .debug_line    0x0000000000000e04      0x58e /tmp/ccFDHYOd.o
 .debug_line    0x0000000000001392       0x1d /tmp/ccDYidP2.o
 .debug_line    0x00000000000013af       0x1d /tmp/ccQYZWTR.o
 .debug_line    0x00000000000013cc      0x1d8 /tmp/cc5aFU2G.o
 .debug_line    0x00000000000015a4      0x333 /tmp/ccFZYajw.o
 .debug_line    0x00000000000018d7      0x4d1 /tmp/ccgh1wHl.o
 .debug_line    0x0000000000001da8      0xc63 /tmp/cc5KEMhb.o
 .debug_line    0x0000000000002a0b      0x330 /tmp/ccluTkY0.o
 .debug_line    0x0000000000002d3b      0x33f /tmp/ccZL95KQ.o
 .debug_line    0x000000000000307a      0x47a /tmp/ccPiJsGG.o
 .debug_line    0x00000000000034f4      0x283 /tmp/cc2k04Hw.o
 .debug_line    0x0000000000003777      0x380 /tmp/ccV2yQQm.o
 .debug_line    0x0000000000003af7      0x32d /tmp/cclzyV5c.o
 .debug_line    0x0000000000003e24      0x26a /tmp/cc1Udlq3.o
 .debug_line    0x000000000000408e      0x2b8 /tmp/ccQHLlQT.o
 .debug_line    0x0000000000004346      0x363 /tmp/ccn1GxmK.o
 .debug_line    0x00000000000046a9      0x295 /tmp/cccN7rYA.o
 .debug_line    0x000000000000493e      0x4c5 /tmp/ccD6mmJr.o
 .debug_line    0x0000000000004e03       0x1d /tmp/cc1uWOwi.o
 .debug_line    0x0000000000004e20      0x141 /tmp/ccT5k8o9.o
 .debug_line    0x0000000000004f61      0x16b /tmp/ccC4lfm0.o
 .debug_line    0x00000000000050cc      0x2e5 /tmp/ccDZl6oR.o
 .debug_line    0x00000000000053b1      0x18e /tmp/ccwaZXwI.o
 .debug_line    0x000000000000553f       0x76 /tmp/ccKLytFz.o
 .debug_line    0x00000000000055b5       0xa6 /usr/lib/gcc/arm-none-eabi/4.8.2/../../../arm-none-eabi/lib/armv7-m/libg.a(lib_a-atexit.o)
 .debug_line    0x000000000000565b      0x13f /usr/lib/gcc/arm-none-eabi/4.8.2/../../../arm-none-eabi/lib/armv7-m/libg.a(lib_a-exit.o)
 .debug_line    0x000000000000579a       0x9c /usr/lib/gcc/arm-none-eabi/4.8.2/../../../arm-none-eabi/lib/armv7-m/libg.a(lib_a-fini.o)
 .debug_line    0x0000000000005836       0xd6 /usr/lib/gcc/arm-none-eabi/4.8.2/../../../arm-none-eabi/lib/armv7-m/libg.a(lib_a-impure.o)
 .debug_line    0x000000000000590c       0xb5 /usr/lib/gcc/arm-none-eabi/4.8.2/../../../arm-none-eabi/lib/armv7-m/libg.a(lib_a-init.o)
 .debug_line    0x00000000000059c1       0xbb /usr/lib/gcc/arm-none-eabi/4.8.2/../../../arm-none-eabi/lib/armv7-m/libg.a(lib_a-memcpy.o)
 .debug_line    0x0000000000005a7c       0xff /usr/lib/gcc/arm-none-eabi/4.8.2/../../../arm-none-eabi/lib/armv7-m/libg.a(lib_a-memset.o)
 .debug_line    0x0000000000005b7b      0x160 /usr/lib/gcc/arm-none-eabi/4.8.2/../../../arm-none-eabi/lib/armv7-m/libg.a(lib_a-__atexit.o)
 .debug_line    0x0000000000005cdb      0x19a /usr/lib/gcc/arm-none-eabi/4.8.2/../../../arm-none-eabi/lib/armv7-m/libg.a(lib_a-__call_atexit.o)
 .debug_line    0x0000000000005e75       0x58 /usr/lib/gcc/arm-none-eabi/4.8.2/../../../arm-none-eabi/lib/armv7-m/libnosys.a(_exit.o)

.debug_info     0x0000000000000000     0xd537
 .debug_info    0x0000000000000000       0x8d /usr/lib/gcc/arm-none-eabi/4.8.2/../../../arm-none-eabi/lib/armv7-m/crt0.o
 .debug_info    0x000000000000008d      0x2f6 /tmp/ccOG1lUW.o
 .debug_info    0x0000000000000383      0x299 /tmp/ccGmSzoL.o
 .debug_info    0x000000000000061c     0x14ba /tmp/cc5wGu5z.o
 .debug_info    0x0000000000001ad6      0x65a /tmp/ccXb0nSo.o
 .debug_info    0x0000000000002130      0xbfd /tmp/ccFDHYOd.o
 .debug_info    0x0000000000002d2d       0x6e /tmp/ccDYidP2.o
 .debug_info    0x0000000000002d9b       0x6e /tmp/ccQYZWTR.o
 .debug_info    0x0000000000002e09      0x322 /tmp/cc5aFU2G.o
 .debug_info    0x000000000000312b      0x5db /tmp/ccFZYajw.o
 .debug_info    0x0000000000003706      0x56d /tmp/ccgh1wHl.o
 .debug_info    0x0000000000003c73     0x172e /tmp/cc5KEMhb.o
 .debug_info    0x00000000000053a1      0x427 /tmp/ccluTkY0.o
 .debug_info    0x00000000000057c8      0x43f /tmp/ccZL95KQ.o
 .debug_info    0x0000000000005c07      0xa58 /tmp/ccPiJsGG.o
 .debug_info    0x000000000000665f      0x5ca /tmp/cc2k04Hw.o
 .debug_info    0x0000000000006c29      0xc1e /tmp/ccV2yQQm.o
 .debug_info    0x0000000000007847      0x7b9 /tmp/cclzyV5c.o
 .debug_info    0x0000000000008000      0x31b /tmp/cc1Udlq3.o
 .debug_info    0x000000000000831b      0x321 /tmp/ccQHLlQT.o
 .debug_info    0x000000000000863c      0x50d /tmp/ccn1GxmK.o
 .debug_info    0x0000000000008b49      0x691 /tmp/cccN7rYA.o
 .debug_info    0x00000000000091da      0xbec /tmp/ccD6mmJr.o
 .debug_info    0x0000000000009dc6       0x72 /tmp/cc1uWOwi.o
 .debug_info    0x0000000000009e38       0xbd /tmp/ccT5k8o9.o
 .debug_info    0x0000000000009ef5      0x2fc /tmp/ccC4lfm0.o
 .debug_info    0x000000000000a1f1      0x578 /tmp/ccDZl6oR.o
 .debug_info    0x000000000000a769      0x3f6 /tmp/ccwaZXwI.o
 .debug_info    0x000000000000ab5f       0x63 /tmp/ccKLytFz.o
 .debug_info    0x000000000000abc2      0x10a /usr/lib/gcc/arm-none-eabi/4.8.2/../../../arm-none-eabi/lib/armv7-m/libg.a(lib_a-atexit.o)
 .debug_info    0x000000000000accc      0x8e4 /usr/lib/gcc/arm-none-eabi/4.8.2/../../../arm-none-eabi/lib/armv7-m/libg.a(lib_a-exit.o)
 .debug_info    0x000000000000b5b0       0xef /usr/lib/gcc/arm-none-eabi/4.8.2/../../../arm-none-eabi/lib/armv7-m/libg.a(lib_a-fini.o)
 .debug_info    0x000000000000b69f      0x894 /usr/lib/gcc/arm-none-eabi/4.8.2/../../../arm-none-eabi/lib/armv7-m/libg.a(lib_a-impure.o)
 .debug_info    0x000000000000bf33      0x105 /usr/lib/gcc/arm-none-eabi/4.8.2/../../../arm-none-eabi/lib/armv7-m/libg.a(lib_a-init.o)
 .debug_info    0x000000000000c038       0xb2 /usr/lib/gcc/arm-none-eabi/4.8.2/../../../arm-none-eabi/lib/armv7-m/libg.a(lib_a-memcpy.o)
 .debug_info    0x000000000000c0ea      0x117 /usr/lib/gcc/arm-none-eabi/4.8.2/../../../arm-none-eabi/lib/armv7-m/libg.a(lib_a-memset.o)
 .debug_info    0x000000000000c201      0x934 /usr/lib/gcc/arm-none-eabi/4.8.2/../../../arm-none-eabi/lib/armv7-m/libg.a(lib_a-__atexit.o)
 .debug_info    0x000000000000cb35      0x9aa /usr/lib/gcc/arm-none-eabi/4.8.2/../../../arm-none-eabi/lib/armv7-m/libg.a(lib_a-__call_atexit.o)
 .debug_info    0x000000000000d4df       0x58 /usr/lib/gcc/arm-none-eabi/4.8.2/../../../arm-none-eabi/lib/armv7-m/libnosys.a(_exit.o)

.debug_abbrev   0x0000000000000000     0x31f0
 .debug_abbrev  0x0000000000000000       0x14 /usr/lib/gcc/arm-none-eabi/4.8.2/../../../arm-none-eabi/lib/armv7-m/crt0.o
 .debug_abbrev  0x0000000000000014      0x156 /tmp/ccOG1lUW.o
 .debug_abbrev  0x000000000000016a       0xbc /tmp/ccGmSzoL.o
 .debug_abbrev  0x0000000000000226      0x274 /tmp/cc5wGu5z.o
 .debug_abbrev  0x000000000000049a      0x135 /tmp/ccXb0nSo.o
 .debug_abbrev  0x00000000000005cf      0x18d /tmp/ccFDHYOd.o
 .debug_abbrev  0x000000000000075c       0x24 /tmp/ccDYidP2.o
 .debug_abbrev  0x0000000000000780       0x24 /tmp/ccQYZWTR.o
 .debug_abbrev  0x00000000000007a4      0x1b5 /tmp/cc5aFU2G.o
 .debug_abbrev  0x0000000000000959      0x1aa /tmp/ccFZYajw.o
 .debug_abbrev  0x0000000000000b03      0x1b3 /tmp/ccgh1wHl.o
 .debug_abbrev  0x0000000000000cb6      0x285 /tmp/cc5KEMhb.o
 .debug_abbrev  0x0000000000000f3b      0x1cc /tmp/ccluTkY0.o
 .debug_abbrev  0x0000000000001107      0x1e1 /tmp/ccZL95KQ.o
 .debug_abbrev  0x00000000000012e8      0x280 /tmp/ccPiJsGG.o
 .debug_abbrev  0x0000000000001568      0x1a5 /tmp/cc2k04Hw.o
 .debug_abbrev  0x000000000000170d      0x28a /tmp/ccV2yQQm.o
 .debug_abbrev  0x0000000000001997      0x1f3 /tmp/cclzyV5c.o
 .debug_abbrev  0x0000000000001b8a      0x12a /tmp/cc1Udlq3.o
 .debug_abbrev  0x0000000000001cb4      0x136 /tmp/ccQHLlQT.o
 .debug_abbrev  0x0000000000001dea      0x187 /tmp/ccn1GxmK.o
 .debug_abbrev  0x0000000000001f71      0x18c /tmp/cccN7rYA.o
 .debug_abbrev  0x00000000000020fd      0x1ee /tmp/ccD6mmJr.o
 .debug_abbrev  0x00000000000022eb       0x26 /tmp/cc1uWOwi.o
 .debug_abbrev  0x0000000000002311       0x67 /tmp/ccT5k8o9.o
 .debug_abbrev  0x0000000000002378       0xcf /tmp/ccC4lfm0.o
 .debug_abbrev  0x0000000000002447      0x165 /tmp/ccDZl6oR.o
 .debug_abbrev  0x00000000000025ac      0x101 /tmp/ccwaZXwI.o
 .debug_abbrev  0x00000000000026ad       0x12 /tmp/ccKLytFz.o
 .debug_abbrev  0x00000000000026bf       0xb8 /usr/lib/gcc/arm-none-eabi/4.8.2/../../../arm-none-eabi/lib/armv7-m/libg.a(lib_a-atexit.o)
 .debug_abbrev  0x0000000000002777      0x1e6 /usr/lib/gcc/arm-none-eabi/4.8.2/../../../arm-none-eabi/lib/armv7-m/libg.a(lib_a-exit.o)
 .debug_abbrev  0x000000000000295d       0xbd /usr/lib/gcc/arm-none-eabi/4.8.2/../../../arm-none-eabi/lib/armv7-m/libg.a(lib_a-fini.o)
 .debug_abbrev  0x0000000000002a1a      0x180 /usr/lib/gcc/arm-none-eabi/4.8.2/../../../arm-none-eabi/lib/armv7-m/libg.a(lib_a-impure.o)
 .debug_abbrev  0x0000000000002b9a       0xba /usr/lib/gcc/arm-none-eabi/4.8.2/../../../arm-none-eabi/lib/armv7-m/libg.a(lib_a-init.o)
 .debug_abbrev  0x0000000000002c54       0x14 /usr/lib/gcc/arm-none-eabi/4.8.2/../../../arm-none-eabi/lib/armv7-m/libg.a(lib_a-memcpy.o)
 .debug_abbrev  0x0000000000002c68       0x9f /usr/lib/gcc/arm-none-eabi/4.8.2/../../../arm-none-eabi/lib/armv7-m/libg.a(lib_a-memset.o)
 .debug_abbrev  0x0000000000002d07      0x20f /usr/lib/gcc/arm-none-eabi/4.8.2/../../../arm-none-eabi/lib/armv7-m/libg.a(lib_a-__atexit.o)
 .debug_abbrev  0x0000000000002f16      0x285 /usr/lib/gcc/arm-none-eabi/4.8.2/../../../arm-none-eabi/lib/armv7-m/libg.a(lib_a-__call_atexit.o)
 .debug_abbrev  0x000000000000319b       0x55 /usr/lib/gcc/arm-none-eabi/4.8.2/../../../arm-none-eabi/lib/armv7-m/libnosys.a(_exit.o)

.debug_aranges  0x0000000000000000      0x4f8
 .debug_aranges
                0x0000000000000000       0x20 /usr/lib/gcc/arm-none-eabi/4.8.2/../../../arm-none-eabi/lib/armv7-m/crt0.o
 .debug_aranges
                0x0000000000000020       0x20 /tmp/ccOG1lUW.o
 .debug_aranges
                0x0000000000000040       0x20 /tmp/ccGmSzoL.o
 .debug_aranges
                0x0000000000000060       0x20 /tmp/cc5wGu5z.o
 .debug_aranges
                0x0000000000000080       0x20 /tmp/ccXb0nSo.o
 .debug_aranges
                0x00000000000000a0       0x20 /tmp/ccFDHYOd.o
 .debug_aranges
                0x00000000000000c0       0x18 /tmp/ccDYidP2.o
 .debug_aranges
                0x00000000000000d8       0x18 /tmp/ccQYZWTR.o
 .debug_aranges
                0x00000000000000f0       0x20 /tmp/cc5aFU2G.o
 .debug_aranges
                0x0000000000000110       0x20 /tmp/ccFZYajw.o
 .debug_aranges
                0x0000000000000130       0x20 /tmp/ccgh1wHl.o
 .debug_aranges
                0x0000000000000150       0x20 /tmp/cc5KEMhb.o
 .debug_aranges
                0x0000000000000170       0x20 /tmp/ccluTkY0.o
 .debug_aranges
                0x0000000000000190       0x20 /tmp/ccZL95KQ.o
 .debug_aranges
                0x00000000000001b0       0x20 /tmp/ccPiJsGG.o
 .debug_aranges
                0x00000000000001d0       0x20 /tmp/cc2k04Hw.o
 .debug_aranges
                0x00000000000001f0       0x20 /tmp/ccV2yQQm.o
 .debug_aranges
                0x0000000000000210       0x20 /tmp/cclzyV5c.o
 .debug_aranges
                0x0000000000000230       0x20 /tmp/cc1Udlq3.o
 .debug_aranges
                0x0000000000000250       0x48 /tmp/ccQHLlQT.o
 .debug_aranges
                0x0000000000000298       0x20 /tmp/ccn1GxmK.o
 .debug_aranges
                0x00000000000002b8       0x20 /tmp/cccN7rYA.o
 .debug_aranges
                0x00000000000002d8       0x20 /tmp/ccD6mmJr.o
 .debug_aranges
                0x00000000000002f8       0x18 /tmp/cc1uWOwi.o
 .debug_aranges
                0x0000000000000310       0x20 /tmp/ccT5k8o9.o
 .debug_aranges
                0x0000000000000330       0x20 /tmp/ccC4lfm0.o
 .debug_aranges
                0x0000000000000350       0x20 /tmp/ccDZl6oR.o
 .debug_aranges
                0x0000000000000370       0x20 /tmp/ccwaZXwI.o
 .debug_aranges
                0x0000000000000390       0x28 /tmp/ccKLytFz.o
 .debug_aranges
                0x00000000000003b8       0x20 /usr/lib/gcc/arm-none-eabi/4.8.2/../../../arm-none-eabi/lib/armv7-m/libg.a(lib_a-atexit.o)
 .debug_aranges
                0x00000000000003d8       0x20 /usr/lib/gcc/arm-none-eabi/4.8.2/../../../arm-none-eabi/lib/armv7-m/libg.a(lib_a-exit.o)
 .debug_aranges
                0x00000000000003f8       0x20 /usr/lib/gcc/arm-none-eabi/4.8.2/../../../arm-none-eabi/lib/armv7-m/libg.a(lib_a-fini.o)
 .debug_aranges
                0x0000000000000418       0x18 /usr/lib/gcc/arm-none-eabi/4.8.2/../../../arm-none-eabi/lib/armv7-m/libg.a(lib_a-impure.o)
 .debug_aranges
                0x0000000000000430       0x20 /usr/lib/gcc/arm-none-eabi/4.8.2/../../../arm-none-eabi/lib/armv7-m/libg.a(lib_a-init.o)
 .debug_aranges
                0x0000000000000450       0x20 /usr/lib/gcc/arm-none-eabi/4.8.2/../../../arm-none-eabi/lib/armv7-m/libg.a(lib_a-memcpy.o)
 .debug_aranges
                0x0000000000000470       0x20 /usr/lib/gcc/arm-none-eabi/4.8.2/../../../arm-none-eabi/lib/armv7-m/libg.a(lib_a-memset.o)
 .debug_aranges
                0x0000000000000490       0x20 /usr/lib/gcc/arm-none-eabi/4.8.2/../../../arm-none-eabi/lib/armv7-m/libg.a(lib_a-__atexit.o)
 .debug_aranges
                0x00000000000004b0       0x28 /usr/lib/gcc/arm-none-eabi/4.8.2/../../../arm-none-eabi/lib/armv7-m/libg.a(lib_a-__call_atexit.o)
 .debug_aranges
                0x00000000000004d8       0x20 /usr/lib/gcc/arm-none-eabi/4.8.2/../../../arm-none-eabi/lib/armv7-m/libnosys.a(_exit.o)

.debug_str      0x0000000000000000     0x4b14
 .debug_str     0x0000000000000000      0x2c7 /tmp/ccOG1lUW.o
                                        0x311 (size before relaxing)
 .debug_str     0x00000000000002c7      0x152 /tmp/ccGmSzoL.o
                                        0x266 (size before relaxing)
 .debug_str     0x0000000000000419      0xb87 /tmp/cc5wGu5z.o
                                        0xd99 (size before relaxing)
 .debug_str     0x0000000000000fa0      0x2ac /tmp/ccXb0nSo.o
                                        0x4b8 (size before relaxing)
 .debug_str     0x000000000000124c      0x487 /tmp/ccFDHYOd.o
                                        0x70c (size before relaxing)
 .debug_str     0x00000000000016d3       0x36 /tmp/ccDYidP2.o
                                        0x117 (size before relaxing)
 .debug_str     0x0000000000001709       0x34 /tmp/ccQYZWTR.o
                                        0x115 (size before relaxing)
 .debug_str     0x000000000000173d      0x27c /tmp/cc5aFU2G.o
                                        0x3da (size before relaxing)
 .debug_str     0x00000000000019b9      0x2a5 /tmp/ccFZYajw.o
                                        0x401 (size before relaxing)
 .debug_str     0x0000000000001c5e      0x31f /tmp/ccgh1wHl.o
                                        0x4d7 (size before relaxing)
 .debug_str     0x0000000000001f7d      0x3db /tmp/cc5KEMhb.o
                                        0x673 (size before relaxing)
 .debug_str     0x0000000000002358      0x146 /tmp/ccluTkY0.o
                                        0x376 (size before relaxing)
 .debug_str     0x000000000000249e      0x24b /tmp/ccZL95KQ.o
                                        0x45c (size before relaxing)
 .debug_str     0x00000000000026e9      0x442 /tmp/ccPiJsGG.o
                                        0x734 (size before relaxing)
 .debug_str     0x0000000000002b2b      0x4d6 /tmp/cc2k04Hw.o
                                        0x6f5 (size before relaxing)
 .debug_str     0x0000000000003001      0x436 /tmp/ccV2yQQm.o
                                        0x980 (size before relaxing)
 .debug_str     0x0000000000003437      0x24d /tmp/cclzyV5c.o
                                        0x4b4 (size before relaxing)
 .debug_str     0x0000000000003684      0x13f /tmp/cc1Udlq3.o
                                        0x2a9 (size before relaxing)
 .debug_str     0x00000000000037c3      0x15f /tmp/ccQHLlQT.o
                                        0x34f (size before relaxing)
 .debug_str     0x0000000000003922      0x261 /tmp/ccn1GxmK.o
                                        0x457 (size before relaxing)
 .debug_str     0x0000000000003b83      0x193 /tmp/cccN7rYA.o
                                        0x69a (size before relaxing)
 .debug_str     0x0000000000003d16      0x3fd /tmp/ccD6mmJr.o
                                        0x93f (size before relaxing)
 .debug_str     0x0000000000004113        0xf /tmp/cc1uWOwi.o
                                        0x117 (size before relaxing)
 .debug_str     0x0000000000004122       0x23 /tmp/ccT5k8o9.o
                                        0x155 (size before relaxing)
 .debug_str     0x0000000000004145       0x18 /tmp/ccC4lfm0.o
                                        0x482 (size before relaxing)
 .debug_str     0x000000000000415d       0x61 /tmp/ccDZl6oR.o
                                        0x3fb (size before relaxing)
 .debug_str     0x00000000000041be       0x5c /tmp/ccwaZXwI.o
                                        0x293 (size before relaxing)
 .debug_str     0x000000000000421a      0x140 /usr/lib/gcc/arm-none-eabi/4.8.2/../../../arm-none-eabi/lib/armv7-m/libg.a(lib_a-atexit.o)
                                        0x1d9 (size before relaxing)
 .debug_str     0x000000000000435a      0x3f0 /usr/lib/gcc/arm-none-eabi/4.8.2/../../../arm-none-eabi/lib/armv7-m/libg.a(lib_a-exit.o)
                                        0x576 (size before relaxing)
 .debug_str     0x000000000000474a       0xa8 /usr/lib/gcc/arm-none-eabi/4.8.2/../../../arm-none-eabi/lib/armv7-m/libg.a(lib_a-fini.o)
                                        0x1d1 (size before relaxing)
 .debug_str     0x00000000000047f2       0x82 /usr/lib/gcc/arm-none-eabi/4.8.2/../../../arm-none-eabi/lib/armv7-m/libg.a(lib_a-impure.o)
                                        0x56d (size before relaxing)
 .debug_str     0x0000000000004874       0x90 /usr/lib/gcc/arm-none-eabi/4.8.2/../../../arm-none-eabi/lib/armv7-m/libg.a(lib_a-init.o)
                                        0x1fb (size before relaxing)
 .debug_str     0x0000000000004904       0x93 /usr/lib/gcc/arm-none-eabi/4.8.2/../../../arm-none-eabi/lib/armv7-m/libg.a(lib_a-memset.o)
                                        0x1b0 (size before relaxing)
 .debug_str     0x0000000000004997       0x30 /usr/lib/gcc/arm-none-eabi/4.8.2/../../../arm-none-eabi/lib/armv7-m/libg.a(lib_a-__atexit.o)
                                        0x5b5 (size before relaxing)
 .debug_str     0x00000000000049c7       0x70 /usr/lib/gcc/arm-none-eabi/4.8.2/../../../arm-none-eabi/lib/armv7-m/libg.a(lib_a-__call_atexit.o)
                                        0x5cd (size before relaxing)
 .debug_str     0x0000000000004a37       0xdd /usr/lib/gcc/arm-none-eabi/4.8.2/../../../arm-none-eabi/lib/armv7-m/libnosys.a(_exit.o)
                                         0xe3 (size before relaxing)

.debug_frame    0x0000000000000000     0x2624
 .debug_frame   0x0000000000000000       0xd0 /tmp/ccOG1lUW.o
 .debug_frame   0x00000000000000d0       0x9c /tmp/ccGmSzoL.o
 .debug_frame   0x000000000000016c      0x60c /tmp/cc5wGu5z.o
 .debug_frame   0x0000000000000778      0x168 /tmp/ccXb0nSo.o
 .debug_frame   0x00000000000008e0      0x37c /tmp/ccFDHYOd.o
 .debug_frame   0x0000000000000c5c      0x178 /tmp/cc5aFU2G.o
 .debug_frame   0x0000000000000dd4       0xf4 /tmp/ccFZYajw.o
 .debug_frame   0x0000000000000ec8      0x13c /tmp/ccgh1wHl.o
 .debug_frame   0x0000000000001004      0x1cc /tmp/cc5KEMhb.o
 .debug_frame   0x00000000000011d0       0x68 /tmp/ccluTkY0.o
 .debug_frame   0x0000000000001238      0x170 /tmp/ccZL95KQ.o
 .debug_frame   0x00000000000013a8      0x2f8 /tmp/ccPiJsGG.o
 .debug_frame   0x00000000000016a0      0x1f0 /tmp/cc2k04Hw.o
 .debug_frame   0x0000000000001890      0x378 /tmp/ccV2yQQm.o
 .debug_frame   0x0000000000001c08      0x1d0 /tmp/cclzyV5c.o
 .debug_frame   0x0000000000001dd8       0xd0 /tmp/cc1Udlq3.o
 .debug_frame   0x0000000000001ea8       0xc0 /tmp/ccQHLlQT.o
 .debug_frame   0x0000000000001f68      0x140 /tmp/ccn1GxmK.o
 .debug_frame   0x00000000000020a8       0xe8 /tmp/cccN7rYA.o
 .debug_frame   0x0000000000002190      0x200 /tmp/ccD6mmJr.o
 .debug_frame   0x0000000000002390       0x2c /tmp/ccT5k8o9.o
 .debug_frame   0x00000000000023bc       0x30 /tmp/ccC4lfm0.o
 .debug_frame   0x00000000000023ec       0x90 /tmp/ccDZl6oR.o
 .debug_frame   0x000000000000247c       0x44 /tmp/ccwaZXwI.o
 .debug_frame   0x00000000000024c0       0x20 /usr/lib/gcc/arm-none-eabi/4.8.2/../../../arm-none-eabi/lib/armv7-m/libg.a(lib_a-atexit.o)
 .debug_frame   0x00000000000024e0       0x28 /usr/lib/gcc/arm-none-eabi/4.8.2/../../../arm-none-eabi/lib/armv7-m/libg.a(lib_a-exit.o)
 .debug_frame   0x0000000000002508       0x2c /usr/lib/gcc/arm-none-eabi/4.8.2/../../../arm-none-eabi/lib/armv7-m/libg.a(lib_a-fini.o)
 .debug_frame   0x0000000000002534       0x2c /usr/lib/gcc/arm-none-eabi/4.8.2/../../../arm-none-eabi/lib/armv7-m/libg.a(lib_a-init.o)
 .debug_frame   0x0000000000002560       0x2c /usr/lib/gcc/arm-none-eabi/4.8.2/../../../arm-none-eabi/lib/armv7-m/libg.a(lib_a-memset.o)
 .debug_frame   0x000000000000258c       0x30 /usr/lib/gcc/arm-none-eabi/4.8.2/../../../arm-none-eabi/lib/armv7-m/libg.a(lib_a-__atexit.o)
 .debug_frame   0x00000000000025bc       0x48 /usr/lib/gcc/arm-none-eabi/4.8.2/../../../arm-none-eabi/lib/armv7-m/libg.a(lib_a-__call_atexit.o)
 .debug_frame   0x0000000000002604       0x20 /usr/lib/gcc/arm-none-eabi/4.8.2/../../../arm-none-eabi/lib/armv7-m/libnosys.a(_exit.o)

.debug_ranges   0x0000000000000000      0x100
 .debug_ranges  0x0000000000000000       0x38 /tmp/ccQHLlQT.o
 .debug_ranges  0x0000000000000038       0x20 /tmp/ccKLytFz.o
 .debug_ranges  0x0000000000000058       0x10 /usr/lib/gcc/arm-none-eabi/4.8.2/../../../arm-none-eabi/lib/armv7-m/libg.a(lib_a-atexit.o)
 .debug_ranges  0x0000000000000068       0x10 /usr/lib/gcc/arm-none-eabi/4.8.2/../../../arm-none-eabi/lib/armv7-m/libg.a(lib_a-exit.o)
 .debug_ranges  0x0000000000000078       0x10 /usr/lib/gcc/arm-none-eabi/4.8.2/../../../arm-none-eabi/lib/armv7-m/libg.a(lib_a-fini.o)
 .debug_ranges  0x0000000000000088       0x10 /usr/lib/gcc/arm-none-eabi/4.8.2/../../../arm-none-eabi/lib/armv7-m/libg.a(lib_a-init.o)
 .debug_ranges  0x0000000000000098       0x10 /usr/lib/gcc/arm-none-eabi/4.8.2/../../../arm-none-eabi/lib/armv7-m/libg.a(lib_a-memset.o)
 .debug_ranges  0x00000000000000a8       0x10 /usr/lib/gcc/arm-none-eabi/4.8.2/../../../arm-none-eabi/lib/armv7-m/libg.a(lib_a-__atexit.o)
 .debug_ranges  0x00000000000000b8       0x38 /usr/lib/gcc/arm-none-eabi/4.8.2/../../../arm-none-eabi/lib/armv7-m/libg.a(lib_a-__call_atexit.o)
 .debug_ranges  0x00000000000000f0       0x10 /usr/lib/gcc/arm-none-eabi/4.8.2/../../../arm-none-eabi/lib/armv7-m/libnosys.a(_exit.o)

.debug_loc      0x0000000000000000      0x581
 .debug_loc     0x0000000000000000       0x2c /usr/lib/gcc/arm-none-eabi/4.8.2/../../../arm-none-eabi/lib/armv7-m/libg.a(lib_a-atexit.o)
 .debug_loc     0x000000000000002c       0x1e /usr/lib/gcc/arm-none-eabi/4.8.2/../../../arm-none-eabi/lib/armv7-m/libg.a(lib_a-exit.o)
 .debug_loc     0x000000000000004a       0x5c /usr/lib/gcc/arm-none-eabi/4.8.2/../../../arm-none-eabi/lib/armv7-m/libg.a(lib_a-fini.o)
 .debug_loc     0x00000000000000a6       0xae /usr/lib/gcc/arm-none-eabi/4.8.2/../../../arm-none-eabi/lib/armv7-m/libg.a(lib_a-init.o)
 .debug_loc     0x0000000000000154      0x18b /usr/lib/gcc/arm-none-eabi/4.8.2/../../../arm-none-eabi/lib/armv7-m/libg.a(lib_a-memset.o)
 .debug_loc     0x00000000000002df      0x14d /usr/lib/gcc/arm-none-eabi/4.8.2/../../../arm-none-eabi/lib/armv7-m/libg.a(lib_a-__atexit.o)
 .debug_loc     0x000000000000042c      0x155 /usr/lib/gcc/arm-none-eabi/4.8.2/../../../arm-none-eabi/lib/armv7-m/libg.a(lib_a-__call_atexit.o)
